Archive member included to satisfy reference by file (symbol)

/usr/lib/gcc/arm-none-eabi/9.2.1/thumb/v6-m/nofp/libgcc.a(_dvmd_tls.o)
                              CMakeFiles/AUV-BBM.dir/home/raven/pico/pico-sdk/src/rp2_common/pico_divider/divider.S.obj (__aeabi_idiv0)
/usr/lib/gcc/arm-none-eabi/9.2.1/../../../arm-none-eabi/lib/thumb/v6-m/nofp/libc.a(lib_a-atexit.o)
                              /usr/lib/gcc/arm-none-eabi/9.2.1/../../../arm-none-eabi/lib/thumb/v6-m/nofp/crt0.o (atexit)
/usr/lib/gcc/arm-none-eabi/9.2.1/../../../arm-none-eabi/lib/thumb/v6-m/nofp/libc.a(lib_a-calloc.o)
                              CMakeFiles/AUV-BBM.dir/home/raven/pico/pico-sdk/src/rp2_common/pico_malloc/pico_malloc.c.obj (calloc)
/usr/lib/gcc/arm-none-eabi/9.2.1/../../../arm-none-eabi/lib/thumb/v6-m/nofp/libc.a(lib_a-callocr.o)
                              /usr/lib/gcc/arm-none-eabi/9.2.1/../../../arm-none-eabi/lib/thumb/v6-m/nofp/libc.a(lib_a-calloc.o) (_calloc_r)
/usr/lib/gcc/arm-none-eabi/9.2.1/../../../arm-none-eabi/lib/thumb/v6-m/nofp/libc.a(lib_a-fini.o)
                              /usr/lib/gcc/arm-none-eabi/9.2.1/../../../arm-none-eabi/lib/thumb/v6-m/nofp/crt0.o (__libc_fini_array)
/usr/lib/gcc/arm-none-eabi/9.2.1/../../../arm-none-eabi/lib/thumb/v6-m/nofp/libc.a(lib_a-impure.o)
                              /usr/lib/gcc/arm-none-eabi/9.2.1/../../../arm-none-eabi/lib/thumb/v6-m/nofp/libc.a(lib_a-calloc.o) (_impure_ptr)
/usr/lib/gcc/arm-none-eabi/9.2.1/../../../arm-none-eabi/lib/thumb/v6-m/nofp/libc.a(lib_a-init.o)
                              /usr/lib/gcc/arm-none-eabi/9.2.1/../../../arm-none-eabi/lib/thumb/v6-m/nofp/crt0.o (__libc_init_array)
/usr/lib/gcc/arm-none-eabi/9.2.1/../../../arm-none-eabi/lib/thumb/v6-m/nofp/libc.a(lib_a-malloc.o)
                              CMakeFiles/AUV-BBM.dir/home/raven/pico/pico-sdk/src/rp2_common/pico_malloc/pico_malloc.c.obj (malloc)
/usr/lib/gcc/arm-none-eabi/9.2.1/../../../arm-none-eabi/lib/thumb/v6-m/nofp/libc.a(lib_a-mallocr.o)
                              /usr/lib/gcc/arm-none-eabi/9.2.1/../../../arm-none-eabi/lib/thumb/v6-m/nofp/libc.a(lib_a-callocr.o) (_malloc_r)
/usr/lib/gcc/arm-none-eabi/9.2.1/../../../arm-none-eabi/lib/thumb/v6-m/nofp/libc.a(lib_a-mlock.o)
                              /usr/lib/gcc/arm-none-eabi/9.2.1/../../../arm-none-eabi/lib/thumb/v6-m/nofp/libc.a(lib_a-mallocr.o) (__malloc_lock)
/usr/lib/gcc/arm-none-eabi/9.2.1/../../../arm-none-eabi/lib/thumb/v6-m/nofp/libc.a(lib_a-realloc.o)
                              CMakeFiles/AUV-BBM.dir/home/raven/pico/pico-sdk/src/rp2_common/pico_malloc/pico_malloc.c.obj (realloc)
/usr/lib/gcc/arm-none-eabi/9.2.1/../../../arm-none-eabi/lib/thumb/v6-m/nofp/libc.a(lib_a-reallocr.o)
                              /usr/lib/gcc/arm-none-eabi/9.2.1/../../../arm-none-eabi/lib/thumb/v6-m/nofp/libc.a(lib_a-realloc.o) (_realloc_r)
/usr/lib/gcc/arm-none-eabi/9.2.1/../../../arm-none-eabi/lib/thumb/v6-m/nofp/libc.a(lib_a-sbrkr.o)
                              /usr/lib/gcc/arm-none-eabi/9.2.1/../../../arm-none-eabi/lib/thumb/v6-m/nofp/libc.a(lib_a-mallocr.o) (_sbrk_r)
/usr/lib/gcc/arm-none-eabi/9.2.1/../../../arm-none-eabi/lib/thumb/v6-m/nofp/libc.a(lib_a-strlen-stub.o)
                              CMakeFiles/AUV-BBM.dir/home/raven/pico/pico-sdk/src/rp2_common/pico_stdio/stdio.c.obj (strlen)
/usr/lib/gcc/arm-none-eabi/9.2.1/../../../arm-none-eabi/lib/thumb/v6-m/nofp/libc.a(lib_a-__atexit.o)
                              /usr/lib/gcc/arm-none-eabi/9.2.1/../../../arm-none-eabi/lib/thumb/v6-m/nofp/libc.a(lib_a-atexit.o) (__register_exitproc)
/usr/lib/gcc/arm-none-eabi/9.2.1/../../../arm-none-eabi/lib/thumb/v6-m/nofp/libc.a(lib_a-freer.o)
                              /usr/lib/gcc/arm-none-eabi/9.2.1/../../../arm-none-eabi/lib/thumb/v6-m/nofp/libc.a(lib_a-malloc.o) (_free_r)
/usr/lib/gcc/arm-none-eabi/9.2.1/../../../arm-none-eabi/lib/thumb/v6-m/nofp/libc.a(lib_a-memmove.o)
                              /usr/lib/gcc/arm-none-eabi/9.2.1/../../../arm-none-eabi/lib/thumb/v6-m/nofp/libc.a(lib_a-reallocr.o) (memmove)
/usr/lib/gcc/arm-none-eabi/9.2.1/../../../arm-none-eabi/lib/thumb/v6-m/nofp/libc.a(lib_a-reent.o)
                              /usr/lib/gcc/arm-none-eabi/9.2.1/../../../arm-none-eabi/lib/thumb/v6-m/nofp/libc.a(lib_a-sbrkr.o) (errno)

Allocating common symbols
Common symbol       size              file

sf_table            0x100             CMakeFiles/AUV-BBM.dir/home/raven/pico/pico-sdk/src/rp2_common/pico_float/float_init_rom.c.obj
errno               0x4               /usr/lib/gcc/arm-none-eabi/9.2.1/../../../arm-none-eabi/lib/thumb/v6-m/nofp/libc.a(lib_a-reent.o)
_usbd_qdef_buf      0xc0              CMakeFiles/AUV-BBM.dir/home/raven/pico/pico-sdk/lib/tinyusb/src/device/usbd.c.obj
sd_table            0x100             CMakeFiles/AUV-BBM.dir/home/raven/pico/pico-sdk/src/rp2_common/pico_double/double_init_rom.c.obj
uart_char_to_line_feed
[...]
Memory Configuration

Name             Origin             Length             Attributes
FLASH            0x0000000010000000 0x0000000000200000 xr
RAM              0x0000000020000000 0x0000000000040000 xrw
SCRATCH_X        0x0000000020040000 0x0000000000001000 xrw
SCRATCH_Y        0x0000000020041000 0x0000000000001000 xrw
*default*        0x0000000000000000 0xffffffffffffffff

Linker script and memory map

LOAD /usr/lib/gcc/arm-none-eabi/9.2.1/thumb/v6-m/nofp/crti.o
LOAD /usr/lib/gcc/arm-none-eabi/9.2.1/thumb/v6-m/nofp/crtbegin.o
LOAD /usr/lib/gcc/arm-none-eabi/9.2.1/../../../arm-none-eabi/lib/thumb/v6-m/nofp/crt0.o

.flash_begin    0x0000000010000000        0x0
                0x0000000010000000                __flash_binary_start = .

.boot2          0x0000000010000000      0x100
                0x0000000010000000                __boot2_start__ = .
 *(.boot2)
 .boot2         0x0000000010000000      0x100 /tmp/ccoG2dsQ.o
                0x0000000010000100                __boot2_end__ = .
                0x0000000000000001                ASSERT (((__boot2_end__ - __boot2_start__) == 0x100), ERROR: Pico second stage bootloader must be 256 bytes in size)

.text           0x0000000010000100     0x7ca8
                0x0000000010000100                __logical_binary_start = .
 *(.vectors)
 .vectors       0x0000000010000100       0xd4 CMakeFiles/AUV-BBM.dir/home/raven/pico/pico-sdk/src/rp2_common/pico_standard_link/crt0.S.obj
                0x0000000010000100                __vectors
                0x0000000010000100                __VECTOR_TABLE
                0x00000000100001c0                isr_invalid
                0x00000000100001c0                __default_isrs_start
                0x00000000100001c2                isr_nmi
                0x00000000100001c4                isr_hardfault
                0x00000000100001c6                isr_svcall
                0x00000000100001c8                isr_pendsv
                0x00000000100001ca                isr_systick
                0x00000000100001cc                isr_irq30
                0x00000000100001cc                __unhandled_user_irq
                0x00000000100001cc                isr_irq13
                0x00000000100001cc                isr_irq27
                0x00000000100001cc                isr_irq31
                0x00000000100001cc                isr_irq5
                0x00000000100001cc                isr_irq11
                0x00000000100001cc                isr_irq23
                0x00000000100001cc                isr_irq18
                0x00000000100001cc                isr_irq28
                0x00000000100001cc                isr_irq19
                0x00000000100001cc                isr_irq0
                0x00000000100001cc                isr_irq6
                0x00000000100001cc                isr_irq22
                0x00000000100001cc                isr_irq17
                0x00000000100001cc                isr_irq14
                0x00000000100001cc                isr_irq2
                0x00000000100001cc                isr_irq10
                0x00000000100001cc                isr_irq8
                0x00000000100001cc                isr_irq24
                0x00000000100001cc                isr_irq1
                0x00000000100001cc                isr_irq7
                0x00000000100001cc                isr_irq21
                0x00000000100001cc                isr_irq20
                0x00000000100001cc                isr_irq15
                0x00000000100001cc                isr_irq25
                0x00000000100001cc                isr_irq4
                0x00000000100001cc                isr_irq16
                0x00000000100001cc                isr_irq29
                0x00000000100001cc                isr_irq26
                0x00000000100001cc                __default_isrs_end
                0x00000000100001cc                isr_irq3
                0x00000000100001cc                isr_irq12
                0x00000000100001cc                isr_irq9
                0x00000000100001d2                unhandled_user_irq_num_in_r0
 *(.binary_info_header)
 .binary_info_header
                0x00000000100001d4       0x14 CMakeFiles/AUV-BBM.dir/home/raven/pico/pico-sdk/src/rp2_common/pico_standard_link/crt0.S.obj
                0x00000000100001e8                __binary_info_header_end = .
 *(.reset)
 .reset         0x00000000100001e8       0xa8 CMakeFiles/AUV-BBM.dir/home/raven/pico/pico-sdk/src/rp2_common/pico_standard_link/crt0.S.obj
                0x00000000100001e8                _entry_point
                0x0000000010000266                __get_current_exception
 .reset         0x0000000010000290       0x30 CMakeFiles/AUV-BBM.dir/home/raven/pico/pico-sdk/src/rp2_common/pico_standard_link/binary_info.c.obj
 *(.init)
 .init          0x00000000100002c0        0x4 /usr/lib/gcc/arm-none-eabi/9.2.1/thumb/v6-m/nofp/crti.o
                0x00000000100002c0                _init
 *(EXCLUDE_FILE(*libm.a: *libc.a:*lib_a-mem*.o *libgcc.a:) .text*)
 .text          0x00000000100002c4       0x98 /usr/lib/gcc/arm-none-eabi/9.2.1/thumb/v6-m/nofp/crtbegin.o
 .text.startup.main
                0x000000001000035c      0x26c CMakeFiles/AUV-BBM.dir/AUV-BBM.cpp.obj
                0x000000001000035c                main
 .text._ZN8pico_pwm5setupEv
                0x00000000100005c8       0x9c CMakeFiles/AUV-BBM.dir/func-pwm.cpp.obj
                0x00000000100005c8                pico_pwm::setup()
 .text._ZN8pico_pwm4dutyEid
                0x0000000010000664       0xac CMakeFiles/AUV-BBM.dir/func-pwm.cpp.obj
                0x0000000010000664                pico_pwm::duty(int, double)
 .text._ZN8pico_i2c5setupEP8i2c_instj
                0x0000000010000710       0x18 CMakeFiles/AUV-BBM.dir/func-i2c.cpp.obj
                0x0000000010000710                pico_i2c::setup(i2c_inst*, unsigned int)
 .text._ZN8pico_i2c5writeEP8i2c_insthhj
                0x0000000010000728       0x20 CMakeFiles/AUV-BBM.dir/func-i2c.cpp.obj
                0x0000000010000728                pico_i2c::write(i2c_inst*, unsigned char, unsigned char, unsigned int)
 .text._ZN8pico_i2c4readEP8i2c_insthhPhj
                0x0000000010000748       0x30 CMakeFiles/AUV-BBM.dir/func-i2c.cpp.obj
                0x0000000010000748                pico_i2c::read(i2c_inst*, unsigned char, unsigned char, unsigned char*, unsigned int)
 .text._ZN11MS5837_02BA5setupEP8i2c_inst
                0x0000000010000778       0x6c CMakeFiles/AUV-BBM.dir/func-MS5837-02BA.cpp.obj
                0x0000000010000778                MS5837_02BA::setup(i2c_inst*)
 .text._ZN11MS5837_02BA13readTempPressEP8i2c_instPdS2_
                0x00000000100007e4      0x284 CMakeFiles/AUV-BBM.dir/func-MS5837-02BA.cpp.obj
                0x00000000100007e4                MS5837_02BA::readTempPress(i2c_inst*, double*, double*)
 .text._ZN6BNO0555setupEP8i2c_inst
                0x0000000010000a68       0x6c CMakeFiles/AUV-BBM.dir/func-BNO055.cpp.obj
                0x0000000010000a68                BNO055::setup(i2c_inst*)
 .text.gpio_set_function
                0x0000000010000ad4       0x30 CMakeFiles/AUV-BBM.dir/home/raven/pico/pico-sdk/src/rp2_common/hardware_gpio/gpio.c.obj
                0x0000000010000ad4                gpio_set_function
 .text.gpio_set_pulls
                0x0000000010000b04       0x30 CMakeFiles/AUV-BBM.dir/home/raven/pico/pico-sdk/src/rp2_common/hardware_gpio/gpio.c.obj
                0x0000000010000b04                gpio_set_pulls
 .text.gpio_init
                0x0000000010000b34       0x3c CMakeFiles/AUV-BBM.dir/home/raven/pico/pico-sdk/src/rp2_common/hardware_gpio/gpio.c.obj
                0x0000000010000b34                gpio_init
 .text.hw_claim_or_assert
                0x0000000010000b70       0x48 CMakeFiles/AUV-BBM.dir/home/raven/pico/pico-sdk/src/rp2_common/hardware_claim/claim.c.obj
                0x0000000010000b70                hw_claim_or_assert
 .text.hw_claim_unused_from_range
                0x0000000010000bb8       0x9c CMakeFiles/AUV-BBM.dir/home/raven/pico/pico-sdk/src/rp2_common/hardware_claim/claim.c.obj
                0x0000000010000bb8                hw_claim_unused_from_range
 .text.running_on_fpga
                0x0000000010000c54       0x10 CMakeFiles/AUV-BBM.dir/home/raven/pico/pico-sdk/src/rp2_common/pico_platform/platform.c.obj
                0x0000000010000c54                running_on_fpga
 .text.spin_locks_reset
                0x0000000010000c64       0x1c CMakeFiles/AUV-BBM.dir/home/raven/pico/pico-sdk/src/rp2_common/hardware_sync/sync.c.obj
                0x0000000010000c64                spin_locks_reset
 .text.next_striped_spin_lock_num
                0x0000000010000c80       0x18 CMakeFiles/AUV-BBM.dir/home/raven/pico/pico-sdk/src/rp2_common/hardware_sync/sync.c.obj
                0x0000000010000c80                next_striped_spin_lock_num
 .text.spin_lock_claim_unused
                0x0000000010000c98       0x20 CMakeFiles/AUV-BBM.dir/home/raven/pico/pico-sdk/src/rp2_common/hardware_sync/sync.c.obj
                0x0000000010000c98                spin_lock_claim_unused
 .text.irq_set_enabled
                0x0000000010000cb8       0x24 CMakeFiles/AUV-BBM.dir/home/raven/pico/pico-sdk/src/rp2_common/hardware_irq/irq.c.obj
                0x0000000010000cb8                irq_set_enabled
 .text.irq_set_pending
                0x0000000010000cdc       0x10 CMakeFiles/AUV-BBM.dir/home/raven/pico/pico-sdk/src/rp2_common/hardware_irq/irq.c.obj
                0x0000000010000cdc                irq_set_pending
 .text.irq_has_shared_handler
                0x0000000010000cec       0x2c CMakeFiles/AUV-BBM.dir/home/raven/pico/pico-sdk/src/rp2_common/hardware_irq/irq.c.obj
                0x0000000010000cec                irq_has_shared_handler
 .text.irq_get_vtable_handler
                0x0000000010000d18       0x10 CMakeFiles/AUV-BBM.dir/home/raven/pico/pico-sdk/src/rp2_common/hardware_irq/irq.c.obj
                0x0000000010000d18                irq_get_vtable_handler
 .text.irq_set_exclusive_handler
                0x0000000010000d28       0x54 CMakeFiles/AUV-BBM.dir/home/raven/pico/pico-sdk/src/rp2_common/hardware_irq/irq.c.obj
                0x0000000010000d28                irq_set_exclusive_handler
 .text.irq_add_shared_handler
                0x0000000010000d7c      0x1c0 CMakeFiles/AUV-BBM.dir/home/raven/pico/pico-sdk/src/rp2_common/hardware_irq/irq.c.obj
                0x0000000010000d7c                irq_add_shared_handler
 .text.irq_remove_handler
                0x0000000010000f3c      0x1b4 CMakeFiles/AUV-BBM.dir/home/raven/pico/pico-sdk/src/rp2_common/hardware_irq/irq.c.obj
                0x0000000010000f3c                irq_remove_handler
 .text.irq_add_tail_to_free_list
                0x00000000100010f0       0xb8 CMakeFiles/AUV-BBM.dir/home/raven/pico/pico-sdk/src/rp2_common/hardware_irq/irq.c.obj
                0x00000000100010f0                irq_add_tail_to_free_list
 .text.irq_init_priorities
                0x00000000100011a8       0x24 CMakeFiles/AUV-BBM.dir/home/raven/pico/pico-sdk/src/rp2_common/hardware_irq/irq.c.obj
                0x00000000100011a8                irq_init_priorities
 .text.user_irq_claim_unused
                0x00000000100011cc       0x30 CMakeFiles/AUV-BBM.dir/home/raven/pico/pico-sdk/src/rp2_common/hardware_irq/irq.c.obj
                0x00000000100011cc                user_irq_claim_unused
 .text.lock_init
                0x00000000100011fc       0x10 CMakeFiles/AUV-BBM.dir/home/raven/pico/pico-sdk/src/common/pico_sync/lock_core.c.obj
                0x00000000100011fc                lock_init
 .text.timer_pool_entry_comparator
                0x000000001000120c       0x34 CMakeFiles/AUV-BBM.dir/home/raven/pico/pico-sdk/src/common/pico_time/time.c.obj
                0x000000001000120c                timer_pool_entry_comparator
 .text.sleep_until_callback
                0x0000000010001240       0x30 CMakeFiles/AUV-BBM.dir/home/raven/pico/pico-sdk/src/common/pico_time/time.c.obj
 .text.alarm_pool_add_alarm_at.constprop.0
                0x0000000010001270      0x128 CMakeFiles/AUV-BBM.dir/home/raven/pico/pico-sdk/src/common/pico_time/time.c.obj
 .text.add_alarm_under_lock
                0x0000000010001398      0x108 CMakeFiles/AUV-BBM.dir/home/raven/pico/pico-sdk/src/common/pico_time/time.c.obj
 .text.alarm_pool_alarm_callback
                0x00000000100014a0      0x1c8 CMakeFiles/AUV-BBM.dir/home/raven/pico/pico-sdk/src/common/pico_time/time.c.obj
 .text.alarm_pool_init_default
                0x0000000010001668       0x64 CMakeFiles/AUV-BBM.dir/home/raven/pico/pico-sdk/src/common/pico_time/time.c.obj
                0x0000000010001668                alarm_pool_init_default
 .text.alarm_pool_get_default
                0x00000000100016cc        0x8 CMakeFiles/AUV-BBM.dir/home/raven/pico/pico-sdk/src/common/pico_time/time.c.obj
                0x00000000100016cc                alarm_pool_get_default
 .text.alarm_pool_add_alarm_at
                0x00000000100016d4      0x1ac CMakeFiles/AUV-BBM.dir/home/raven/pico/pico-sdk/src/common/pico_time/time.c.obj
                0x00000000100016d4                alarm_pool_add_alarm_at
 .text.sleep_until
                0x0000000010001880       0xac CMakeFiles/AUV-BBM.dir/home/raven/pico/pico-sdk/src/common/pico_time/time.c.obj
                0x0000000010001880                sleep_until
 .text.sleep_ms
                0x000000001000192c       0x38 CMakeFiles/AUV-BBM.dir/home/raven/pico/pico-sdk/src/common/pico_time/time.c.obj
                0x000000001000192c                sleep_ms
 .text.best_effort_wfe_or_timeout
                0x0000000010001964       0xd4 CMakeFiles/AUV-BBM.dir/home/raven/pico/pico-sdk/src/common/pico_time/time.c.obj
                0x0000000010001964                best_effort_wfe_or_timeout
 .text.hardware_alarm_irq_handler
                0x0000000010001a38       0xb8 CMakeFiles/AUV-BBM.dir/home/raven/pico/pico-sdk/src/rp2_common/hardware_timer/timer.c.obj
 .text.hardware_alarm_claim
                0x0000000010001af0       0x18 CMakeFiles/AUV-BBM.dir/home/raven/pico/pico-sdk/src/rp2_common/hardware_timer/timer.c.obj
                0x0000000010001af0                hardware_alarm_claim
 .text.time_us_64
                0x0000000010001b08       0x14 CMakeFiles/AUV-BBM.dir/home/raven/pico/pico-sdk/src/rp2_common/hardware_timer/timer.c.obj
                0x0000000010001b08                time_us_64
 .text.busy_wait_until
                0x0000000010001b1c       0x20 CMakeFiles/AUV-BBM.dir/home/raven/pico/pico-sdk/src/rp2_common/hardware_timer/timer.c.obj
                0x0000000010001b1c                busy_wait_until
 .text.hardware_alarm_set_callback
                0x0000000010001b3c       0x8c CMakeFiles/AUV-BBM.dir/home/raven/pico/pico-sdk/src/rp2_common/hardware_timer/timer.c.obj
                0x0000000010001b3c                hardware_alarm_set_callback
 .text.hardware_alarm_set_target
                0x0000000010001bc8       0xe4 CMakeFiles/AUV-BBM.dir/home/raven/pico/pico-sdk/src/rp2_common/hardware_timer/timer.c.obj
                0x0000000010001bc8                hardware_alarm_set_target
 .text.hardware_alarm_cancel
                0x0000000010001cac       0x40 CMakeFiles/AUV-BBM.dir/home/raven/pico/pico-sdk/src/rp2_common/hardware_timer/timer.c.obj
                0x0000000010001cac                hardware_alarm_cancel
 .text.ph_merge_nodes
                0x0000000010001cec       0x68 CMakeFiles/AUV-BBM.dir/home/raven/pico/pico-sdk/src/common/pico_util/pheap.c.obj
 .text.ph_post_alloc_init
                0x0000000010001d54       0x3c CMakeFiles/AUV-BBM.dir/home/raven/pico/pico-sdk/src/common/pico_util/pheap.c.obj
                0x0000000010001d54                ph_post_alloc_init
 .text.ph_merge_two_pass
                0x0000000010001d90       0x90 CMakeFiles/AUV-BBM.dir/home/raven/pico/pico-sdk/src/common/pico_util/pheap.c.obj
                0x0000000010001d90                ph_merge_two_pass
 .text.ph_remove_any_head
                0x0000000010001e20       0xf8 CMakeFiles/AUV-BBM.dir/home/raven/pico/pico-sdk/src/common/pico_util/pheap.c.obj
 .text.ph_remove_head
                0x0000000010001f18      0x13c CMakeFiles/AUV-BBM.dir/home/raven/pico/pico-sdk/src/common/pico_util/pheap.c.obj
                0x0000000010001f18                ph_remove_head
 .text.ph_remove_and_free_node
                0x0000000010002054       0x7c CMakeFiles/AUV-BBM.dir/home/raven/pico/pico-sdk/src/common/pico_util/pheap.c.obj
                0x0000000010002054                ph_remove_and_free_node
 .text.mutex_init
                0x00000000100020d0       0x1c CMakeFiles/AUV-BBM.dir/home/raven/pico/pico-sdk/src/common/pico_sync/mutex.c.obj
                0x00000000100020d0                mutex_init
 .text.recursive_mutex_init
                0x00000000100020ec       0x1c CMakeFiles/AUV-BBM.dir/home/raven/pico/pico-sdk/src/common/pico_sync/mutex.c.obj
                0x00000000100020ec                recursive_mutex_init
 .text.critical_section_init
                0x0000000010002108       0x1c CMakeFiles/AUV-BBM.dir/home/raven/pico/pico-sdk/src/common/pico_sync/critical_section.c.obj
                0x0000000010002108                critical_section_init
 .text.runtime_init
                0x0000000010002124       0xf0 CMakeFiles/AUV-BBM.dir/home/raven/pico/pico-sdk/src/rp2_common/pico_runtime/runtime.c.obj
                0x0000000010002124                runtime_init
 .text.exit     0x0000000010002214        0x4 CMakeFiles/AUV-BBM.dir/home/raven/pico/pico-sdk/src/rp2_common/pico_runtime/runtime.c.obj
                0x0000000010002214                exit
 .text.panic    0x0000000010002218       0x30 CMakeFiles/AUV-BBM.dir/home/raven/pico/pico-sdk/src/rp2_common/pico_runtime/runtime.c.obj
                0x0000000010002218                panic
 .text.hard_assertion_failure
                0x0000000010002248        0xc CMakeFiles/AUV-BBM.dir/home/raven/pico/pico-sdk/src/rp2_common/pico_runtime/runtime.c.obj
                0x0000000010002248                hard_assertion_failure
 .text.clocks_init
                0x0000000010002254      0x2bc CMakeFiles/AUV-BBM.dir/home/raven/pico/pico-sdk/src/rp2_common/hardware_clocks/clocks.c.obj
                0x0000000010002254                clocks_init
 .text.clock_get_hz
                0x0000000010002510        0xc CMakeFiles/AUV-BBM.dir/home/raven/pico/pico-sdk/src/rp2_common/hardware_clocks/clocks.c.obj
                0x0000000010002510                clock_get_hz
 .text.pll_init
                0x000000001000251c       0xa8 CMakeFiles/AUV-BBM.dir/home/raven/pico/pico-sdk/src/rp2_common/hardware_pll/pll.c.obj
                0x000000001000251c                pll_init
 .text.watchdog_start_tick
                0x00000000100025c4       0x10 CMakeFiles/AUV-BBM.dir/home/raven/pico/pico-sdk/src/rp2_common/hardware_watchdog/watchdog.c.obj
                0x00000000100025c4                watchdog_start_tick
 .text.watchdog_reboot
                0x00000000100025d4       0x98 CMakeFiles/AUV-BBM.dir/home/raven/pico/pico-sdk/src/rp2_common/hardware_watchdog/watchdog.c.obj
                0x00000000100025d4                watchdog_reboot
 .text.xosc_init
                0x000000001000266c       0x28 CMakeFiles/AUV-BBM.dir/home/raven/pico/pico-sdk/src/rp2_common/hardware_xosc/xosc.c.obj
                0x000000001000266c                xosc_init
 .text._out_null
                0x0000000010002694        0x4 CMakeFiles/AUV-BBM.dir/home/raven/pico/pico-sdk/src/rp2_common/pico_printf/printf.c.obj
 .text._out_rev
                0x0000000010002698       0xd0 CMakeFiles/AUV-BBM.dir/home/raven/pico/pico-sdk/src/rp2_common/pico_printf/printf.c.obj
 .text._ntoa_format
                0x0000000010002768      0x1d0 CMakeFiles/AUV-BBM.dir/home/raven/pico/pico-sdk/src/rp2_common/pico_printf/printf.c.obj
 .text._out_char
                0x0000000010002938       0x10 CMakeFiles/AUV-BBM.dir/home/raven/pico/pico-sdk/src/rp2_common/pico_printf/printf.c.obj
 .text._out_fct
                0x0000000010002948       0x10 CMakeFiles/AUV-BBM.dir/home/raven/pico/pico-sdk/src/rp2_common/pico_printf/printf.c.obj
 .text._etoa    0x0000000010002958      0x478 CMakeFiles/AUV-BBM.dir/home/raven/pico/pico-sdk/src/rp2_common/pico_printf/printf.c.obj
 .text._ftoa    0x0000000010002dd0      0x3e0 CMakeFiles/AUV-BBM.dir/home/raven/pico/pico-sdk/src/rp2_common/pico_printf/printf.c.obj
 .text._vsnprintf
                0x00000000100031b0      0xb08 CMakeFiles/AUV-BBM.dir/home/raven/pico/pico-sdk/src/rp2_common/pico_printf/printf.c.obj
 .text.vfctprintf
                0x0000000010003cb8       0x20 CMakeFiles/AUV-BBM.dir/home/raven/pico/pico-sdk/src/rp2_common/pico_printf/printf.c.obj
                0x0000000010003cb8                vfctprintf
 .text.weak_raw_vprintf
                0x0000000010003cd8       0x30 CMakeFiles/AUV-BBM.dir/home/raven/pico/pico-sdk/src/rp2_common/pico_printf/printf.c.obj
                0x0000000010003cd8                weak_raw_vprintf
 .text          0x0000000010003d08       0x10 CMakeFiles/AUV-BBM.dir/home/raven/pico/pico-sdk/src/rp2_common/pico_bit_ops/bit_ops_aeabi.S.obj
 .text.rom_func_lookup
                0x0000000010003d18       0x10 CMakeFiles/AUV-BBM.dir/home/raven/pico/pico-sdk/src/rp2_common/pico_bootrom/bootrom.c.obj
                0x0000000010003d18                rom_func_lookup
 .text.rom_data_lookup
                0x0000000010003d28       0x10 CMakeFiles/AUV-BBM.dir/home/raven/pico/pico-sdk/src/rp2_common/pico_bootrom/bootrom.c.obj
                0x0000000010003d28                rom_data_lookup
 .text.rom_funcs_lookup
                0x0000000010003d38       0x3c CMakeFiles/AUV-BBM.dir/home/raven/pico/pico-sdk/src/rp2_common/pico_bootrom/bootrom.c.obj
                0x0000000010003d38                rom_funcs_lookup
 .text.__wrap___aeabi_idiv
                0x0000000010003d74       0x50 CMakeFiles/AUV-BBM.dir/home/raven/pico/pico-sdk/src/rp2_common/pico_divider/divider.S.obj
                0x0000000010003d74                __wrap___aeabi_idivmod
                0x0000000010003d74                divmod_s32s32
                0x0000000010003d74                div_s32s32
                0x0000000010003d74                __wrap___aeabi_idiv
                0x0000000010003d7c                divmod_s32s32_unsafe
                0x0000000010003da8                divmod_s32s32_savestate
 .text.__wrap___aeabi_uidiv
                0x0000000010003dc4       0x4c CMakeFiles/AUV-BBM.dir/home/raven/pico/pico-sdk/src/rp2_common/pico_divider/divider.S.obj
                0x0000000010003dc4                __wrap___aeabi_uidiv
                0x0000000010003dc4                __wrap___aeabi_uidivmod
                0x0000000010003dc4                div_u32u32
                0x0000000010003dc4                divmod_u32u32
                0x0000000010003dcc                divmod_u32u32_unsafe
                0x0000000010003df4                divmod_u32u32_savestate
 .text.__wrap___aeabi_ldiv
                0x0000000010003e10      0x434 CMakeFiles/AUV-BBM.dir/home/raven/pico/pico-sdk/src/rp2_common/pico_divider/divider.S.obj
                0x0000000010003e10                div_s64s64
                0x0000000010003e10                divmod_s64s64
                0x0000000010003e10                __wrap___aeabi_ldivmod
                0x0000000010003e48                div_u64u64
                0x0000000010003e48                divmod_u64u64
                0x0000000010003e48                __wrap___aeabi_uldivmod
                0x0000000010003e58                divmod_u64u64_savestate
                0x0000000010003e80                divmod_s64s64_unsafe
                0x0000000010003f08                divmod_u64u64_unsafe
 .text.__wrap___aeabi_darithmetic
                0x0000000010004244       0x80 CMakeFiles/AUV-BBM.dir/home/raven/pico/pico-sdk/src/rp2_common/pico_double/double_aeabi.S.obj
                0x0000000010004244                __wrap___aeabi_drsub
                0x000000001000424a                __wrap___aeabi_dsub
                0x000000001000425c                __wrap___aeabi_dadd
                0x000000001000426e                __wrap___aeabi_ddiv
                0x00000000100042aa                __wrap___aeabi_dmul
 .text.__wrap___aeabi_cdcmple
                0x00000000100042c4       0x6c CMakeFiles/AUV-BBM.dir/home/raven/pico/pico-sdk/src/rp2_common/pico_double/double_aeabi.S.obj
                0x00000000100042c4                __wrap___aeabi_cdrcmple
                0x00000000100042d4                __wrap___aeabi_cdcmple
                0x00000000100042d4                __wrap___aeabi_cdcmpeq
 .text.__wrap___aeabi_dcmplt
                0x0000000010004330        0xc CMakeFiles/AUV-BBM.dir/home/raven/pico/pico-sdk/src/rp2_common/pico_double/double_aeabi.S.obj
                0x0000000010004330                __wrap___aeabi_dcmplt
 .text.__wrap___aeabi_dcmple
                0x000000001000433c       0x10 CMakeFiles/AUV-BBM.dir/home/raven/pico/pico-sdk/src/rp2_common/pico_double/double_aeabi.S.obj
                0x000000001000433c                __wrap___aeabi_dcmple
 .text.__wrap___aeabi_dcmpge
                0x000000001000434c       0x10 CMakeFiles/AUV-BBM.dir/home/raven/pico/pico-sdk/src/rp2_common/pico_double/double_aeabi.S.obj
                0x000000001000434c                __wrap___aeabi_dcmpge
 .text.__wrap___aeabi_dcmpgt
                0x000000001000435c        0xa CMakeFiles/AUV-BBM.dir/home/raven/pico/pico-sdk/src/rp2_common/pico_double/double_aeabi.S.obj
                0x000000001000435c                __wrap___aeabi_dcmpgt
 .text.__wrap___aeabi_dcmpun
                0x0000000010004366       0x1c CMakeFiles/AUV-BBM.dir/home/raven/pico/pico-sdk/src/rp2_common/pico_double/double_aeabi.S.obj
                0x0000000010004366                __wrap___aeabi_dcmpun
 *fill*         0x0000000010004382        0x2 
 .text.__wrap___aeabi_i2d
                0x0000000010004384       0x38 CMakeFiles/AUV-BBM.dir/home/raven/pico/pico-sdk/src/rp2_common/pico_double/double_aeabi.S.obj
                0x0000000010004384                __wrap___aeabi_ui2d
                0x000000001000438c                __wrap___aeabi_i2d
 .text.__wrap___aeabi_d2iz
                0x00000000100043bc       0x48 CMakeFiles/AUV-BBM.dir/home/raven/pico/pico-sdk/src/rp2_common/pico_double/double_aeabi.S.obj
                0x00000000100043bc                __wrap___aeabi_d2iz
                0x00000000100043bc                double2int_z
 .text.__wrap___aeabi_d2uiz
                0x0000000010004404       0x18 CMakeFiles/AUV-BBM.dir/home/raven/pico/pico-sdk/src/rp2_common/pico_double/double_aeabi.S.obj
                0x0000000010004404                double2uint
                0x0000000010004404                __wrap___aeabi_d2uiz
 .text.__wrap___aeabi_l2d
                0x000000001000441c       0x18 CMakeFiles/AUV-BBM.dir/home/raven/pico/pico-sdk/src/rp2_common/pico_double/double_aeabi.S.obj
                0x000000001000441c                __wrap___aeabi_l2d
 .text.__wrap___aeabi_d2lz
                0x0000000010004434       0x26 CMakeFiles/AUV-BBM.dir/home/raven/pico/pico-sdk/src/rp2_common/pico_double/double_aeabi.S.obj
                0x0000000010004434                __wrap___aeabi_d2lz
                0x0000000010004434                double2int64_z
 *fill*         0x000000001000445a        0x2 
 .text.double2int64
                0x000000001000445c       0x18 CMakeFiles/AUV-BBM.dir/home/raven/pico/pico-sdk/src/rp2_common/pico_double/double_aeabi.S.obj
                0x000000001000445c                double2int64
 .text.double2ufix64
                0x0000000010004474       0x18 CMakeFiles/AUV-BBM.dir/home/raven/pico/pico-sdk/src/rp2_common/pico_double/double_aeabi.S.obj
                0x0000000010004474                double2ufix64
 .text.__aeabi_double_init
                0x000000001000448c       0xc0 CMakeFiles/AUV-BBM.dir/home/raven/pico/pico-sdk/src/rp2_common/pico_double/double_init_rom.c.obj
                0x000000001000448c                __aeabi_double_init
 .text.double_table_shim_on_use_helper
                0x000000001000454c       0x2c CMakeFiles/AUV-BBM.dir/home/raven/pico/pico-sdk/src/rp2_common/pico_double/double_v1_rom_shim.S.obj
                0x000000001000454c                double_table_shim_on_use_helper
 .text.__wrap___aeabi_dsub
                0x0000000010004578       0x10 CMakeFiles/AUV-BBM.dir/home/raven/pico/pico-sdk/src/rp2_common/pico_double/double_v1_rom_shim.S.obj
                0x0000000010004578                drsub_shim
                0x000000001000457e                dsub_shim
 .text.dadd_shim
                0x0000000010004588      0x15c CMakeFiles/AUV-BBM.dir/home/raven/pico/pico-sdk/src/rp2_common/pico_double/double_v1_rom_shim.S.obj
                0x0000000010004588                dadd_shim
 .text.dmul_shim
                0x00000000100046e4      0x15c CMakeFiles/AUV-BBM.dir/home/raven/pico/pico-sdk/src/rp2_common/pico_double/double_v1_rom_shim.S.obj
                0x00000000100046e4                dmul_shim
 .text.ddiv_shim
                0x0000000010004840      0x1b0 CMakeFiles/AUV-BBM.dir/home/raven/pico/pico-sdk/src/rp2_common/pico_double/double_v1_rom_shim.S.obj
                0x0000000010004840                ddiv_shim
 .text.double2uint_shim
                0x00000000100049f0        0xe CMakeFiles/AUV-BBM.dir/home/raven/pico/pico-sdk/src/rp2_common/pico_double/double_v1_rom_shim.S.obj
                0x00000000100049f0                double2uint_shim
                0x00000000100049f2                double2ufix_shim
 .text.double2int64_shim
                0x00000000100049fe       0x1a CMakeFiles/AUV-BBM.dir/home/raven/pico/pico-sdk/src/rp2_common/pico_double/double_v1_rom_shim.S.obj
                0x00000000100049fe                double2int64_shim
                0x0000000010004a00                double2fix64_shim
 .text.double2uint64_shim
                0x0000000010004a18       0x70 CMakeFiles/AUV-BBM.dir/home/raven/pico/pico-sdk/src/rp2_common/pico_double/double_v1_rom_shim.S.obj
                0x0000000010004a18                double2uint64_shim
                0x0000000010004a1a                double2ufix64_shim
                0x0000000010004a3a                d2fix_a
 .text.x2double_shims
                0x0000000010004a88       0x90 CMakeFiles/AUV-BBM.dir/home/raven/pico/pico-sdk/src/rp2_common/pico_double/double_v1_rom_shim.S.obj
                0x0000000010004a88                uint2double_shim
                0x0000000010004a8a                ufix2double_shim
                0x0000000010004a90                int2double_shim
                0x0000000010004a92                fix2double_shim
                0x0000000010004a98                uint642double_shim
                0x0000000010004a9a                ufix642double_shim
                0x0000000010004aa0                int642double_shim
                0x0000000010004aa2                fix642double_shim
 .text.dunpacks
                0x0000000010004b18       0x3c CMakeFiles/AUV-BBM.dir/home/raven/pico/pico-sdk/src/rp2_common/pico_double/double_v1_rom_shim.S.obj
                0x0000000010004b18                dunpacks
 .text.__aeabi_lmul
                0x0000000010004b54       0x32 CMakeFiles/AUV-BBM.dir/home/raven/pico/pico-sdk/src/rp2_common/pico_int64_ops/pico_int64_ops_aeabi.S.obj
                0x0000000010004b54                __wrap___aeabi_lmul
 *fill*         0x0000000010004b86        0x2 
 .text.__aeabi_float_init
                0x0000000010004b88       0x64 CMakeFiles/AUV-BBM.dir/home/raven/pico/pico-sdk/src/rp2_common/pico_float/float_init_rom.c.obj
                0x0000000010004b88                __aeabi_float_init
 .text.float_table_shim_on_use_helper
                0x0000000010004bec       0x2c CMakeFiles/AUV-BBM.dir/home/raven/pico/pico-sdk/src/rp2_common/pico_float/float_v1_rom_shim.S.obj
                0x0000000010004bec                float_table_shim_on_use_helper
 .text          0x0000000010004c18       0x10 CMakeFiles/AUV-BBM.dir/home/raven/pico/pico-sdk/src/rp2_common/pico_mem_ops/mem_ops_aeabi.S.obj
                0x0000000010004c18                __aeabi_mem_init
 .text.memset   0x0000000010004c28        0xc CMakeFiles/AUV-BBM.dir/home/raven/pico/pico-sdk/src/rp2_common/pico_mem_ops/mem_ops_aeabi.S.obj
                0x0000000010004c28                __wrap_memset
 .text.memcpy   0x0000000010004c34        0xc CMakeFiles/AUV-BBM.dir/home/raven/pico/pico-sdk/src/rp2_common/pico_mem_ops/mem_ops_aeabi.S.obj
                0x0000000010004c34                __wrap___aeabi_memcpy
                0x0000000010004c34                __wrap_memcpy
 .text.stdio_out_chars_no_crlf
                0x0000000010004c40       0x10 CMakeFiles/AUV-BBM.dir/home/raven/pico/pico-sdk/src/rp2_common/pico_stdio/stdio.c.obj
 .text.stdio_out_chars_crlf
                0x0000000010004c50       0x94 CMakeFiles/AUV-BBM.dir/home/raven/pico/pico-sdk/src/rp2_common/pico_stdio/stdio.c.obj
 .text.stdio_buffered_printer
                0x0000000010004ce4       0x64 CMakeFiles/AUV-BBM.dir/home/raven/pico/pico-sdk/src/rp2_common/pico_stdio/stdio.c.obj
 .text.stdio_put_string
                0x0000000010004d48      0x100 CMakeFiles/AUV-BBM.dir/home/raven/pico/pico-sdk/src/rp2_common/pico_stdio/stdio.c.obj
 .text.__wrap_putchar
                0x0000000010004e48       0xa4 CMakeFiles/AUV-BBM.dir/home/raven/pico/pico-sdk/src/rp2_common/pico_stdio/stdio.c.obj
                0x0000000010004e48                __wrap_putchar
 .text.__wrap_puts
                0x0000000010004eec       0x3c CMakeFiles/AUV-BBM.dir/home/raven/pico/pico-sdk/src/rp2_common/pico_stdio/stdio.c.obj
                0x0000000010004eec                __wrap_puts
 .text.stdio_set_driver_enabled
                0x0000000010004f28       0x30 CMakeFiles/AUV-BBM.dir/home/raven/pico/pico-sdk/src/rp2_common/pico_stdio/stdio.c.obj
                0x0000000010004f28                stdio_set_driver_enabled
 .text.__wrap_vprintf
                0x0000000010004f58       0xd8 CMakeFiles/AUV-BBM.dir/home/raven/pico/pico-sdk/src/rp2_common/pico_stdio/stdio.c.obj
                0x0000000010004f58                __wrap_vprintf
 .text.__wrap_printf
                0x0000000010005030       0x18 CMakeFiles/AUV-BBM.dir/home/raven/pico/pico-sdk/src/rp2_common/pico_stdio/stdio.c.obj
                0x0000000010005030                __wrap_printf
 .text.stdio_init_all
                0x0000000010005048        0x8 CMakeFiles/AUV-BBM.dir/home/raven/pico/pico-sdk/src/rp2_common/pico_stdio/stdio.c.obj
                0x0000000010005048                stdio_init_all
 .text.resetd_init
                0x0000000010005050        0x4 CMakeFiles/AUV-BBM.dir/home/raven/pico/pico-sdk/src/rp2_common/pico_stdio_usb/reset_interface.c.obj
 .text.resetd_reset
                0x0000000010005054        0xc CMakeFiles/AUV-BBM.dir/home/raven/pico/pico-sdk/src/rp2_common/pico_stdio_usb/reset_interface.c.obj
 .text.resetd_open
                0x0000000010005060       0x28 CMakeFiles/AUV-BBM.dir/home/raven/pico/pico-sdk/src/rp2_common/pico_stdio_usb/reset_interface.c.obj
 .text.resetd_xfer_cb
                0x0000000010005088        0x4 CMakeFiles/AUV-BBM.dir/home/raven/pico/pico-sdk/src/rp2_common/pico_stdio_usb/reset_interface.c.obj
 .text.resetd_control_xfer_cb
                0x000000001000508c       0x64 CMakeFiles/AUV-BBM.dir/home/raven/pico/pico-sdk/src/rp2_common/pico_stdio_usb/reset_interface.c.obj
 .text.usbd_app_driver_get_cb
                0x00000000100050f0        0xc CMakeFiles/AUV-BBM.dir/home/raven/pico/pico-sdk/src/rp2_common/pico_stdio_usb/reset_interface.c.obj
                0x00000000100050f0                usbd_app_driver_get_cb
 .text.tud_cdc_line_coding_cb
                0x00000000100050fc       0x34 CMakeFiles/AUV-BBM.dir/home/raven/pico/pico-sdk/src/rp2_common/pico_stdio_usb/reset_interface.c.obj
                0x00000000100050fc                tud_cdc_line_coding_cb
 .text.stdio_usb_in_chars
                0x0000000010005130       0x68 CMakeFiles/AUV-BBM.dir/home/raven/pico/pico-sdk/src/rp2_common/pico_stdio_usb/stdio_usb.c.obj
                0x0000000010005130                stdio_usb_in_chars
 .text.stdio_usb_out_chars
                0x0000000010005198       0xec CMakeFiles/AUV-BBM.dir/home/raven/pico/pico-sdk/src/rp2_common/pico_stdio_usb/stdio_usb.c.obj
 .text.timer_task
                0x0000000010005284       0x18 CMakeFiles/AUV-BBM.dir/home/raven/pico/pico-sdk/src/rp2_common/pico_stdio_usb/stdio_usb.c.obj
 .text.usb_irq  0x000000001000529c       0x10 CMakeFiles/AUV-BBM.dir/home/raven/pico/pico-sdk/src/rp2_common/pico_stdio_usb/stdio_usb.c.obj
 .text.low_priority_worker_irq
                0x00000000100052ac       0x24 CMakeFiles/AUV-BBM.dir/home/raven/pico/pico-sdk/src/rp2_common/pico_stdio_usb/stdio_usb.c.obj
 .text.stdio_usb_init
                0x00000000100052d0       0xb0 CMakeFiles/AUV-BBM.dir/home/raven/pico/pico-sdk/src/rp2_common/pico_stdio_usb/stdio_usb.c.obj
                0x00000000100052d0                stdio_usb_init
 .text.tud_descriptor_device_cb
                0x0000000010005380        0x8 CMakeFiles/AUV-BBM.dir/home/raven/pico/pico-sdk/src/rp2_common/pico_stdio_usb/stdio_usb_descriptors.c.obj
                0x0000000010005380                tud_descriptor_device_cb
 .text.tud_descriptor_configuration_cb
                0x0000000010005388        0x8 CMakeFiles/AUV-BBM.dir/home/raven/pico/pico-sdk/src/rp2_common/pico_stdio_usb/stdio_usb_descriptors.c.obj
                0x0000000010005388                tud_descriptor_configuration_cb
 .text.tud_descriptor_string_cb
                0x0000000010005390       0x70 CMakeFiles/AUV-BBM.dir/home/raven/pico/pico-sdk/src/rp2_common/pico_stdio_usb/stdio_usb_descriptors.c.obj
                0x0000000010005390                tud_descriptor_string_cb
 .text.dcd_rp2040_irq
                0x0000000010005400      0x21c CMakeFiles/AUV-BBM.dir/home/raven/pico/pico-sdk/lib/tinyusb/src/portable/raspberrypi/rp2040/dcd_rp2040.c.obj
 .text.dcd_int_enable
                0x000000001000561c        0xc CMakeFiles/AUV-BBM.dir/home/raven/pico/pico-sdk/lib/tinyusb/src/portable/raspberrypi/rp2040/dcd_rp2040.c.obj
                0x000000001000561c                dcd_int_enable
 .text.dcd_set_address
                0x0000000010005628       0x14 CMakeFiles/AUV-BBM.dir/home/raven/pico/pico-sdk/lib/tinyusb/src/portable/raspberrypi/rp2040/dcd_rp2040.c.obj
                0x0000000010005628                dcd_set_address
 .text.dcd_connect
                0x000000001000563c       0x10 CMakeFiles/AUV-BBM.dir/home/raven/pico/pico-sdk/lib/tinyusb/src/portable/raspberrypi/rp2040/dcd_rp2040.c.obj
                0x000000001000563c                dcd_connect
 .text.dcd_init
                0x000000001000564c      0x148 CMakeFiles/AUV-BBM.dir/home/raven/pico/pico-sdk/lib/tinyusb/src/portable/raspberrypi/rp2040/dcd_rp2040.c.obj
                0x000000001000564c                dcd_init
 .text.dcd_edpt0_status_complete
                0x0000000010005794       0x1c CMakeFiles/AUV-BBM.dir/home/raven/pico/pico-sdk/lib/tinyusb/src/portable/raspberrypi/rp2040/dcd_rp2040.c.obj
                0x0000000010005794                dcd_edpt0_status_complete
 .text.dcd_edpt_open
                0x00000000100057b0       0xf0 CMakeFiles/AUV-BBM.dir/home/raven/pico/pico-sdk/lib/tinyusb/src/portable/raspberrypi/rp2040/dcd_rp2040.c.obj
                0x00000000100057b0                dcd_edpt_open
 .text.dcd_edpt_close_all
                0x00000000100058a0       0xbc CMakeFiles/AUV-BBM.dir/home/raven/pico/pico-sdk/lib/tinyusb/src/portable/raspberrypi/rp2040/dcd_rp2040.c.obj
                0x00000000100058a0                dcd_edpt_close_all
 .text.dcd_edpt_xfer
                0x000000001000595c       0x24 CMakeFiles/AUV-BBM.dir/home/raven/pico/pico-sdk/lib/tinyusb/src/portable/raspberrypi/rp2040/dcd_rp2040.c.obj
                0x000000001000595c                dcd_edpt_xfer
 .text.dcd_edpt_stall
                0x0000000010005980       0x38 CMakeFiles/AUV-BBM.dir/home/raven/pico/pico-sdk/lib/tinyusb/src/portable/raspberrypi/rp2040/dcd_rp2040.c.obj
                0x0000000010005980                dcd_edpt_stall
 .text.dcd_edpt_clear_stall
                0x00000000100059b8       0x30 CMakeFiles/AUV-BBM.dir/home/raven/pico/pico-sdk/lib/tinyusb/src/portable/raspberrypi/rp2040/dcd_rp2040.c.obj
                0x00000000100059b8                dcd_edpt_clear_stall
 .text._hw_endpoint_buffer_control_update32.part.0
                0x00000000100059e8       0x20 CMakeFiles/AUV-BBM.dir/home/raven/pico/pico-sdk/lib/tinyusb/src/portable/raspberrypi/rp2040/rp2040_usb.c.obj
 .text.rp2040_usb_init
                0x0000000010005a08       0x4c CMakeFiles/AUV-BBM.dir/home/raven/pico/pico-sdk/lib/tinyusb/src/portable/raspberrypi/rp2040/rp2040_usb.c.obj
                0x0000000010005a08                rp2040_usb_init
 .text.hw_endpoint_reset_transfer
                0x0000000010005a54        0xc CMakeFiles/AUV-BBM.dir/home/raven/pico/pico-sdk/lib/tinyusb/src/portable/raspberrypi/rp2040/rp2040_usb.c.obj
                0x0000000010005a54                hw_endpoint_reset_transfer
 .text._hw_endpoint_buffer_control_update32
                0x0000000010005a60       0x40 CMakeFiles/AUV-BBM.dir/home/raven/pico/pico-sdk/lib/tinyusb/src/portable/raspberrypi/rp2040/rp2040_usb.c.obj
                0x0000000010005a60                _hw_endpoint_buffer_control_update32
 .text.hw_endpoint_xfer_start
                0x0000000010005aa0      0x138 CMakeFiles/AUV-BBM.dir/home/raven/pico/pico-sdk/lib/tinyusb/src/portable/raspberrypi/rp2040/rp2040_usb.c.obj
                0x0000000010005aa0                hw_endpoint_xfer_start
 .text.hw_endpoint_xfer_continue
                0x0000000010005bd8      0x1e4 CMakeFiles/AUV-BBM.dir/home/raven/pico/pico-sdk/lib/tinyusb/src/portable/raspberrypi/rp2040/rp2040_usb.c.obj
                0x0000000010005bd8                hw_endpoint_xfer_continue
 .text.tud_mounted
                0x0000000010005dbc       0x10 CMakeFiles/AUV-BBM.dir/home/raven/pico/pico-sdk/lib/tinyusb/src/device/usbd.c.obj
                0x0000000010005dbc                tud_mounted
 .text.tud_suspended
                0x0000000010005dcc       0x10 CMakeFiles/AUV-BBM.dir/home/raven/pico/pico-sdk/lib/tinyusb/src/device/usbd.c.obj
                0x0000000010005dcc                tud_suspended
 .text.tud_inited
                0x0000000010005ddc        0xc CMakeFiles/AUV-BBM.dir/home/raven/pico/pico-sdk/lib/tinyusb/src/device/usbd.c.obj
                0x0000000010005ddc                tud_inited
 .text.tud_init
                0x0000000010005de8       0xd8 CMakeFiles/AUV-BBM.dir/home/raven/pico/pico-sdk/lib/tinyusb/src/device/usbd.c.obj
                0x0000000010005de8                tud_init
 .text.tud_task
                0x0000000010005ec0      0x8ec CMakeFiles/AUV-BBM.dir/home/raven/pico/pico-sdk/lib/tinyusb/src/device/usbd.c.obj
                0x0000000010005ec0                tud_task
 .text.dcd_event_bus_signal
                0x00000000100067ac      0x120 CMakeFiles/AUV-BBM.dir/home/raven/pico/pico-sdk/lib/tinyusb/src/device/usbd.c.obj
                0x00000000100067ac                dcd_event_bus_signal
 .text.dcd_event_bus_reset
                0x00000000100068cc       0x54 CMakeFiles/AUV-BBM.dir/home/raven/pico/pico-sdk/lib/tinyusb/src/device/usbd.c.obj
                0x00000000100068cc                dcd_event_bus_reset
 .text.dcd_event_setup_received
                0x0000000010006920       0x50 CMakeFiles/AUV-BBM.dir/home/raven/pico/pico-sdk/lib/tinyusb/src/device/usbd.c.obj
                0x0000000010006920                dcd_event_setup_received
 .text.dcd_event_xfer_complete
                0x0000000010006970       0x68 CMakeFiles/AUV-BBM.dir/home/raven/pico/pico-sdk/lib/tinyusb/src/device/usbd.c.obj
                0x0000000010006970                dcd_event_xfer_complete
 .text.usbd_open_edpt_pair
                0x00000000100069d8       0x80 CMakeFiles/AUV-BBM.dir/home/raven/pico/pico-sdk/lib/tinyusb/src/device/usbd.c.obj
                0x00000000100069d8                usbd_open_edpt_pair
 .text.usbd_edpt_open
                0x0000000010006a58       0x30 CMakeFiles/AUV-BBM.dir/home/raven/pico/pico-sdk/lib/tinyusb/src/device/usbd.c.obj
                0x0000000010006a58                usbd_edpt_open
 .text.usbd_edpt_claim
                0x0000000010006a88       0x64 CMakeFiles/AUV-BBM.dir/home/raven/pico/pico-sdk/lib/tinyusb/src/device/usbd.c.obj
                0x0000000010006a88                usbd_edpt_claim
 .text.usbd_edpt_release
                0x0000000010006aec       0x4c CMakeFiles/AUV-BBM.dir/home/raven/pico/pico-sdk/lib/tinyusb/src/device/usbd.c.obj
                0x0000000010006aec                usbd_edpt_release
 .text.usbd_edpt_xfer
                0x0000000010006b38       0x48 CMakeFiles/AUV-BBM.dir/home/raven/pico/pico-sdk/lib/tinyusb/src/device/usbd.c.obj
                0x0000000010006b38                usbd_edpt_xfer
 .text.tud_control_status
                0x0000000010006b80       0x30 CMakeFiles/AUV-BBM.dir/home/raven/pico/pico-sdk/lib/tinyusb/src/device/usbd_control.c.obj
                0x0000000010006b80                tud_control_status
 .text.tud_control_xfer
                0x0000000010006bb0       0xb8 CMakeFiles/AUV-BBM.dir/home/raven/pico/pico-sdk/lib/tinyusb/src/device/usbd_control.c.obj
                0x0000000010006bb0                tud_control_xfer
 .text.usbd_control_reset
                0x0000000010006c68       0x14 CMakeFiles/AUV-BBM.dir/home/raven/pico/pico-sdk/lib/tinyusb/src/device/usbd_control.c.obj
                0x0000000010006c68                usbd_control_reset
 .text.usbd_control_set_complete_callback
                0x0000000010006c7c        0xc CMakeFiles/AUV-BBM.dir/home/raven/pico/pico-sdk/lib/tinyusb/src/device/usbd_control.c.obj
                0x0000000010006c7c                usbd_control_set_complete_callback
 .text.usbd_control_set_request
                0x0000000010006c88       0x1c CMakeFiles/AUV-BBM.dir/home/raven/pico/pico-sdk/lib/tinyusb/src/device/usbd_control.c.obj
                0x0000000010006c88                usbd_control_set_request
 .text.usbd_control_xfer_cb
                0x0000000010006ca4       0xf8 CMakeFiles/AUV-BBM.dir/home/raven/pico/pico-sdk/lib/tinyusb/src/device/usbd_control.c.obj
                0x0000000010006ca4                usbd_control_xfer_cb
 .text.tud_cdc_n_connected
                0x0000000010006d9c       0x30 CMakeFiles/AUV-BBM.dir/home/raven/pico/pico-sdk/lib/tinyusb/src/class/cdc/cdc_device.c.obj
                0x0000000010006d9c                tud_cdc_n_connected
 .text.tud_cdc_n_available
                0x0000000010006dcc       0x18 CMakeFiles/AUV-BBM.dir/home/raven/pico/pico-sdk/lib/tinyusb/src/class/cdc/cdc_device.c.obj
                0x0000000010006dcc                tud_cdc_n_available
 .text.tud_cdc_n_read
                0x0000000010006de4       0x70 CMakeFiles/AUV-BBM.dir/home/raven/pico/pico-sdk/lib/tinyusb/src/class/cdc/cdc_device.c.obj
                0x0000000010006de4                tud_cdc_n_read
 .text.tud_cdc_n_write_flush
                0x0000000010006e54       0x78 CMakeFiles/AUV-BBM.dir/home/raven/pico/pico-sdk/lib/tinyusb/src/class/cdc/cdc_device.c.obj
                0x0000000010006e54                tud_cdc_n_write_flush
 .text.tud_cdc_n_write
                0x0000000010006ecc       0x34 CMakeFiles/AUV-BBM.dir/home/raven/pico/pico-sdk/lib/tinyusb/src/class/cdc/cdc_device.c.obj
                0x0000000010006ecc                tud_cdc_n_write
 .text.tud_cdc_n_write_available
                0x0000000010006f00       0x18 CMakeFiles/AUV-BBM.dir/home/raven/pico/pico-sdk/lib/tinyusb/src/class/cdc/cdc_device.c.obj
                0x0000000010006f00                tud_cdc_n_write_available
 .text.cdcd_init
                0x0000000010006f18       0x7c CMakeFiles/AUV-BBM.dir/home/raven/pico/pico-sdk/lib/tinyusb/src/class/cdc/cdc_device.c.obj
                0x0000000010006f18                cdcd_init
 .text.cdcd_reset
                0x0000000010006f94       0x2c CMakeFiles/AUV-BBM.dir/home/raven/pico/pico-sdk/lib/tinyusb/src/class/cdc/cdc_device.c.obj
                0x0000000010006f94                cdcd_reset
 .text.cdcd_open
                0x0000000010006fc0       0xe4 CMakeFiles/AUV-BBM.dir/home/raven/pico/pico-sdk/lib/tinyusb/src/class/cdc/cdc_device.c.obj
                0x0000000010006fc0                cdcd_open
 .text.cdcd_control_xfer_cb
                0x00000000100070a4       0xe4 CMakeFiles/AUV-BBM.dir/home/raven/pico/pico-sdk/lib/tinyusb/src/class/cdc/cdc_device.c.obj
                0x00000000100070a4                cdcd_control_xfer_cb
 .text.cdcd_xfer_cb
                0x0000000010007188      0x198 CMakeFiles/AUV-BBM.dir/home/raven/pico/pico-sdk/lib/tinyusb/src/class/cdc/cdc_device.c.obj
                0x0000000010007188                cdcd_xfer_cb
 .text.tusb_init
                0x0000000010007320        0xc CMakeFiles/AUV-BBM.dir/home/raven/pico/pico-sdk/lib/tinyusb/src/tusb.c.obj
                0x0000000010007320                tusb_init
 .text.tusb_inited
                0x000000001000732c        0x8 CMakeFiles/AUV-BBM.dir/home/raven/pico/pico-sdk/lib/tinyusb/src/tusb.c.obj
                0x000000001000732c                tusb_inited
 .text.tu_edpt_validate
                0x0000000010007334       0x78 CMakeFiles/AUV-BBM.dir/home/raven/pico/pico-sdk/lib/tinyusb/src/tusb.c.obj
                0x0000000010007334                tu_edpt_validate
 .text.tu_edpt_bind_driver
                0x00000000100073ac       0x2c CMakeFiles/AUV-BBM.dir/home/raven/pico/pico-sdk/lib/tinyusb/src/tusb.c.obj
                0x00000000100073ac                tu_edpt_bind_driver
 .text.tu_fifo_config
                0x00000000100073d8       0x78 CMakeFiles/AUV-BBM.dir/home/raven/pico/pico-sdk/lib/tinyusb/src/common/tusb_fifo.c.obj
                0x00000000100073d8                tu_fifo_config
 .text.tu_fifo_count
                0x0000000010007450       0x20 CMakeFiles/AUV-BBM.dir/home/raven/pico/pico-sdk/lib/tinyusb/src/common/tusb_fifo.c.obj
                0x0000000010007450                tu_fifo_count
 .text.tu_fifo_empty
                0x0000000010007470       0x10 CMakeFiles/AUV-BBM.dir/home/raven/pico/pico-sdk/lib/tinyusb/src/common/tusb_fifo.c.obj
                0x0000000010007470                tu_fifo_empty
 .text.tu_fifo_remaining
                0x0000000010007480       0x1c CMakeFiles/AUV-BBM.dir/home/raven/pico/pico-sdk/lib/tinyusb/src/common/tusb_fifo.c.obj
                0x0000000010007480                tu_fifo_remaining
 .text.tu_fifo_read
                0x000000001000749c       0x9c CMakeFiles/AUV-BBM.dir/home/raven/pico/pico-sdk/lib/tinyusb/src/common/tusb_fifo.c.obj
                0x000000001000749c                tu_fifo_read
 .text.tu_fifo_read_n
                0x0000000010007538      0x100 CMakeFiles/AUV-BBM.dir/home/raven/pico/pico-sdk/lib/tinyusb/src/common/tusb_fifo.c.obj
                0x0000000010007538                tu_fifo_read_n
 .text.tu_fifo_write
                0x0000000010007638       0x7c CMakeFiles/AUV-BBM.dir/home/raven/pico/pico-sdk/lib/tinyusb/src/common/tusb_fifo.c.obj
                0x0000000010007638                tu_fifo_write
 .text.tu_fifo_write_n
                0x00000000100076b4       0xf8 CMakeFiles/AUV-BBM.dir/home/raven/pico/pico-sdk/lib/tinyusb/src/common/tusb_fifo.c.obj
                0x00000000100076b4                tu_fifo_write_n
 .text.tu_fifo_clear
                0x00000000100077ac       0x4c CMakeFiles/AUV-BBM.dir/home/raven/pico/pico-sdk/lib/tinyusb/src/common/tusb_fifo.c.obj
                0x00000000100077ac                tu_fifo_clear
 .text.tu_fifo_set_overwritable
                0x00000000100077f8       0x3c CMakeFiles/AUV-BBM.dir/home/raven/pico/pico-sdk/lib/tinyusb/src/common/tusb_fifo.c.obj
                0x00000000100077f8                tu_fifo_set_overwritable
 .text.startup._retrieve_unique_id_on_boot
                0x0000000010007834       0x10 CMakeFiles/AUV-BBM.dir/home/raven/pico/pico-sdk/src/rp2_common/pico_unique_id/unique_id.c.obj
 .text.pico_get_unique_board_id_string
                0x0000000010007844      0x1bc CMakeFiles/AUV-BBM.dir/home/raven/pico/pico-sdk/src/rp2_common/pico_unique_id/unique_id.c.obj
                0x0000000010007844                pico_get_unique_board_id_string
 .text.flash_get_unique_id
                0x0000000010007a00       0x40 CMakeFiles/AUV-BBM.dir/home/raven/pico/pico-sdk/src/rp2_common/hardware_flash/flash.c.obj
                0x0000000010007a00                flash_get_unique_id
 .text.i2c_set_baudrate
                0x0000000010007a40       0xc4 CMakeFiles/AUV-BBM.dir/home/raven/pico/pico-sdk/src/rp2_common/hardware_i2c/i2c.c.obj
                0x0000000010007a40                i2c_set_baudrate
 .text.i2c_init
                0x0000000010007b04       0x54 CMakeFiles/AUV-BBM.dir/home/raven/pico/pico-sdk/src/rp2_common/hardware_i2c/i2c.c.obj
                0x0000000010007b04                i2c_init
 .text.i2c_write_blocking
                0x0000000010007b58       0xd8 CMakeFiles/AUV-BBM.dir/home/raven/pico/pico-sdk/src/rp2_common/hardware_i2c/i2c.c.obj
                0x0000000010007b58                i2c_write_blocking
 .text.i2c_read_blocking
                0x0000000010007c30       0x9c CMakeFiles/AUV-BBM.dir/home/raven/pico/pico-sdk/src/rp2_common/hardware_i2c/i2c.c.obj
                0x0000000010007c30                i2c_read_blocking
 .text          0x0000000010007ccc       0x68 /usr/lib/gcc/arm-none-eabi/9.2.1/../../../arm-none-eabi/lib/thumb/v6-m/nofp/libc.a(lib_a-strlen-stub.o)
                0x0000000010007ccc                strlen
 *(.fini)
 .fini          0x0000000010007d34        0x4 /usr/lib/gcc/arm-none-eabi/9.2.1/thumb/v6-m/nofp/crti.o
                0x0000000010007d34                _fini
 .fini.__stub   0x0000000010007d38       0x70 linker stubs
 *crtbegin.o(.ctors)
 *crtbegin?.o(.ctors)
 *(EXCLUDE_FILE(*crtend.o *crtend?.o) .ctors)
 *(SORT_BY_NAME(.ctors.*))
 *(.ctors)
 *crtbegin.o(.dtors)
 *crtbegin?.o(.dtors)
 *(EXCLUDE_FILE(*crtend.o *crtend?.o) .dtors)
 *(SORT_BY_NAME(.dtors.*))
 *(.dtors)
 *(.eh_frame*)
 .eh_frame      0x0000000010007da8        0x0 /usr/lib/gcc/arm-none-eabi/9.2.1/thumb/v6-m/nofp/crtbegin.o
                0x0000000010007da8                . = ALIGN (0x4)

.glue_7         0x0000000010007da8        0x0
 .glue_7        0x0000000010007da8        0x0 linker stubs

.glue_7t        0x0000000010007da8        0x0
 .glue_7t       0x0000000010007da8        0x0 linker stubs

.vfp11_veneer   0x0000000010007da8        0x0
 .vfp11_veneer  0x0000000010007da8        0x0 linker stubs

.v4_bx          0x0000000010007da8        0x0
 .v4_bx         0x0000000010007da8        0x0 linker stubs

.iplt           0x0000000010007da8        0x0
 .iplt          0x0000000010007da8        0x0 /usr/lib/gcc/arm-none-eabi/9.2.1/thumb/v6-m/nofp/crtbegin.o

.rodata         0x0000000010007da8      0x634
 *(EXCLUDE_FILE(*libm.a: *libc.a:*lib_a-mem*.o *libgcc.a:) .rodata*)
 .rodata.main.str1.4
                0x0000000010007da8       0xb4 CMakeFiles/AUV-BBM.dir/AUV-BBM.cpp.obj
                                         0xb8 (size before relaxing)
 .rodata._ZZ4mainE7__bi_42
                0x0000000010007e5c        0x8 CMakeFiles/AUV-BBM.dir/AUV-BBM.cpp.obj
 .rodata._ZL6pwmPin
                0x0000000010007e64        0x8 CMakeFiles/AUV-BBM.dir/func-pwm.cpp.obj
 .rodata        0x0000000010007e6c        0x3 CMakeFiles/AUV-BBM.dir/func-MS5837-02BA.cpp.obj
 *fill*         0x0000000010007e6f        0x1 
 .rodata._ZN6BNO0555setupEP8i2c_inst.str1.4
                0x0000000010007e70       0x55 CMakeFiles/AUV-BBM.dir/func-BNO055.cpp.obj
 *fill*         0x0000000010007ec5        0x3 
 .rodata.spin_lock_claim_unused.str1.4
                0x0000000010007ec8       0x1b CMakeFiles/AUV-BBM.dir/home/raven/pico/pico-sdk/src/rp2_common/hardware_sync/sync.c.obj
 *fill*         0x0000000010007ee3        0x1 
 .rodata.user_irq_claim_unused.str1.4
                0x0000000010007ee4       0x1b CMakeFiles/AUV-BBM.dir/home/raven/pico/pico-sdk/src/rp2_common/hardware_irq/irq.c.obj
 *fill*         0x0000000010007eff        0x1 
 .rodata.hardware_alarm_claim.str1.4
                0x0000000010007f00       0x22 CMakeFiles/AUV-BBM.dir/home/raven/pico/pico-sdk/src/rp2_common/hardware_timer/timer.c.obj
 *fill*         0x0000000010007f22        0x2 
 .rodata.panic.str1.4
                0x0000000010007f24       0x10 CMakeFiles/AUV-BBM.dir/home/raven/pico/pico-sdk/src/rp2_common/pico_runtime/runtime.c.obj
                                         0x12 (size before relaxing)
 .rodata.hard_assertion_failure.str1.4
                0x0000000010007f34        0xc CMakeFiles/AUV-BBM.dir/home/raven/pico/pico-sdk/src/rp2_common/pico_runtime/runtime.c.obj
 .rodata._ftoa.str1.4
                0x0000000010007f40       0x15 CMakeFiles/AUV-BBM.dir/home/raven/pico/pico-sdk/src/rp2_common/pico_printf/printf.c.obj
 *fill*         0x0000000010007f55        0x3 
 .rodata._vsnprintf
                0x0000000010007f58      0x1e0 CMakeFiles/AUV-BBM.dir/home/raven/pico/pico-sdk/src/rp2_common/pico_printf/printf.c.obj
 .rodata.pow10.5444
                0x0000000010008138       0x50 CMakeFiles/AUV-BBM.dir/home/raven/pico/pico-sdk/src/rp2_common/pico_printf/printf.c.obj
 .rodata.str1.4
                0x0000000010008188       0x3c CMakeFiles/AUV-BBM.dir/home/raven/pico/pico-sdk/src/rp2_common/pico_standard_link/binary_info.c.obj
 .rodata.__bi_44
                0x00000000100081c4        0xc CMakeFiles/AUV-BBM.dir/home/raven/pico/pico-sdk/src/rp2_common/pico_standard_link/binary_info.c.obj
 .rodata.__bi_75
                0x00000000100081d0        0xc CMakeFiles/AUV-BBM.dir/home/raven/pico/pico-sdk/src/rp2_common/pico_standard_link/binary_info.c.obj
 .rodata.__bi_81
                0x00000000100081dc        0xc CMakeFiles/AUV-BBM.dir/home/raven/pico/pico-sdk/src/rp2_common/pico_standard_link/binary_info.c.obj
 .rodata.crlf_str.5913
                0x00000000100081e8        0x2 CMakeFiles/AUV-BBM.dir/home/raven/pico/pico-sdk/src/rp2_common/pico_stdio/stdio.c.obj
 *fill*         0x00000000100081ea        0x2 
 .rodata._resetd_driver
                0x00000000100081ec       0x18 CMakeFiles/AUV-BBM.dir/home/raven/pico/pico-sdk/src/rp2_common/pico_stdio_usb/reset_interface.c.obj
 .rodata.str1.4
                0x0000000010008204       0x13 CMakeFiles/AUV-BBM.dir/home/raven/pico/pico-sdk/src/rp2_common/pico_stdio_usb/stdio_usb.c.obj
 *fill*         0x0000000010008217        0x1 
 .rodata.__bi_118.7207
                0x0000000010008218        0xc CMakeFiles/AUV-BBM.dir/home/raven/pico/pico-sdk/src/rp2_common/pico_stdio_usb/stdio_usb.c.obj
 .rodata.str1.4
                0x0000000010008224       0x2a CMakeFiles/AUV-BBM.dir/home/raven/pico/pico-sdk/src/rp2_common/pico_stdio_usb/stdio_usb_descriptors.c.obj
 *fill*         0x000000001000824e        0x2 
 .rodata.usbd_desc_cfg
                0x0000000010008250       0x54 CMakeFiles/AUV-BBM.dir/home/raven/pico/pico-sdk/src/rp2_common/pico_stdio_usb/stdio_usb_descriptors.c.obj
 .rodata.usbd_desc_device
                0x00000000100082a4       0x12 CMakeFiles/AUV-BBM.dir/home/raven/pico/pico-sdk/src/rp2_common/pico_stdio_usb/stdio_usb_descriptors.c.obj
 *fill*         0x00000000100082b6        0x2 
 .rodata.usbd_desc_str
                0x00000000100082b8       0x18 CMakeFiles/AUV-BBM.dir/home/raven/pico/pico-sdk/src/rp2_common/pico_stdio_usb/stdio_usb_descriptors.c.obj
 .rodata.dcd_rp2040_irq.str1.4
                0x00000000100082d0       0x14 CMakeFiles/AUV-BBM.dir/home/raven/pico/pico-sdk/lib/tinyusb/src/portable/raspberrypi/rp2040/dcd_rp2040.c.obj
 .rodata._hw_endpoint_buffer_control_update32.part.0.str1.4
                0x00000000100082e4       0x1f CMakeFiles/AUV-BBM.dir/home/raven/pico/pico-sdk/lib/tinyusb/src/portable/raspberrypi/rp2040/rp2040_usb.c.obj
 *fill*         0x0000000010008303        0x1 
 .rodata.hw_endpoint_xfer_continue.str1.4
                0x0000000010008304       0x29 CMakeFiles/AUV-BBM.dir/home/raven/pico/pico-sdk/lib/tinyusb/src/portable/raspberrypi/rp2040/rp2040_usb.c.obj
 *fill*         0x000000001000832d        0x3 
 .rodata.str1.4
                0x0000000010008330        0x7 CMakeFiles/AUV-BBM.dir/home/raven/pico/pico-sdk/lib/tinyusb/src/portable/raspberrypi/rp2040/rp2040_usb.c.obj
 *fill*         0x0000000010008337        0x1 
 .rodata.tud_task
                0x0000000010008338       0x8c CMakeFiles/AUV-BBM.dir/home/raven/pico/pico-sdk/lib/tinyusb/src/device/usbd.c.obj
 .rodata._usbd_driver
                0x00000000100083c4       0x18 CMakeFiles/AUV-BBM.dir/home/raven/pico/pico-sdk/lib/tinyusb/src/device/usbd.c.obj
                0x00000000100083dc                . = ALIGN (0x4)
 *(SORT_BY_ALIGNMENT(SORT_BY_NAME(.flashdata*)))
                0x00000000100083dc                . = ALIGN (0x4)

.rel.dyn        0x00000000100083dc        0x0
 .rel.iplt      0x00000000100083dc        0x0 /usr/lib/gcc/arm-none-eabi/9.2.1/thumb/v6-m/nofp/crtbegin.o

.ARM.extab
 *(.ARM.extab* .gnu.linkonce.armextab.*)
                0x00000000100083dc                __exidx_start = .

.ARM.exidx
 *(.ARM.exidx* .gnu.linkonce.armexidx.*)
                0x00000000100083dc                __exidx_end = .
                0x00000000100083dc                . = ALIGN (0x4)
                0x00000000100083dc                __binary_info_start = .

.binary_info    0x00000000100083dc       0x24
 *(.binary_info.keep.*)
 .binary_info.keep.__bi_ptr42
                0x00000000100083dc        0x4 CMakeFiles/AUV-BBM.dir/AUV-BBM.cpp.obj
 .binary_info.keep.__bi_ptr22
                0x00000000100083e0        0x4 CMakeFiles/AUV-BBM.dir/home/raven/pico/pico-sdk/src/rp2_common/pico_standard_link/binary_info.c.obj
 .binary_info.keep.__bi_ptr30
                0x00000000100083e4        0x4 CMakeFiles/AUV-BBM.dir/home/raven/pico/pico-sdk/src/rp2_common/pico_standard_link/binary_info.c.obj
 .binary_info.keep.__bi_ptr38
                0x00000000100083e8        0x4 CMakeFiles/AUV-BBM.dir/home/raven/pico/pico-sdk/src/rp2_common/pico_standard_link/binary_info.c.obj
 .binary_info.keep.__bi_ptr44
                0x00000000100083ec        0x4 CMakeFiles/AUV-BBM.dir/home/raven/pico/pico-sdk/src/rp2_common/pico_standard_link/binary_info.c.obj
 .binary_info.keep.__bi_ptr50
                0x00000000100083f0        0x4 CMakeFiles/AUV-BBM.dir/home/raven/pico/pico-sdk/src/rp2_common/pico_standard_link/binary_info.c.obj
 .binary_info.keep.__bi_ptr75
                0x00000000100083f4        0x4 CMakeFiles/AUV-BBM.dir/home/raven/pico/pico-sdk/src/rp2_common/pico_standard_link/binary_info.c.obj
 .binary_info.keep.__bi_ptr81
                0x00000000100083f8        0x4 CMakeFiles/AUV-BBM.dir/home/raven/pico/pico-sdk/src/rp2_common/pico_standard_link/binary_info.c.obj
 *(.binary_info.*)
 .binary_info.__bi_ptr118
                0x00000000100083fc        0x4 CMakeFiles/AUV-BBM.dir/home/raven/pico/pico-sdk/src/rp2_common/pico_stdio_usb/stdio_usb.c.obj
                0x0000000010008400                __binary_info_end = .
                0x0000000010008400                . = ALIGN (0x4)
                0x0000000010008400                __etext = .

.ram_vector_table
                0x0000000020000000       0xc0
 *(.ram_vector_table)
 .ram_vector_table
                0x0000000020000000       0xc0 CMakeFiles/AUV-BBM.dir/home/raven/pico/pico-sdk/src/rp2_common/pico_runtime/runtime.c.obj
                0x0000000020000000                ram_vector_table

.data           0x00000000200000c0      0x3d0 load address 0x0000000010008400
                0x00000000200000c0                __data_start__ = .
 *(vtable)
 *(.time_critical*)
 .time_critical.mutex_enter_blocking
                0x00000000200000c0       0x48 CMakeFiles/AUV-BBM.dir/home/raven/pico/pico-sdk/src/common/pico_sync/mutex.c.obj
                0x00000000200000c0                mutex_enter_blocking
 .time_critical.mutex_try_enter
                0x0000000020000108       0x48 CMakeFiles/AUV-BBM.dir/home/raven/pico/pico-sdk/src/common/pico_sync/mutex.c.obj
                0x0000000020000108                mutex_try_enter
 .time_critical.mutex_enter_timeout_ms
                0x0000000020000150       0x98 CMakeFiles/AUV-BBM.dir/home/raven/pico/pico-sdk/src/common/pico_sync/mutex.c.obj
                0x0000000020000150                mutex_enter_timeout_ms
 .time_critical.mutex_exit
                0x00000000200001e8       0x28 CMakeFiles/AUV-BBM.dir/home/raven/pico/pico-sdk/src/common/pico_sync/mutex.c.obj
                0x00000000200001e8                mutex_exit
 .time_critical.flash_init_boot2_copyout
                0x0000000020000210       0x30 CMakeFiles/AUV-BBM.dir/home/raven/pico/pico-sdk/src/rp2_common/hardware_flash/flash.c.obj
 .time_critical.flash_enable_xip_via_boot2
                0x0000000020000240       0x10 CMakeFiles/AUV-BBM.dir/home/raven/pico/pico-sdk/src/rp2_common/hardware_flash/flash.c.obj
 .time_critical.flash_cs_force
                0x0000000020000250       0x38 CMakeFiles/AUV-BBM.dir/home/raven/pico/pico-sdk/src/rp2_common/hardware_flash/flash.c.obj
 .time_critical.flash_do_cmd
                0x0000000020000288       0xc4 CMakeFiles/AUV-BBM.dir/home/raven/pico/pico-sdk/src/rp2_common/hardware_flash/flash.c.obj
                0x0000000020000288                flash_do_cmd
 *(.text*)
 .text          0x000000002000034c        0x4 /usr/lib/gcc/arm-none-eabi/9.2.1/thumb/v6-m/nofp/libgcc.a(_dvmd_tls.o)
                0x000000002000034c                __aeabi_ldiv0
                0x000000002000034c                __aeabi_idiv0
 .text.__stub   0x0000000020000350       0x30 linker stubs
                0x0000000020000380                . = ALIGN (0x4)
 *(.rodata*)
                0x0000000020000380                . = ALIGN (0x4)
 *(.data*)
 .data.striped_spin_lock_num
                0x0000000020000380        0x1 CMakeFiles/AUV-BBM.dir/home/raven/pico/pico-sdk/src/rp2_common/hardware_sync/sync.c.obj
 *fill*         0x0000000020000381        0x3 
 .data          0x0000000020000384       0x48 CMakeFiles/AUV-BBM.dir/home/raven/pico/pico-sdk/src/rp2_common/hardware_irq/irq_handler_chain.S.obj
                0x0000000020000384                irq_handler_chain_slots
                0x00000000200003b4                irq_handler_chain_first_slot
                0x00000000200003be                irq_handler_chain_remove_tail
 .data.default_alarm_pool
                0x00000000200003cc       0x18 CMakeFiles/AUV-BBM.dir/home/raven/pico/pico-sdk/src/common/pico_time/time.c.obj
 .data.default_alarm_pool_heap
                0x00000000200003e4       0x10 CMakeFiles/AUV-BBM.dir/home/raven/pico/pico-sdk/src/common/pico_time/time.c.obj
 *fill*         0x00000000200003f4        0xc 
 .data.aeabi_bits_funcs
                0x0000000020000400       0x10 CMakeFiles/AUV-BBM.dir/home/raven/pico/pico-sdk/src/rp2_common/pico_bit_ops/bit_ops_aeabi.S.obj
                0x0000000020000400                aeabi_bits_funcs
                0x0000000020000410                aeabi_bits_funcs_end
 .data.aeabi_mem_funcs
                0x0000000020000410       0x10 CMakeFiles/AUV-BBM.dir/home/raven/pico/pico-sdk/src/rp2_common/pico_mem_ops/mem_ops_aeabi.S.obj
                0x0000000020000410                aeabi_mem_funcs
                0x0000000020000420                aeabi_mem_funcs_end
 .data.stdio_usb
                0x0000000020000420       0x14 CMakeFiles/AUV-BBM.dir/home/raven/pico/pico-sdk/src/rp2_common/pico_stdio_usb/stdio_usb.c.obj
                0x0000000020000420                stdio_usb
 .data.ep_dir_string
                0x0000000020000434        0x8 CMakeFiles/AUV-BBM.dir/home/raven/pico/pico-sdk/lib/tinyusb/src/portable/raspberrypi/rp2040/rp2040_usb.c.obj
                0x0000000020000434                ep_dir_string
 .data._usbd_qdef
                0x000000002000043c       0x24 CMakeFiles/AUV-BBM.dir/home/raven/pico/pico-sdk/lib/tinyusb/src/device/usbd.c.obj
                0x000000002000043c                _usbd_qdef
 .data.i2c0_inst
                0x0000000020000460        0x8 CMakeFiles/AUV-BBM.dir/home/raven/pico/pico-sdk/src/rp2_common/hardware_i2c/i2c.c.obj
                0x0000000020000460                i2c0_inst
 .data.i2c1_inst
                0x0000000020000468        0x8 CMakeFiles/AUV-BBM.dir/home/raven/pico/pico-sdk/src/rp2_common/hardware_i2c/i2c.c.obj
                0x0000000020000468                i2c1_inst
                0x0000000020000470                . = ALIGN (0x4)
 *(.after_data.*)
                0x0000000020000470                . = ALIGN (0x4)
                0x0000000020000470                PROVIDE (__mutex_array_start = .)
 *(SORT_BY_NAME(.mutex_array.*))
 *(.mutex_array)
 .mutex_array   0x0000000020000470        0x8 CMakeFiles/AUV-BBM.dir/home/raven/pico/pico-sdk/src/rp2_common/pico_stdio/stdio.c.obj
                0x0000000020000478                PROVIDE (__mutex_array_end = .)
                0x0000000020000478                . = ALIGN (0x4)
                0x0000000020000478                PROVIDE (__preinit_array_start = .)
 *(SORT_BY_NAME(.preinit_array.*))
 .preinit_array.00001
                0x0000000020000478        0x4 CMakeFiles/AUV-BBM.dir/home/raven/pico/pico-sdk/src/rp2_common/pico_mem_ops/mem_ops_aeabi.S.obj
 .preinit_array.00010
                0x000000002000047c        0x4 CMakeFiles/AUV-BBM.dir/home/raven/pico/pico-sdk/src/rp2_common/pico_bit_ops/bit_ops_aeabi.S.obj
 .preinit_array.00020
                0x0000000020000480        0x4 CMakeFiles/AUV-BBM.dir/home/raven/pico/pico-sdk/src/rp2_common/pico_double/double_aeabi.S.obj
 .preinit_array.00020
                0x0000000020000484        0x4 CMakeFiles/AUV-BBM.dir/home/raven/pico/pico-sdk/src/rp2_common/pico_float/float_aeabi.S.obj
 *(.preinit_array)
                0x0000000020000488                PROVIDE (__preinit_array_end = .)
                0x0000000020000488                . = ALIGN (0x4)
                0x0000000020000488                PROVIDE (__init_array_start = .)
 *(SORT_BY_NAME(.init_array.*))
 *(.init_array)
 .init_array    0x0000000020000488        0x4 /usr/lib/gcc/arm-none-eabi/9.2.1/thumb/v6-m/nofp/crtbegin.o
 .init_array    0x000000002000048c        0x4 CMakeFiles/AUV-BBM.dir/home/raven/pico/pico-sdk/src/rp2_common/pico_unique_id/unique_id.c.obj
                0x0000000020000490                PROVIDE (__init_array_end = .)
                0x0000000020000490                . = ALIGN (0x4)
                0x0000000020000490                PROVIDE (__fini_array_start = .)
 *(SORT_BY_NAME(.fini_array.*))
 *(.fini_array)
                0x0000000020000490                PROVIDE (__fini_array_end = .)
 *(.jcr)
                0x0000000020000490                . = ALIGN (0x4)
                0x0000000020000490                __data_end__ = .

.tm_clone_table
                0x0000000020000490        0x0 load address 0x00000000100087d0
 .tm_clone_table
                0x0000000020000490        0x0 /usr/lib/gcc/arm-none-eabi/9.2.1/thumb/v6-m/nofp/crtbegin.o
 .tm_clone_table
                0x0000000020000490        0x0 /usr/lib/gcc/arm-none-eabi/9.2.1/thumb/v6-m/nofp/crtend.o

.igot.plt       0x0000000020000490        0x0 load address 0x00000000100087d0
 .igot.plt      0x0000000020000490        0x0 /usr/lib/gcc/arm-none-eabi/9.2.1/thumb/v6-m/nofp/crtbegin.o

.uninitialized_data
                0x0000000020000490        0x0 load address 0x00000000100087d0
                0x0000000020000490                . = ALIGN (0x4)
 *(.uninitialized_data*)

.scratch_x      0x0000000020040000        0x0 load address 0x00000000100087d0
                0x0000000020040000                __scratch_x_start__ = .
 *(.scratch_x.*)
                0x0000000020040000                . = ALIGN (0x4)
                0x0000000020040000                __scratch_x_end__ = .
                0x00000000100087d0                __scratch_x_source__ = LOADADDR (.scratch_x)

.scratch_y      0x0000000020041000        0x0 load address 0x00000000100087d0
                0x0000000020041000                __scratch_y_start__ = .
 *(.scratch_y.*)
                0x0000000020041000                . = ALIGN (0x4)
                0x0000000020041000                __scratch_y_end__ = .
                0x00000000100087d0                __scratch_y_source__ = LOADADDR (.scratch_y)

.bss            0x0000000020000490      0xdc8
                0x0000000020000490                . = ALIGN (0x4)
                0x0000000020000490                __bss_start__ = .
 *(SORT_BY_ALIGNMENT(SORT_BY_NAME(.bss*)))
 .bss._ZL16pwm_slice_config
                0x0000000020000490       0x18 CMakeFiles/AUV-BBM.dir/func-pwm.cpp.obj
 .bss.default_alarm_pool_entries
                0x00000000200004a8      0x100 CMakeFiles/AUV-BBM.dir/home/raven/pico/pico-sdk/src/common/pico_time/time.c.obj
 .bss.last_avail_time.7186
                0x00000000200005a8        0x8 CMakeFiles/AUV-BBM.dir/home/raven/pico/pico-sdk/src/rp2_common/pico_stdio_usb/stdio_usb.c.obj
 .bss           0x00000000200005b0       0x1c /usr/lib/gcc/arm-none-eabi/9.2.1/thumb/v6-m/nofp/crtbegin.o
 .bss.BNO055    0x00000000200005cc        0x1 CMakeFiles/AUV-BBM.dir/AUV-BBM.cpp.obj
                0x00000000200005cc                BNO055
 *fill*         0x00000000200005cd        0x3 
 .bss.MS5837    0x00000000200005d0        0x1 CMakeFiles/AUV-BBM.dir/AUV-BBM.cpp.obj
                0x00000000200005d0                MS5837
 *fill*         0x00000000200005d1        0x3 
 .bss._app_driver
                0x00000000200005d4        0x4 CMakeFiles/AUV-BBM.dir/home/raven/pico/pico-sdk/lib/tinyusb/src/device/usbd.c.obj
 .bss._cdcd_itf
                0x00000000200005d8      0x2d8 CMakeFiles/AUV-BBM.dir/home/raven/pico/pico-sdk/lib/tinyusb/src/class/cdc/cdc_device.c.obj
 .bss._ctrl_xfer
                0x00000000200008b0       0x14 CMakeFiles/AUV-BBM.dir/home/raven/pico/pico-sdk/lib/tinyusb/src/device/usbd_control.c.obj
 .bss._ubsd_mutexdef
                0x00000000200008c4        0x8 CMakeFiles/AUV-BBM.dir/home/raven/pico/pico-sdk/lib/tinyusb/src/device/usbd.c.obj
 .bss._usbd_ctrl_buf
                0x00000000200008cc       0x40 CMakeFiles/AUV-BBM.dir/home/raven/pico/pico-sdk/lib/tinyusb/src/device/usbd_control.c.obj
 .bss._usbd_dev
                0x000000002000090c       0x53 CMakeFiles/AUV-BBM.dir/home/raven/pico/pico-sdk/lib/tinyusb/src/device/usbd.c.obj
 *fill*         0x000000002000095f        0x1 
 .bss._usbd_mutex
                0x0000000020000960        0x4 CMakeFiles/AUV-BBM.dir/home/raven/pico/pico-sdk/lib/tinyusb/src/device/usbd.c.obj
 .bss._usbd_q   0x0000000020000964        0x4 CMakeFiles/AUV-BBM.dir/home/raven/pico/pico-sdk/lib/tinyusb/src/device/usbd.c.obj
 .bss.alarm_callbacks
                0x0000000020000968       0x10 CMakeFiles/AUV-BBM.dir/home/raven/pico/pico-sdk/src/rp2_common/hardware_timer/timer.c.obj
 .bss.boot2_copyout
                0x0000000020000978      0x100 CMakeFiles/AUV-BBM.dir/home/raven/pico/pico-sdk/src/rp2_common/hardware_flash/flash.c.obj
 .bss.c         0x0000000020000a78        0xe CMakeFiles/AUV-BBM.dir/func-MS5837-02BA.cpp.obj
                0x0000000020000a78                c
 *fill*         0x0000000020000a86        0x2 
 .bss.claimed   0x0000000020000a88        0x4 CMakeFiles/AUV-BBM.dir/home/raven/pico/pico-sdk/src/rp2_common/hardware_sync/sync.c.obj
 .bss.configured_freq
                0x0000000020000a8c       0x28 CMakeFiles/AUV-BBM.dir/home/raven/pico/pico-sdk/src/rp2_common/hardware_clocks/clocks.c.obj
 .bss.default_alarm_pool_entry_ids_high
                0x0000000020000ab4       0x10 CMakeFiles/AUV-BBM.dir/home/raven/pico/pico-sdk/src/common/pico_time/time.c.obj
 .bss.default_alarm_pool_heap_nodes
                0x0000000020000ac4       0x30 CMakeFiles/AUV-BBM.dir/home/raven/pico/pico-sdk/src/common/pico_time/time.c.obj
 .bss.desc_str.7071
                0x0000000020000af4       0x28 CMakeFiles/AUV-BBM.dir/home/raven/pico/pico-sdk/src/rp2_common/pico_stdio_usb/stdio_usb_descriptors.c.obj
 .bss.drivers   0x0000000020000b1c        0x4 CMakeFiles/AUV-BBM.dir/home/raven/pico/pico-sdk/src/rp2_common/pico_stdio/stdio.c.obj
 .bss.filter    0x0000000020000b20        0x4 CMakeFiles/AUV-BBM.dir/home/raven/pico/pico-sdk/src/rp2_common/pico_stdio/stdio.c.obj
 .bss.hw_endpoints
                0x0000000020000b24      0x400 CMakeFiles/AUV-BBM.dir/home/raven/pico/pico-sdk/lib/tinyusb/src/portable/raspberrypi/rp2040/dcd_rp2040.c.obj
 .bss.i2c       0x0000000020000f24        0x1 CMakeFiles/AUV-BBM.dir/AUV-BBM.cpp.obj
                0x0000000020000f24                i2c
 *fill*         0x0000000020000f25        0x3 
 .bss.i2c_BNO055
                0x0000000020000f28        0x1 CMakeFiles/AUV-BBM.dir/func-BNO055.cpp.obj
                0x0000000020000f28                i2c_BNO055
 *fill*         0x0000000020000f29        0x3 
 .bss.i2c_MS5837
                0x0000000020000f2c        0x1 CMakeFiles/AUV-BBM.dir/func-MS5837-02BA.cpp.obj
                0x0000000020000f2c                i2c_MS5837
 *fill*         0x0000000020000f2d        0x3 
 .bss.lazy_vsnprintf
                0x0000000020000f30        0x4 CMakeFiles/AUV-BBM.dir/home/raven/pico/pico-sdk/src/rp2_common/pico_printf/printf.c.obj
 .bss.load_value
                0x0000000020000f34        0x4 CMakeFiles/AUV-BBM.dir/home/raven/pico/pico-sdk/src/rp2_common/hardware_watchdog/watchdog.c.obj
 .bss.next_buffer_ptr
                0x0000000020000f38        0x4 CMakeFiles/AUV-BBM.dir/home/raven/pico/pico-sdk/lib/tinyusb/src/portable/raspberrypi/rp2040/dcd_rp2040.c.obj
 .bss.pools     0x0000000020000f3c       0x10 CMakeFiles/AUV-BBM.dir/home/raven/pico/pico-sdk/src/common/pico_time/time.c.obj
 .bss.pwm       0x0000000020000f4c        0x1 CMakeFiles/AUV-BBM.dir/AUV-BBM.cpp.obj
                0x0000000020000f4c                pwm
 *fill*         0x0000000020000f4d        0x3 
 .bss.retrieved_id
                0x0000000020000f50        0x8 CMakeFiles/AUV-BBM.dir/home/raven/pico/pico-sdk/src/rp2_common/pico_unique_id/unique_id.c.obj
 .bss.sf_clz_func
                0x0000000020000f58        0x4 CMakeFiles/AUV-BBM.dir/home/raven/pico/pico-sdk/src/rp2_common/pico_double/double_init_rom.c.obj
                0x0000000020000f58                sf_clz_func
 .bss.sleep_notifier
                0x0000000020000f5c        0x4 CMakeFiles/AUV-BBM.dir/home/raven/pico/pico-sdk/src/common/pico_time/time.c.obj
 .bss.stdio_usb_mutex
                0x0000000020000f60        0x8 CMakeFiles/AUV-BBM.dir/home/raven/pico/pico-sdk/src/rp2_common/pico_stdio_usb/stdio_usb.c.obj
 .bss.target_hi
                0x0000000020000f68       0x10 CMakeFiles/AUV-BBM.dir/home/raven/pico/pico-sdk/src/rp2_common/hardware_timer/timer.c.obj
 .bss.usbd_serial_str
                0x0000000020000f78       0x11 CMakeFiles/AUV-BBM.dir/home/raven/pico/pico-sdk/src/rp2_common/pico_stdio_usb/stdio_usb_descriptors.c.obj
 *fill*         0x0000000020000f89        0x3 
 .bss.user_irq_claimed
                0x0000000020000f8c        0x2 CMakeFiles/AUV-BBM.dir/home/raven/pico/pico-sdk/src/rp2_common/hardware_irq/irq.c.obj
 .bss._app_driver_count
                0x0000000020000f8e        0x1 CMakeFiles/AUV-BBM.dir/home/raven/pico/pico-sdk/lib/tinyusb/src/device/usbd.c.obj
 .bss._usbd_initialized
                0x0000000020000f8f        0x1 CMakeFiles/AUV-BBM.dir/home/raven/pico/pico-sdk/lib/tinyusb/src/device/usbd.c.obj
 .bss.boot2_copyout_valid
                0x0000000020000f90        0x1 CMakeFiles/AUV-BBM.dir/home/raven/pico/pico-sdk/src/rp2_common/hardware_flash/flash.c.obj
 .bss.claimed   0x0000000020000f91        0x1 CMakeFiles/AUV-BBM.dir/home/raven/pico/pico-sdk/src/rp2_common/hardware_timer/timer.c.obj
 .bss.irq_hander_chain_free_slot_head
                0x0000000020000f92        0x1 CMakeFiles/AUV-BBM.dir/home/raven/pico/pico-sdk/src/rp2_common/hardware_irq/irq.c.obj
 .bss.itf_num   0x0000000020000f93        0x1 CMakeFiles/AUV-BBM.dir/home/raven/pico/pico-sdk/src/rp2_common/pico_stdio_usb/reset_interface.c.obj
 .bss.low_priority_irq_num
                0x0000000020000f94        0x1 CMakeFiles/AUV-BBM.dir/home/raven/pico/pico-sdk/src/rp2_common/pico_stdio_usb/stdio_usb.c.obj
 .bss.timer_callbacks_pending
                0x0000000020000f95        0x1 CMakeFiles/AUV-BBM.dir/home/raven/pico/pico-sdk/src/rp2_common/hardware_timer/timer.c.obj
 *(COMMON)
 *fill*         0x0000000020000f96        0x2 
 COMMON         0x0000000020000f98      0x100 CMakeFiles/AUV-BBM.dir/home/raven/pico/pico-sdk/src/rp2_common/pico_double/double_init_rom.c.obj
                0x0000000020000f98                sd_table
 COMMON         0x0000000020001098      0x100 CMakeFiles/AUV-BBM.dir/home/raven/pico/pico-sdk/src/rp2_common/pico_float/float_init_rom.c.obj
                0x0000000020001098                sf_table
 COMMON         0x0000000020001198       0xc0 CMakeFiles/AUV-BBM.dir/home/raven/pico/pico-sdk/lib/tinyusb/src/device/usbd.c.obj
                0x0000000020001198                _usbd_qdef_buf
                0x0000000020001258                . = ALIGN (0x4)
                0x0000000020001258                __bss_end__ = .

.heap           0x0000000020001258      0x800
                0x0000000020001258                __end__ = .
                0x0000000020001258                end = __end__
 *(.heap*)
 .heap          0x0000000020001258      0x800 CMakeFiles/AUV-BBM.dir/home/raven/pico/pico-sdk/src/rp2_common/pico_standard_link/crt0.S.obj
                0x0000000020001a58                __HeapLimit = .

.stack1_dummy   0x0000000020040000        0x0
 *(.stack1*)

.stack_dummy    0x0000000020041000      0x800
 *(.stack*)
 .stack         0x0000000020041000      0x800 CMakeFiles/AUV-BBM.dir/home/raven/pico/pico-sdk/src/rp2_common/pico_standard_link/crt0.S.obj

.flash_end      0x00000000100087d0        0x0
                0x00000000100087d0                __flash_binary_end = .
                0x0000000020040000                __StackLimit = (ORIGIN (RAM) + LENGTH (RAM))
                0x0000000020041000                __StackOneTop = (ORIGIN (SCRATCH_X) + LENGTH (SCRATCH_X))
                0x0000000020042000                __StackTop = (ORIGIN (SCRATCH_Y) + LENGTH (SCRATCH_Y))
                0x0000000020041000                __StackOneBottom = (__StackOneTop - SIZEOF (.stack1_dummy))
                0x0000000020041800                __StackBottom = (__StackTop - SIZEOF (.stack_dummy))
                0x0000000020042000                PROVIDE (__stack = __StackTop)
                0x0000000000000001                ASSERT ((__StackLimit >= __HeapLimit), region RAM overflowed)
                0x0000000000000001                ASSERT (((__binary_info_header_end - __logical_binary_start) <= 0x100), Binary info must be in first 256 bytes of the binary)
LOAD CMakeFiles/AUV-BBM.dir/AUV-BBM.cpp.obj
LOAD CMakeFiles/AUV-BBM.dir/func-pwm.cpp.obj
LOAD CMakeFiles/AUV-BBM.dir/func-i2c.cpp.obj
LOAD CMakeFiles/AUV-BBM.dir/func-MS5837-02BA.cpp.obj
LOAD CMakeFiles/AUV-BBM.dir/func-BNO055.cpp.obj
LOAD CMakeFiles/AUV-BBM.dir/home/raven/pico/pico-sdk/src/rp2_common/pico_stdlib/stdlib.c.obj
LOAD CMakeFiles/AUV-BBM.dir/home/raven/pico/pico-sdk/src/rp2_common/hardware_gpio/gpio.c.obj
LOAD CMakeFiles/AUV-BBM.dir/home/raven/pico/pico-sdk/src/rp2_common/hardware_claim/claim.c.obj
LOAD CMakeFiles/AUV-BBM.dir/home/raven/pico/pico-sdk/src/rp2_common/pico_platform/platform.c.obj
LOAD CMakeFiles/AUV-BBM.dir/home/raven/pico/pico-sdk/src/rp2_common/hardware_sync/sync.c.obj
LOAD CMakeFiles/AUV-BBM.dir/home/raven/pico/pico-sdk/src/rp2_common/hardware_irq/irq.c.obj
LOAD CMakeFiles/AUV-BBM.dir/home/raven/pico/pico-sdk/src/rp2_common/hardware_irq/irq_handler_chain.S.obj
LOAD CMakeFiles/AUV-BBM.dir/home/raven/pico/pico-sdk/src/common/pico_sync/sem.c.obj
LOAD CMakeFiles/AUV-BBM.dir/home/raven/pico/pico-sdk/src/common/pico_sync/lock_core.c.obj
LOAD CMakeFiles/AUV-BBM.dir/home/raven/pico/pico-sdk/src/common/pico_time/time.c.obj
LOAD CMakeFiles/AUV-BBM.dir/home/raven/pico/pico-sdk/src/common/pico_time/timeout_helper.c.obj
LOAD CMakeFiles/AUV-BBM.dir/home/raven/pico/pico-sdk/src/rp2_common/hardware_timer/timer.c.obj
LOAD CMakeFiles/AUV-BBM.dir/home/raven/pico/pico-sdk/src/common/pico_util/datetime.c.obj
LOAD CMakeFiles/AUV-BBM.dir/home/raven/pico/pico-sdk/src/common/pico_util/pheap.c.obj
LOAD CMakeFiles/AUV-BBM.dir/home/raven/pico/pico-sdk/src/common/pico_util/queue.c.obj
LOAD CMakeFiles/AUV-BBM.dir/home/raven/pico/pico-sdk/src/common/pico_sync/mutex.c.obj
LOAD CMakeFiles/AUV-BBM.dir/home/raven/pico/pico-sdk/src/common/pico_sync/critical_section.c.obj
LOAD CMakeFiles/AUV-BBM.dir/home/raven/pico/pico-sdk/src/rp2_common/hardware_uart/uart.c.obj
LOAD CMakeFiles/AUV-BBM.dir/home/raven/pico/pico-sdk/src/rp2_common/hardware_divider/divider.S.obj
LOAD CMakeFiles/AUV-BBM.dir/home/raven/pico/pico-sdk/src/rp2_common/pico_runtime/runtime.c.obj
LOAD CMakeFiles/AUV-BBM.dir/home/raven/pico/pico-sdk/src/rp2_common/hardware_clocks/clocks.c.obj
LOAD CMakeFiles/AUV-BBM.dir/home/raven/pico/pico-sdk/src/rp2_common/hardware_pll/pll.c.obj
LOAD CMakeFiles/AUV-BBM.dir/home/raven/pico/pico-sdk/src/rp2_common/hardware_vreg/vreg.c.obj
LOAD CMakeFiles/AUV-BBM.dir/home/raven/pico/pico-sdk/src/rp2_common/hardware_watchdog/watchdog.c.obj
LOAD CMakeFiles/AUV-BBM.dir/home/raven/pico/pico-sdk/src/rp2_common/hardware_xosc/xosc.c.obj
LOAD CMakeFiles/AUV-BBM.dir/home/raven/pico/pico-sdk/src/rp2_common/pico_printf/printf.c.obj
LOAD CMakeFiles/AUV-BBM.dir/home/raven/pico/pico-sdk/src/rp2_common/pico_bit_ops/bit_ops_aeabi.S.obj
LOAD CMakeFiles/AUV-BBM.dir/home/raven/pico/pico-sdk/src/rp2_common/pico_bootrom/bootrom.c.obj
LOAD CMakeFiles/AUV-BBM.dir/home/raven/pico/pico-sdk/src/rp2_common/pico_divider/divider.S.obj
LOAD CMakeFiles/AUV-BBM.dir/home/raven/pico/pico-sdk/src/rp2_common/pico_double/double_aeabi.S.obj
LOAD CMakeFiles/AUV-BBM.dir/home/raven/pico/pico-sdk/src/rp2_common/pico_double/double_init_rom.c.obj
LOAD CMakeFiles/AUV-BBM.dir/home/raven/pico/pico-sdk/src/rp2_common/pico_double/double_math.c.obj
LOAD CMakeFiles/AUV-BBM.dir/home/raven/pico/pico-sdk/src/rp2_common/pico_double/double_v1_rom_shim.S.obj
LOAD CMakeFiles/AUV-BBM.dir/home/raven/pico/pico-sdk/src/rp2_common/pico_int64_ops/pico_int64_ops_aeabi.S.obj
LOAD CMakeFiles/AUV-BBM.dir/home/raven/pico/pico-sdk/src/rp2_common/pico_float/float_aeabi.S.obj
LOAD CMakeFiles/AUV-BBM.dir/home/raven/pico/pico-sdk/src/rp2_common/pico_float/float_init_rom.c.obj
LOAD CMakeFiles/AUV-BBM.dir/home/raven/pico/pico-sdk/src/rp2_common/pico_float/float_math.c.obj
LOAD CMakeFiles/AUV-BBM.dir/home/raven/pico/pico-sdk/src/rp2_common/pico_float/float_v1_rom_shim.S.obj
LOAD CMakeFiles/AUV-BBM.dir/home/raven/pico/pico-sdk/src/rp2_common/pico_malloc/pico_malloc.c.obj
LOAD CMakeFiles/AUV-BBM.dir/home/raven/pico/pico-sdk/src/rp2_common/pico_mem_ops/mem_ops_aeabi.S.obj
LOAD CMakeFiles/AUV-BBM.dir/home/raven/pico/pico-sdk/src/rp2_common/pico_standard_link/crt0.S.obj
LOAD CMakeFiles/AUV-BBM.dir/home/raven/pico/pico-sdk/src/rp2_common/pico_standard_link/new_delete.cpp.obj
LOAD CMakeFiles/AUV-BBM.dir/home/raven/pico/pico-sdk/src/rp2_common/pico_standard_link/binary_info.c.obj
LOAD CMakeFiles/AUV-BBM.dir/home/raven/pico/pico-sdk/src/rp2_common/pico_stdio/stdio.c.obj
LOAD CMakeFiles/AUV-BBM.dir/home/raven/pico/pico-sdk/src/rp2_common/pico_stdio_usb/reset_interface.c.obj
LOAD CMakeFiles/AUV-BBM.dir/home/raven/pico/pico-sdk/src/rp2_common/pico_stdio_usb/stdio_usb.c.obj
LOAD CMakeFiles/AUV-BBM.dir/home/raven/pico/pico-sdk/src/rp2_common/pico_stdio_usb/stdio_usb_descriptors.c.obj
LOAD CMakeFiles/AUV-BBM.dir/home/raven/pico/pico-sdk/lib/tinyusb/src/portable/raspberrypi/rp2040/dcd_rp2040.c.obj
LOAD CMakeFiles/AUV-BBM.dir/home/raven/pico/pico-sdk/lib/tinyusb/src/portable/raspberrypi/rp2040/rp2040_usb.c.obj
LOAD CMakeFiles/AUV-BBM.dir/home/raven/pico/pico-sdk/lib/tinyusb/src/device/usbd.c.obj
LOAD CMakeFiles/AUV-BBM.dir/home/raven/pico/pico-sdk/lib/tinyusb/src/device/usbd_control.c.obj
LOAD CMakeFiles/AUV-BBM.dir/home/raven/pico/pico-sdk/lib/tinyusb/src/class/audio/audio_device.c.obj
LOAD CMakeFiles/AUV-BBM.dir/home/raven/pico/pico-sdk/lib/tinyusb/src/class/cdc/cdc_device.c.obj
LOAD CMakeFiles/AUV-BBM.dir/home/raven/pico/pico-sdk/lib/tinyusb/src/class/dfu/dfu_device.c.obj
LOAD CMakeFiles/AUV-BBM.dir/home/raven/pico/pico-sdk/lib/tinyusb/src/class/dfu/dfu_rt_device.c.obj
LOAD CMakeFiles/AUV-BBM.dir/home/raven/pico/pico-sdk/lib/tinyusb/src/class/hid/hid_device.c.obj
LOAD CMakeFiles/AUV-BBM.dir/home/raven/pico/pico-sdk/lib/tinyusb/src/class/midi/midi_device.c.obj
LOAD CMakeFiles/AUV-BBM.dir/home/raven/pico/pico-sdk/lib/tinyusb/src/class/msc/msc_device.c.obj
LOAD CMakeFiles/AUV-BBM.dir/home/raven/pico/pico-sdk/lib/tinyusb/src/class/net/ecm_rndis_device.c.obj
LOAD CMakeFiles/AUV-BBM.dir/home/raven/pico/pico-sdk/lib/tinyusb/src/class/net/ncm_device.c.obj
LOAD CMakeFiles/AUV-BBM.dir/home/raven/pico/pico-sdk/lib/tinyusb/src/class/usbtmc/usbtmc_device.c.obj
LOAD CMakeFiles/AUV-BBM.dir/home/raven/pico/pico-sdk/lib/tinyusb/src/class/vendor/vendor_device.c.obj
LOAD CMakeFiles/AUV-BBM.dir/home/raven/pico/pico-sdk/lib/tinyusb/src/class/video/video_device.c.obj
LOAD CMakeFiles/AUV-BBM.dir/home/raven/pico/pico-sdk/lib/tinyusb/src/tusb.c.obj
LOAD CMakeFiles/AUV-BBM.dir/home/raven/pico/pico-sdk/lib/tinyusb/src/common/tusb_fifo.c.obj
LOAD CMakeFiles/AUV-BBM.dir/home/raven/pico/pico-sdk/src/rp2_common/pico_fix/rp2040_usb_device_enumeration/rp2040_usb_device_enumeration.c.obj
LOAD CMakeFiles/AUV-BBM.dir/home/raven/pico/pico-sdk/src/rp2_common/pico_unique_id/unique_id.c.obj
LOAD CMakeFiles/AUV-BBM.dir/home/raven/pico/pico-sdk/src/rp2_common/hardware_flash/flash.c.obj
LOAD CMakeFiles/AUV-BBM.dir/home/raven/pico/pico-sdk/src/rp2_common/hardware_i2c/i2c.c.obj
LOAD /tmp/ccoG2dsQ.o
LOAD /usr/lib/gcc/arm-none-eabi/9.2.1/../../../arm-none-eabi/lib/thumb/v6-m/nofp/libstdc++.a
LOAD /usr/lib/gcc/arm-none-eabi/9.2.1/../../../arm-none-eabi/lib/thumb/v6-m/nofp/libm.a
START GROUP
LOAD /usr/lib/gcc/arm-none-eabi/9.2.1/thumb/v6-m/nofp/libgcc.a
LOAD /usr/lib/gcc/arm-none-eabi/9.2.1/../../../arm-none-eabi/lib/thumb/v6-m/nofp/libc.a
END GROUP
START GROUP
LOAD /usr/lib/gcc/arm-none-eabi/9.2.1/thumb/v6-m/nofp/libgcc.a
LOAD /usr/lib/gcc/arm-none-eabi/9.2.1/../../../arm-none-eabi/lib/thumb/v6-m/nofp/libc.a
LOAD /usr/lib/gcc/arm-none-eabi/9.2.1/../../../arm-none-eabi/lib/thumb/v6-m/nofp/libnosys.a
END GROUP
LOAD /usr/lib/gcc/arm-none-eabi/9.2.1/thumb/v6-m/nofp/crtend.o
LOAD /usr/lib/gcc/arm-none-eabi/9.2.1/thumb/v6-m/nofp/crtn.o
OUTPUT(AUV-BBM.elf elf32-littlearm)
LOAD linker stubs

.ARM.attributes
                0x0000000000000000       0x28
 .ARM.attributes
                0x0000000000000000       0x1e /usr/lib/gcc/arm-none-eabi/9.2.1/thumb/v6-m/nofp/crti.o
 .ARM.attributes
                0x000000000000001e       0x2c /usr/lib/gcc/arm-none-eabi/9.2.1/thumb/v6-m/nofp/crtbegin.o
 .ARM.attributes
                0x000000000000004a       0x2c CMakeFiles/AUV-BBM.dir/AUV-BBM.cpp.obj
 .ARM.attributes
                0x0000000000000076       0x2c CMakeFiles/AUV-BBM.dir/func-pwm.cpp.obj
 .ARM.attributes
                0x00000000000000a2       0x2c CMakeFiles/AUV-BBM.dir/func-i2c.cpp.obj
 .ARM.attributes
                0x00000000000000ce       0x2c CMakeFiles/AUV-BBM.dir/func-MS5837-02BA.cpp.obj
 .ARM.attributes
                0x00000000000000fa       0x2c CMakeFiles/AUV-BBM.dir/func-BNO055.cpp.obj
 .ARM.attributes
                0x0000000000000126       0x2c CMakeFiles/AUV-BBM.dir/home/raven/pico/pico-sdk/src/rp2_common/hardware_gpio/gpio.c.obj
 .ARM.attributes
                0x0000000000000152       0x2c CMakeFiles/AUV-BBM.dir/home/raven/pico/pico-sdk/src/rp2_common/hardware_claim/claim.c.obj
 .ARM.attributes
                0x000000000000017e       0x2c CMakeFiles/AUV-BBM.dir/home/raven/pico/pico-sdk/src/rp2_common/pico_platform/platform.c.obj
 .ARM.attributes
                0x00000000000001aa       0x2c CMakeFiles/AUV-BBM.dir/home/raven/pico/pico-sdk/src/rp2_common/hardware_sync/sync.c.obj
 .ARM.attributes
                0x00000000000001d6       0x2c CMakeFiles/AUV-BBM.dir/home/raven/pico/pico-sdk/src/rp2_common/hardware_irq/irq.c.obj
 .ARM.attributes
                0x0000000000000202       0x22 CMakeFiles/AUV-BBM.dir/home/raven/pico/pico-sdk/src/rp2_common/hardware_irq/irq_handler_chain.S.obj
 .ARM.attributes
                0x0000000000000224       0x2c CMakeFiles/AUV-BBM.dir/home/raven/pico/pico-sdk/src/common/pico_sync/lock_core.c.obj
 .ARM.attributes
                0x0000000000000250       0x2c CMakeFiles/AUV-BBM.dir/home/raven/pico/pico-sdk/src/common/pico_time/time.c.obj
 .ARM.attributes
                0x000000000000027c       0x2c CMakeFiles/AUV-BBM.dir/home/raven/pico/pico-sdk/src/rp2_common/hardware_timer/timer.c.obj
 .ARM.attributes
                0x00000000000002a8       0x2c CMakeFiles/AUV-BBM.dir/home/raven/pico/pico-sdk/src/common/pico_util/pheap.c.obj
 .ARM.attributes
                0x00000000000002d4       0x2c CMakeFiles/AUV-BBM.dir/home/raven/pico/pico-sdk/src/common/pico_sync/mutex.c.obj
 .ARM.attributes
                0x0000000000000300       0x2c CMakeFiles/AUV-BBM.dir/home/raven/pico/pico-sdk/src/common/pico_sync/critical_section.c.obj
 .ARM.attributes
                0x000000000000032c       0x2c CMakeFiles/AUV-BBM.dir/home/raven/pico/pico-sdk/src/rp2_common/pico_runtime/runtime.c.obj
 .ARM.attributes
                0x0000000000000358       0x2c CMakeFiles/AUV-BBM.dir/home/raven/pico/pico-sdk/src/rp2_common/hardware_clocks/clocks.c.obj
 .ARM.attributes
                0x0000000000000384       0x2c CMakeFiles/AUV-BBM.dir/home/raven/pico/pico-sdk/src/rp2_common/hardware_pll/pll.c.obj
 .ARM.attributes
                0x00000000000003b0       0x2c CMakeFiles/AUV-BBM.dir/home/raven/pico/pico-sdk/src/rp2_common/hardware_watchdog/watchdog.c.obj
 .ARM.attributes
                0x00000000000003dc       0x2c CMakeFiles/AUV-BBM.dir/home/raven/pico/pico-sdk/src/rp2_common/hardware_xosc/xosc.c.obj
 .ARM.attributes
                0x0000000000000408       0x2c CMakeFiles/AUV-BBM.dir/home/raven/pico/pico-sdk/src/rp2_common/pico_printf/printf.c.obj
 .ARM.attributes
                0x0000000000000434       0x22 CMakeFiles/AUV-BBM.dir/home/raven/pico/pico-sdk/src/rp2_common/pico_bit_ops/bit_ops_aeabi.S.obj
 .ARM.attributes
                0x0000000000000456       0x2c CMakeFiles/AUV-BBM.dir/home/raven/pico/pico-sdk/src/rp2_common/pico_bootrom/bootrom.c.obj
 .ARM.attributes
                0x0000000000000482       0x22 CMakeFiles/AUV-BBM.dir/home/raven/pico/pico-sdk/src/rp2_common/pico_divider/divider.S.obj
 .ARM.attributes