Archive member included to satisfy reference by file (symbol)

/usr/lib/gcc/arm-none-eabi/9.2.1/thumb/v6-m/nofp/libgcc.a(_dvmd_tls.o)
                              CMakeFiles/AUV-BBM.dir/home/raven/pico/pico-sdk/src/rp2_common/pico_divider/divider.S.obj (__aeabi_idiv0)
/usr/lib/gcc/arm-none-eabi/9.2.1/../../../arm-none-eabi/lib/thumb/v6-m/nofp/libc.a(lib_a-atexit.o)
                              /usr/lib/gcc/arm-none-eabi/9.2.1/../../../arm-none-eabi/lib/thumb/v6-m/nofp/crt0.o (atexit)
/usr/lib/gcc/arm-none-eabi/9.2.1/../../../arm-none-eabi/lib/thumb/v6-m/nofp/libc.a(lib_a-calloc.o)
                              CMakeFiles/AUV-BBM.dir/home/raven/pico/pico-sdk/src/rp2_common/pico_malloc/pico_malloc.c.obj (calloc)
/usr/lib/gcc/arm-none-eabi/9.2.1/../../../arm-none-eabi/lib/thumb/v6-m/nofp/libc.a(lib_a-callocr.o)
                              /usr/lib/gcc/arm-none-eabi/9.2.1/../../../arm-none-eabi/lib/thumb/v6-m/nofp/libc.a(lib_a-calloc.o) (_calloc_r)
/usr/lib/gcc/arm-none-eabi/9.2.1/../../../arm-none-eabi/lib/thumb/v6-m/nofp/libc.a(lib_a-fini.o)
                              /usr/lib/gcc/arm-none-eabi/9.2.1/../../../arm-none-eabi/lib/thumb/v6-m/nofp/crt0.o (__libc_fini_array)
/usr/lib/gcc/arm-none-eabi/9.2.1/../../../arm-none-eabi/lib/thumb/v6-m/nofp/libc.a(lib_a-impure.o)
                              /usr/lib/gcc/arm-none-eabi/9.2.1/../../../arm-none-eabi/lib/thumb/v6-m/nofp/libc.a(lib_a-calloc.o) (_impure_ptr)
/usr/lib/gcc/arm-none-eabi/9.2.1/../../../arm-none-eabi/lib/thumb/v6-m/nofp/libc.a(lib_a-init.o)
                              /usr/lib/gcc/arm-none-eabi/9.2.1/../../../arm-none-eabi/lib/thumb/v6-m/nofp/crt0.o (__libc_init_array)
/usr/lib/gcc/arm-none-eabi/9.2.1/../../../arm-none-eabi/lib/thumb/v6-m/nofp/libc.a(lib_a-malloc.o)
                              CMakeFiles/AUV-BBM.dir/home/raven/pico/pico-sdk/src/rp2_common/pico_malloc/pico_malloc.c.obj (malloc)
/usr/lib/gcc/arm-none-eabi/9.2.1/../../../arm-none-eabi/lib/thumb/v6-m/nofp/libc.a(lib_a-mallocr.o)
                              /usr/lib/gcc/arm-none-eabi/9.2.1/../../../arm-none-eabi/lib/thumb/v6-m/nofp/libc.a(lib_a-callocr.o) (_malloc_r)
/usr/lib/gcc/arm-none-eabi/9.2.1/../../../arm-none-eabi/lib/thumb/v6-m/nofp/libc.a(lib_a-mlock.o)
                              /usr/lib/gcc/arm-none-eabi/9.2.1/../../../arm-none-eabi/lib/thumb/v6-m/nofp/libc.a(lib_a-mallocr.o) (__malloc_lock)
/usr/lib/gcc/arm-none-eabi/9.2.1/../../../arm-none-eabi/lib/thumb/v6-m/nofp/libc.a(lib_a-realloc.o)
                              CMakeFiles/AUV-BBM.dir/home/raven/pico/pico-sdk/src/rp2_common/pico_malloc/pico_malloc.c.obj (realloc)
/usr/lib/gcc/arm-none-eabi/9.2.1/../../../arm-none-eabi/lib/thumb/v6-m/nofp/libc.a(lib_a-reallocr.o)
                              /usr/lib/gcc/arm-none-eabi/9.2.1/../../../arm-none-eabi/lib/thumb/v6-m/nofp/libc.a(lib_a-realloc.o) (_realloc_r)
/usr/lib/gcc/arm-none-eabi/9.2.1/../../../arm-none-eabi/lib/thumb/v6-m/nofp/libc.a(lib_a-sbrkr.o)
                              /usr/lib/gcc/arm-none-eabi/9.2.1/../../../arm-none-eabi/lib/thumb/v6-m/nofp/libc.a(lib_a-mallocr.o) (_sbrk_r)
/usr/lib/gcc/arm-none-eabi/9.2.1/../../../arm-none-eabi/lib/thumb/v6-m/nofp/libc.a(lib_a-strlen-stub.o)
                              CMakeFiles/AUV-BBM.dir/home/raven/pico/pico-sdk/src/rp2_common/pico_stdio/stdio.c.obj (strlen)
/usr/lib/gcc/arm-none-eabi/9.2.1/../../../arm-none-eabi/lib/thumb/v6-m/nofp/libc.a(lib_a-__atexit.o)
                              /usr/lib/gcc/arm-none-eabi/9.2.1/../../../arm-none-eabi/lib/thumb/v6-m/nofp/libc.a(lib_a-atexit.o) (__register_exitproc)
/usr/lib/gcc/arm-none-eabi/9.2.1/../../../arm-none-eabi/lib/thumb/v6-m/nofp/libc.a(lib_a-freer.o)
                              /usr/lib/gcc/arm-none-eabi/9.2.1/../../../arm-none-eabi/lib/thumb/v6-m/nofp/libc.a(lib_a-malloc.o) (_free_r)
/usr/lib/gcc/arm-none-eabi/9.2.1/../../../arm-none-eabi/lib/thumb/v6-m/nofp/libc.a(lib_a-memmove.o)
                              /usr/lib/gcc/arm-none-eabi/9.2.1/../../../arm-none-eabi/lib/thumb/v6-m/nofp/libc.a(lib_a-reallocr.o) (memmove)
/usr/lib/gcc/arm-none-eabi/9.2.1/../../../arm-none-eabi/lib/thumb/v6-m/nofp/libc.a(lib_a-reent.o)
                              /usr/lib/gcc/arm-none-eabi/9.2.1/../../../arm-none-eabi/lib/thumb/v6-m/nofp/libc.a(lib_a-sbrkr.o) (errno)

Allocating common symbols
Common symbol       size              file

sf_table            0x100             CMakeFiles/AUV-BBM.dir/home/raven/pico/pico-sdk/src/rp2_common/pico_float/float_init_rom.c.obj
errno               0x4               /usr/lib/gcc/arm-none-eabi/9.2.1/../../../arm-none-eabi/lib/thumb/v6-m/nofp/libc.a(lib_a-reent.o)
_usbd_qdef_buf      0xc0              CMakeFiles/AUV-BBM.dir/home/raven/pico/pico-sdk/lib/tinyusb/src/device/usbd.c.obj
sd_table            0x100             CMakeFiles/AUV-BBM.dir/home/raven/pico/pico-sdk/src/rp2_common/pico_double/double_init_rom.c.obj
uart_char_to_line_feed
[...]
Memory Configuration

Name             Origin             Length             Attributes
FLASH            0x0000000010000000 0x0000000000200000 xr
RAM              0x0000000020000000 0x0000000000040000 xrw
SCRATCH_X        0x0000000020040000 0x0000000000001000 xrw
SCRATCH_Y        0x0000000020041000 0x0000000000001000 xrw
*default*        0x0000000000000000 0xffffffffffffffff

Linker script and memory map

LOAD /usr/lib/gcc/arm-none-eabi/9.2.1/thumb/v6-m/nofp/crti.o
LOAD /usr/lib/gcc/arm-none-eabi/9.2.1/thumb/v6-m/nofp/crtbegin.o
LOAD /usr/lib/gcc/arm-none-eabi/9.2.1/../../../arm-none-eabi/lib/thumb/v6-m/nofp/crt0.o

.flash_begin    0x0000000010000000        0x0
                0x0000000010000000                __flash_binary_start = .

.boot2          0x0000000010000000      0x100
                0x0000000010000000                __boot2_start__ = .
 *(.boot2)
 .boot2         0x0000000010000000      0x100 /tmp/cc6cSj0B.o
                0x0000000010000100                __boot2_end__ = .
                0x0000000000000001                ASSERT (((__boot2_end__ - __boot2_start__) == 0x100), ERROR: Pico second stage bootloader must be 256 bytes in size)

.text           0x0000000010000100     0x7c30
                0x0000000010000100                __logical_binary_start = .
 *(.vectors)
 .vectors       0x0000000010000100       0xd4 CMakeFiles/AUV-BBM.dir/home/raven/pico/pico-sdk/src/rp2_common/pico_standard_link/crt0.S.obj
                0x0000000010000100                __vectors
                0x0000000010000100                __VECTOR_TABLE
                0x00000000100001c0                isr_invalid
                0x00000000100001c0                __default_isrs_start
                0x00000000100001c2                isr_nmi
                0x00000000100001c4                isr_hardfault
                0x00000000100001c6                isr_svcall
                0x00000000100001c8                isr_pendsv
                0x00000000100001ca                isr_systick
                0x00000000100001cc                isr_irq30
                0x00000000100001cc                __unhandled_user_irq
                0x00000000100001cc                isr_irq13
                0x00000000100001cc                isr_irq27
                0x00000000100001cc                isr_irq31
                0x00000000100001cc                isr_irq5
                0x00000000100001cc                isr_irq11
                0x00000000100001cc                isr_irq23
                0x00000000100001cc                isr_irq18
                0x00000000100001cc                isr_irq28
                0x00000000100001cc                isr_irq19
                0x00000000100001cc                isr_irq0
                0x00000000100001cc                isr_irq6
                0x00000000100001cc                isr_irq22
                0x00000000100001cc                isr_irq17
                0x00000000100001cc                isr_irq14
                0x00000000100001cc                isr_irq2
                0x00000000100001cc                isr_irq10
                0x00000000100001cc                isr_irq8
                0x00000000100001cc                isr_irq24
                0x00000000100001cc                isr_irq1
                0x00000000100001cc                isr_irq7
                0x00000000100001cc                isr_irq21
                0x00000000100001cc                isr_irq20
                0x00000000100001cc                isr_irq15
                0x00000000100001cc                isr_irq25
                0x00000000100001cc                isr_irq4
                0x00000000100001cc                isr_irq16
                0x00000000100001cc                isr_irq29
                0x00000000100001cc                isr_irq26
                0x00000000100001cc                __default_isrs_end
                0x00000000100001cc                isr_irq3
                0x00000000100001cc                isr_irq12
                0x00000000100001cc                isr_irq9
                0x00000000100001d2                unhandled_user_irq_num_in_r0
 *(.binary_info_header)
 .binary_info_header
                0x00000000100001d4       0x14 CMakeFiles/AUV-BBM.dir/home/raven/pico/pico-sdk/src/rp2_common/pico_standard_link/crt0.S.obj
                0x00000000100001e8                __binary_info_header_end = .
 *(.reset)
 .reset         0x00000000100001e8       0xa8 CMakeFiles/AUV-BBM.dir/home/raven/pico/pico-sdk/src/rp2_common/pico_standard_link/crt0.S.obj
                0x00000000100001e8                _entry_point
                0x0000000010000266                __get_current_exception
 .reset         0x0000000010000290       0x30 CMakeFiles/AUV-BBM.dir/home/raven/pico/pico-sdk/src/rp2_common/pico_standard_link/binary_info.c.obj
 *(.init)
 .init          0x00000000100002c0        0x4 /usr/lib/gcc/arm-none-eabi/9.2.1/thumb/v6-m/nofp/crti.o
                0x00000000100002c0                _init
 *(EXCLUDE_FILE(*libm.a: *libc.a:*lib_a-mem*.o *libgcc.a:) .text*)
 .text          0x00000000100002c4       0x98 /usr/lib/gcc/arm-none-eabi/9.2.1/thumb/v6-m/nofp/crtbegin.o
 .text.startup.main
                0x000000001000035c      0x260 CMakeFiles/AUV-BBM.dir/AUV-BBM.cpp.obj
                0x000000001000035c                main
 .text._ZN8pico_pwm5setupEv
                0x00000000100005bc       0x9c CMakeFiles/AUV-BBM.dir/func-pwm.cpp.obj
                0x00000000100005bc                pico_pwm::setup()
 .text._ZN8pico_pwm4dutyEid
                0x0000000010000658       0xac CMakeFiles/AUV-BBM.dir/func-pwm.cpp.obj
                0x0000000010000658                pico_pwm::duty(int, double)
 .text._ZN8pico_i2c5setupEP8i2c_instj
                0x0000000010000704       0x18 CMakeFiles/AUV-BBM.dir/func-i2c.cpp.obj
                0x0000000010000704                pico_i2c::setup(i2c_inst*, unsigned int)
 .text._ZN8pico_i2c5writeEP8i2c_insthhj
                0x000000001000071c       0x20 CMakeFiles/AUV-BBM.dir/func-i2c.cpp.obj
                0x000000001000071c                pico_i2c::write(i2c_inst*, unsigned char, unsigned char, unsigned int)
 .text._ZN8pico_i2c4readEP8i2c_insthhPhj
                0x000000001000073c       0x30 CMakeFiles/AUV-BBM.dir/func-i2c.cpp.obj
                0x000000001000073c                pico_i2c::read(i2c_inst*, unsigned char, unsigned char, unsigned char*, unsigned int)
 .text._ZN11MS5837_02BA5setupEP8i2c_inst
                0x000000001000076c       0x6c CMakeFiles/AUV-BBM.dir/func-MS5837-02BA.cpp.obj
                0x000000001000076c                MS5837_02BA::setup(i2c_inst*)
 .text._ZN11MS5837_02BA13readTempPressEP8i2c_instPdS2_
                0x00000000100007d8      0x284 CMakeFiles/AUV-BBM.dir/func-MS5837-02BA.cpp.obj
                0x00000000100007d8                MS5837_02BA::readTempPress(i2c_inst*, double*, double*)
 .text.gpio_set_function
                0x0000000010000a5c       0x30 CMakeFiles/AUV-BBM.dir/home/raven/pico/pico-sdk/src/rp2_common/hardware_gpio/gpio.c.obj
                0x0000000010000a5c                gpio_set_function
 .text.gpio_set_pulls
                0x0000000010000a8c       0x30 CMakeFiles/AUV-BBM.dir/home/raven/pico/pico-sdk/src/rp2_common/hardware_gpio/gpio.c.obj
                0x0000000010000a8c                gpio_set_pulls
 .text.gpio_init
                0x0000000010000abc       0x3c CMakeFiles/AUV-BBM.dir/home/raven/pico/pico-sdk/src/rp2_common/hardware_gpio/gpio.c.obj
                0x0000000010000abc                gpio_init
 .text.hw_claim_or_assert
                0x0000000010000af8       0x48 CMakeFiles/AUV-BBM.dir/home/raven/pico/pico-sdk/src/rp2_common/hardware_claim/claim.c.obj
                0x0000000010000af8                hw_claim_or_assert
 .text.hw_claim_unused_from_range
                0x0000000010000b40       0x9c CMakeFiles/AUV-BBM.dir/home/raven/pico/pico-sdk/src/rp2_common/hardware_claim/claim.c.obj
                0x0000000010000b40                hw_claim_unused_from_range
 .text.running_on_fpga
                0x0000000010000bdc       0x10 CMakeFiles/AUV-BBM.dir/home/raven/pico/pico-sdk/src/rp2_common/pico_platform/platform.c.obj
                0x0000000010000bdc                running_on_fpga
 .text.spin_locks_reset
                0x0000000010000bec       0x1c CMakeFiles/AUV-BBM.dir/home/raven/pico/pico-sdk/src/rp2_common/hardware_sync/sync.c.obj
                0x0000000010000bec                spin_locks_reset
 .text.next_striped_spin_lock_num
                0x0000000010000c08       0x18 CMakeFiles/AUV-BBM.dir/home/raven/pico/pico-sdk/src/rp2_common/hardware_sync/sync.c.obj
                0x0000000010000c08                next_striped_spin_lock_num
 .text.spin_lock_claim_unused
                0x0000000010000c20       0x20 CMakeFiles/AUV-BBM.dir/home/raven/pico/pico-sdk/src/rp2_common/hardware_sync/sync.c.obj
                0x0000000010000c20                spin_lock_claim_unused
 .text.irq_set_enabled
                0x0000000010000c40       0x24 CMakeFiles/AUV-BBM.dir/home/raven/pico/pico-sdk/src/rp2_common/hardware_irq/irq.c.obj
                0x0000000010000c40                irq_set_enabled
 .text.irq_set_pending
                0x0000000010000c64       0x10 CMakeFiles/AUV-BBM.dir/home/raven/pico/pico-sdk/src/rp2_common/hardware_irq/irq.c.obj
                0x0000000010000c64                irq_set_pending
 .text.irq_has_shared_handler
                0x0000000010000c74       0x2c CMakeFiles/AUV-BBM.dir/home/raven/pico/pico-sdk/src/rp2_common/hardware_irq/irq.c.obj
                0x0000000010000c74                irq_has_shared_handler
 .text.irq_get_vtable_handler
                0x0000000010000ca0       0x10 CMakeFiles/AUV-BBM.dir/home/raven/pico/pico-sdk/src/rp2_common/hardware_irq/irq.c.obj
                0x0000000010000ca0                irq_get_vtable_handler
 .text.irq_set_exclusive_handler
                0x0000000010000cb0       0x54 CMakeFiles/AUV-BBM.dir/home/raven/pico/pico-sdk/src/rp2_common/hardware_irq/irq.c.obj
                0x0000000010000cb0                irq_set_exclusive_handler
 .text.irq_add_shared_handler
                0x0000000010000d04      0x1c0 CMakeFiles/AUV-BBM.dir/home/raven/pico/pico-sdk/src/rp2_common/hardware_irq/irq.c.obj
                0x0000000010000d04                irq_add_shared_handler
 .text.irq_remove_handler
                0x0000000010000ec4      0x1b4 CMakeFiles/AUV-BBM.dir/home/raven/pico/pico-sdk/src/rp2_common/hardware_irq/irq.c.obj
                0x0000000010000ec4                irq_remove_handler
 .text.irq_add_tail_to_free_list
                0x0000000010001078       0xb8 CMakeFiles/AUV-BBM.dir/home/raven/pico/pico-sdk/src/rp2_common/hardware_irq/irq.c.obj
                0x0000000010001078                irq_add_tail_to_free_list
 .text.irq_init_priorities
                0x0000000010001130       0x24 CMakeFiles/AUV-BBM.dir/home/raven/pico/pico-sdk/src/rp2_common/hardware_irq/irq.c.obj
                0x0000000010001130                irq_init_priorities
 .text.user_irq_claim_unused
                0x0000000010001154       0x30 CMakeFiles/AUV-BBM.dir/home/raven/pico/pico-sdk/src/rp2_common/hardware_irq/irq.c.obj
                0x0000000010001154                user_irq_claim_unused
 .text.lock_init
                0x0000000010001184       0x10 CMakeFiles/AUV-BBM.dir/home/raven/pico/pico-sdk/src/common/pico_sync/lock_core.c.obj
                0x0000000010001184                lock_init
 .text.timer_pool_entry_comparator
                0x0000000010001194       0x34 CMakeFiles/AUV-BBM.dir/home/raven/pico/pico-sdk/src/common/pico_time/time.c.obj
                0x0000000010001194                timer_pool_entry_comparator
 .text.sleep_until_callback
                0x00000000100011c8       0x30 CMakeFiles/AUV-BBM.dir/home/raven/pico/pico-sdk/src/common/pico_time/time.c.obj
 .text.alarm_pool_add_alarm_at.constprop.0
                0x00000000100011f8      0x128 CMakeFiles/AUV-BBM.dir/home/raven/pico/pico-sdk/src/common/pico_time/time.c.obj
 .text.add_alarm_under_lock
                0x0000000010001320      0x108 CMakeFiles/AUV-BBM.dir/home/raven/pico/pico-sdk/src/common/pico_time/time.c.obj
 .text.alarm_pool_alarm_callback
                0x0000000010001428      0x1c8 CMakeFiles/AUV-BBM.dir/home/raven/pico/pico-sdk/src/common/pico_time/time.c.obj
 .text.alarm_pool_init_default
                0x00000000100015f0       0x64 CMakeFiles/AUV-BBM.dir/home/raven/pico/pico-sdk/src/common/pico_time/time.c.obj
                0x00000000100015f0                alarm_pool_init_default
 .text.alarm_pool_get_default
                0x0000000010001654        0x8 CMakeFiles/AUV-BBM.dir/home/raven/pico/pico-sdk/src/common/pico_time/time.c.obj
                0x0000000010001654                alarm_pool_get_default
 .text.alarm_pool_add_alarm_at
                0x000000001000165c      0x1ac CMakeFiles/AUV-BBM.dir/home/raven/pico/pico-sdk/src/common/pico_time/time.c.obj
                0x000000001000165c                alarm_pool_add_alarm_at
 .text.sleep_until
                0x0000000010001808       0xac CMakeFiles/AUV-BBM.dir/home/raven/pico/pico-sdk/src/common/pico_time/time.c.obj
                0x0000000010001808                sleep_until
 .text.sleep_ms
                0x00000000100018b4       0x38 CMakeFiles/AUV-BBM.dir/home/raven/pico/pico-sdk/src/common/pico_time/time.c.obj
                0x00000000100018b4                sleep_ms
 .text.best_effort_wfe_or_timeout
                0x00000000100018ec       0xd4 CMakeFiles/AUV-BBM.dir/home/raven/pico/pico-sdk/src/common/pico_time/time.c.obj
                0x00000000100018ec                best_effort_wfe_or_timeout
 .text.hardware_alarm_irq_handler
                0x00000000100019c0       0xb8 CMakeFiles/AUV-BBM.dir/home/raven/pico/pico-sdk/src/rp2_common/hardware_timer/timer.c.obj
 .text.hardware_alarm_claim
                0x0000000010001a78       0x18 CMakeFiles/AUV-BBM.dir/home/raven/pico/pico-sdk/src/rp2_common/hardware_timer/timer.c.obj
                0x0000000010001a78                hardware_alarm_claim
 .text.time_us_64
                0x0000000010001a90       0x14 CMakeFiles/AUV-BBM.dir/home/raven/pico/pico-sdk/src/rp2_common/hardware_timer/timer.c.obj
                0x0000000010001a90                time_us_64
 .text.busy_wait_until
                0x0000000010001aa4       0x20 CMakeFiles/AUV-BBM.dir/home/raven/pico/pico-sdk/src/rp2_common/hardware_timer/timer.c.obj
                0x0000000010001aa4                busy_wait_until
 .text.hardware_alarm_set_callback
                0x0000000010001ac4       0x8c CMakeFiles/AUV-BBM.dir/home/raven/pico/pico-sdk/src/rp2_common/hardware_timer/timer.c.obj
                0x0000000010001ac4                hardware_alarm_set_callback
 .text.hardware_alarm_set_target
                0x0000000010001b50       0xe4 CMakeFiles/AUV-BBM.dir/home/raven/pico/pico-sdk/src/rp2_common/hardware_timer/timer.c.obj
                0x0000000010001b50                hardware_alarm_set_target
 .text.hardware_alarm_cancel
                0x0000000010001c34       0x40 CMakeFiles/AUV-BBM.dir/home/raven/pico/pico-sdk/src/rp2_common/hardware_timer/timer.c.obj
                0x0000000010001c34                hardware_alarm_cancel
 .text.ph_merge_nodes
                0x0000000010001c74       0x68 CMakeFiles/AUV-BBM.dir/home/raven/pico/pico-sdk/src/common/pico_util/pheap.c.obj
 .text.ph_post_alloc_init
                0x0000000010001cdc       0x3c CMakeFiles/AUV-BBM.dir/home/raven/pico/pico-sdk/src/common/pico_util/pheap.c.obj
                0x0000000010001cdc                ph_post_alloc_init
 .text.ph_merge_two_pass
                0x0000000010001d18       0x90 CMakeFiles/AUV-BBM.dir/home/raven/pico/pico-sdk/src/common/pico_util/pheap.c.obj
                0x0000000010001d18                ph_merge_two_pass
 .text.ph_remove_any_head
                0x0000000010001da8       0xf8 CMakeFiles/AUV-BBM.dir/home/raven/pico/pico-sdk/src/common/pico_util/pheap.c.obj
 .text.ph_remove_head
                0x0000000010001ea0      0x13c CMakeFiles/AUV-BBM.dir/home/raven/pico/pico-sdk/src/common/pico_util/pheap.c.obj
                0x0000000010001ea0                ph_remove_head
 .text.ph_remove_and_free_node
                0x0000000010001fdc       0x7c CMakeFiles/AUV-BBM.dir/home/raven/pico/pico-sdk/src/common/pico_util/pheap.c.obj
                0x0000000010001fdc                ph_remove_and_free_node
 .text.mutex_init
                0x0000000010002058       0x1c CMakeFiles/AUV-BBM.dir/home/raven/pico/pico-sdk/src/common/pico_sync/mutex.c.obj
                0x0000000010002058                mutex_init
 .text.recursive_mutex_init
                0x0000000010002074       0x1c CMakeFiles/AUV-BBM.dir/home/raven/pico/pico-sdk/src/common/pico_sync/mutex.c.obj
                0x0000000010002074                recursive_mutex_init
 .text.critical_section_init
                0x0000000010002090       0x1c CMakeFiles/AUV-BBM.dir/home/raven/pico/pico-sdk/src/common/pico_sync/critical_section.c.obj
                0x0000000010002090                critical_section_init
 .text.runtime_init
                0x00000000100020ac       0xf0 CMakeFiles/AUV-BBM.dir/home/raven/pico/pico-sdk/src/rp2_common/pico_runtime/runtime.c.obj
                0x00000000100020ac                runtime_init
 .text.exit     0x000000001000219c        0x4 CMakeFiles/AUV-BBM.dir/home/raven/pico/pico-sdk/src/rp2_common/pico_runtime/runtime.c.obj
                0x000000001000219c                exit
 .text.panic    0x00000000100021a0       0x30 CMakeFiles/AUV-BBM.dir/home/raven/pico/pico-sdk/src/rp2_common/pico_runtime/runtime.c.obj
                0x00000000100021a0                panic
 .text.hard_assertion_failure
                0x00000000100021d0        0xc CMakeFiles/AUV-BBM.dir/home/raven/pico/pico-sdk/src/rp2_common/pico_runtime/runtime.c.obj
                0x00000000100021d0                hard_assertion_failure
 .text.clocks_init
                0x00000000100021dc      0x2bc CMakeFiles/AUV-BBM.dir/home/raven/pico/pico-sdk/src/rp2_common/hardware_clocks/clocks.c.obj
                0x00000000100021dc                clocks_init
 .text.clock_get_hz
                0x0000000010002498        0xc CMakeFiles/AUV-BBM.dir/home/raven/pico/pico-sdk/src/rp2_common/hardware_clocks/clocks.c.obj
                0x0000000010002498                clock_get_hz
 .text.pll_init
                0x00000000100024a4       0xa8 CMakeFiles/AUV-BBM.dir/home/raven/pico/pico-sdk/src/rp2_common/hardware_pll/pll.c.obj
                0x00000000100024a4                pll_init
 .text.watchdog_start_tick
                0x000000001000254c       0x10 CMakeFiles/AUV-BBM.dir/home/raven/pico/pico-sdk/src/rp2_common/hardware_watchdog/watchdog.c.obj
                0x000000001000254c                watchdog_start_tick
 .text.watchdog_reboot
                0x000000001000255c       0x98 CMakeFiles/AUV-BBM.dir/home/raven/pico/pico-sdk/src/rp2_common/hardware_watchdog/watchdog.c.obj
                0x000000001000255c                watchdog_reboot
 .text.xosc_init
                0x00000000100025f4       0x28 CMakeFiles/AUV-BBM.dir/home/raven/pico/pico-sdk/src/rp2_common/hardware_xosc/xosc.c.obj
                0x00000000100025f4                xosc_init
 .text._out_null
                0x000000001000261c        0x4 CMakeFiles/AUV-BBM.dir/home/raven/pico/pico-sdk/src/rp2_common/pico_printf/printf.c.obj
 .text._out_rev
                0x0000000010002620       0xd0 CMakeFiles/AUV-BBM.dir/home/raven/pico/pico-sdk/src/rp2_common/pico_printf/printf.c.obj
 .text._ntoa_format
                0x00000000100026f0      0x1d0 CMakeFiles/AUV-BBM.dir/home/raven/pico/pico-sdk/src/rp2_common/pico_printf/printf.c.obj
 .text._out_char
                0x00000000100028c0       0x10 CMakeFiles/AUV-BBM.dir/home/raven/pico/pico-sdk/src/rp2_common/pico_printf/printf.c.obj
 .text._out_fct
                0x00000000100028d0       0x10 CMakeFiles/AUV-BBM.dir/home/raven/pico/pico-sdk/src/rp2_common/pico_printf/printf.c.obj
 .text._etoa    0x00000000100028e0      0x478 CMakeFiles/AUV-BBM.dir/home/raven/pico/pico-sdk/src/rp2_common/pico_printf/printf.c.obj
 .text._ftoa    0x0000000010002d58      0x3e0 CMakeFiles/AUV-BBM.dir/home/raven/pico/pico-sdk/src/rp2_common/pico_printf/printf.c.obj
 .text._vsnprintf
                0x0000000010003138      0xb08 CMakeFiles/AUV-BBM.dir/home/raven/pico/pico-sdk/src/rp2_common/pico_printf/printf.c.obj
 .text.vfctprintf
                0x0000000010003c40       0x20 CMakeFiles/AUV-BBM.dir/home/raven/pico/pico-sdk/src/rp2_common/pico_printf/printf.c.obj
                0x0000000010003c40                vfctprintf
 .text.weak_raw_vprintf
                0x0000000010003c60       0x30 CMakeFiles/AUV-BBM.dir/home/raven/pico/pico-sdk/src/rp2_common/pico_printf/printf.c.obj
                0x0000000010003c60                weak_raw_vprintf
 .text          0x0000000010003c90       0x10 CMakeFiles/AUV-BBM.dir/home/raven/pico/pico-sdk/src/rp2_common/pico_bit_ops/bit_ops_aeabi.S.obj
 .text.rom_func_lookup
                0x0000000010003ca0       0x10 CMakeFiles/AUV-BBM.dir/home/raven/pico/pico-sdk/src/rp2_common/pico_bootrom/bootrom.c.obj
                0x0000000010003ca0                rom_func_lookup
 .text.rom_data_lookup
                0x0000000010003cb0       0x10 CMakeFiles/AUV-BBM.dir/home/raven/pico/pico-sdk/src/rp2_common/pico_bootrom/bootrom.c.obj
                0x0000000010003cb0                rom_data_lookup
 .text.rom_funcs_lookup
                0x0000000010003cc0       0x3c CMakeFiles/AUV-BBM.dir/home/raven/pico/pico-sdk/src/rp2_common/pico_bootrom/bootrom.c.obj
                0x0000000010003cc0                rom_funcs_lookup
 .text.__wrap___aeabi_idiv
                0x0000000010003cfc       0x50 CMakeFiles/AUV-BBM.dir/home/raven/pico/pico-sdk/src/rp2_common/pico_divider/divider.S.obj
                0x0000000010003cfc                __wrap___aeabi_idivmod
                0x0000000010003cfc                divmod_s32s32
                0x0000000010003cfc                div_s32s32
                0x0000000010003cfc                __wrap___aeabi_idiv
                0x0000000010003d04                divmod_s32s32_unsafe
                0x0000000010003d30                divmod_s32s32_savestate
 .text.__wrap___aeabi_uidiv
                0x0000000010003d4c       0x4c CMakeFiles/AUV-BBM.dir/home/raven/pico/pico-sdk/src/rp2_common/pico_divider/divider.S.obj
                0x0000000010003d4c                __wrap___aeabi_uidiv
                0x0000000010003d4c                __wrap___aeabi_uidivmod
                0x0000000010003d4c                div_u32u32
                0x0000000010003d4c                divmod_u32u32
                0x0000000010003d54                divmod_u32u32_unsafe
                0x0000000010003d7c                divmod_u32u32_savestate
 .text.__wrap___aeabi_ldiv
                0x0000000010003d98      0x434 CMakeFiles/AUV-BBM.dir/home/raven/pico/pico-sdk/src/rp2_common/pico_divider/divider.S.obj
                0x0000000010003d98                div_s64s64
                0x0000000010003d98                divmod_s64s64
                0x0000000010003d98                __wrap___aeabi_ldivmod
                0x0000000010003dd0                div_u64u64
                0x0000000010003dd0                divmod_u64u64
                0x0000000010003dd0                __wrap___aeabi_uldivmod
                0x0000000010003de0                divmod_u64u64_savestate
                0x0000000010003e08                divmod_s64s64_unsafe
                0x0000000010003e90                divmod_u64u64_unsafe
 .text.__wrap___aeabi_darithmetic
                0x00000000100041cc       0x80 CMakeFiles/AUV-BBM.dir/home/raven/pico/pico-sdk/src/rp2_common/pico_double/double_aeabi.S.obj
                0x00000000100041cc                __wrap___aeabi_drsub
                0x00000000100041d2                __wrap___aeabi_dsub
                0x00000000100041e4                __wrap___aeabi_dadd
                0x00000000100041f6                __wrap___aeabi_ddiv
                0x0000000010004232                __wrap___aeabi_dmul
 .text.__wrap___aeabi_cdcmple
                0x000000001000424c       0x6c CMakeFiles/AUV-BBM.dir/home/raven/pico/pico-sdk/src/rp2_common/pico_double/double_aeabi.S.obj
                0x000000001000424c                __wrap___aeabi_cdrcmple
                0x000000001000425c                __wrap___aeabi_cdcmple
                0x000000001000425c                __wrap___aeabi_cdcmpeq
 .text.__wrap___aeabi_dcmplt
                0x00000000100042b8        0xc CMakeFiles/AUV-BBM.dir/home/raven/pico/pico-sdk/src/rp2_common/pico_double/double_aeabi.S.obj
                0x00000000100042b8                __wrap___aeabi_dcmplt
 .text.__wrap___aeabi_dcmple
                0x00000000100042c4       0x10 CMakeFiles/AUV-BBM.dir/home/raven/pico/pico-sdk/src/rp2_common/pico_double/double_aeabi.S.obj
                0x00000000100042c4                __wrap___aeabi_dcmple
 .text.__wrap___aeabi_dcmpge
                0x00000000100042d4       0x10 CMakeFiles/AUV-BBM.dir/home/raven/pico/pico-sdk/src/rp2_common/pico_double/double_aeabi.S.obj
                0x00000000100042d4                __wrap___aeabi_dcmpge
 .text.__wrap___aeabi_dcmpgt
                0x00000000100042e4        0xa CMakeFiles/AUV-BBM.dir/home/raven/pico/pico-sdk/src/rp2_common/pico_double/double_aeabi.S.obj
                0x00000000100042e4                __wrap___aeabi_dcmpgt
 .text.__wrap___aeabi_dcmpun
                0x00000000100042ee       0x1c CMakeFiles/AUV-BBM.dir/home/raven/pico/pico-sdk/src/rp2_common/pico_double/double_aeabi.S.obj
                0x00000000100042ee                __wrap___aeabi_dcmpun
 *fill*         0x000000001000430a        0x2 
 .text.__wrap___aeabi_i2d
                0x000000001000430c       0x38 CMakeFiles/AUV-BBM.dir/home/raven/pico/pico-sdk/src/rp2_common/pico_double/double_aeabi.S.obj
                0x000000001000430c                __wrap___aeabi_ui2d
                0x0000000010004314                __wrap___aeabi_i2d
 .text.__wrap___aeabi_d2iz
                0x0000000010004344       0x48 CMakeFiles/AUV-BBM.dir/home/raven/pico/pico-sdk/src/rp2_common/pico_double/double_aeabi.S.obj
                0x0000000010004344                __wrap___aeabi_d2iz
                0x0000000010004344                double2int_z
 .text.__wrap___aeabi_d2uiz
                0x000000001000438c       0x18 CMakeFiles/AUV-BBM.dir/home/raven/pico/pico-sdk/src/rp2_common/pico_double/double_aeabi.S.obj
                0x000000001000438c                double2uint
                0x000000001000438c                __wrap___aeabi_d2uiz
 .text.__wrap___aeabi_l2d
                0x00000000100043a4       0x18 CMakeFiles/AUV-BBM.dir/home/raven/pico/pico-sdk/src/rp2_common/pico_double/double_aeabi.S.obj
                0x00000000100043a4                __wrap___aeabi_l2d
 .text.__wrap___aeabi_d2lz
                0x00000000100043bc       0x26 CMakeFiles/AUV-BBM.dir/home/raven/pico/pico-sdk/src/rp2_common/pico_double/double_aeabi.S.obj
                0x00000000100043bc                __wrap___aeabi_d2lz
                0x00000000100043bc                double2int64_z
 *fill*         0x00000000100043e2        0x2 
 .text.double2int64
                0x00000000100043e4       0x18 CMakeFiles/AUV-BBM.dir/home/raven/pico/pico-sdk/src/rp2_common/pico_double/double_aeabi.S.obj
                0x00000000100043e4                double2int64
 .text.double2ufix64
                0x00000000100043fc       0x18 CMakeFiles/AUV-BBM.dir/home/raven/pico/pico-sdk/src/rp2_common/pico_double/double_aeabi.S.obj
                0x00000000100043fc                double2ufix64
 .text.__aeabi_double_init
                0x0000000010004414       0xc0 CMakeFiles/AUV-BBM.dir/home/raven/pico/pico-sdk/src/rp2_common/pico_double/double_init_rom.c.obj
                0x0000000010004414                __aeabi_double_init
 .text.double_table_shim_on_use_helper
                0x00000000100044d4       0x2c CMakeFiles/AUV-BBM.dir/home/raven/pico/pico-sdk/src/rp2_common/pico_double/double_v1_rom_shim.S.obj
                0x00000000100044d4                double_table_shim_on_use_helper
 .text.__wrap___aeabi_dsub
                0x0000000010004500       0x10 CMakeFiles/AUV-BBM.dir/home/raven/pico/pico-sdk/src/rp2_common/pico_double/double_v1_rom_shim.S.obj
                0x0000000010004500                drsub_shim
                0x0000000010004506                dsub_shim
 .text.dadd_shim
                0x0000000010004510      0x15c CMakeFiles/AUV-BBM.dir/home/raven/pico/pico-sdk/src/rp2_common/pico_double/double_v1_rom_shim.S.obj
                0x0000000010004510                dadd_shim
 .text.dmul_shim
                0x000000001000466c      0x15c CMakeFiles/AUV-BBM.dir/home/raven/pico/pico-sdk/src/rp2_common/pico_double/double_v1_rom_shim.S.obj
                0x000000001000466c                dmul_shim
 .text.ddiv_shim
                0x00000000100047c8      0x1b0 CMakeFiles/AUV-BBM.dir/home/raven/pico/pico-sdk/src/rp2_common/pico_double/double_v1_rom_shim.S.obj
                0x00000000100047c8                ddiv_shim
 .text.double2uint_shim
                0x0000000010004978        0xe CMakeFiles/AUV-BBM.dir/home/raven/pico/pico-sdk/src/rp2_common/pico_double/double_v1_rom_shim.S.obj
                0x0000000010004978                double2uint_shim
                0x000000001000497a                double2ufix_shim
 .text.double2int64_shim
                0x0000000010004986       0x1a CMakeFiles/AUV-BBM.dir/home/raven/pico/pico-sdk/src/rp2_common/pico_double/double_v1_rom_shim.S.obj
                0x0000000010004986                double2int64_shim
                0x0000000010004988                double2fix64_shim
 .text.double2uint64_shim
                0x00000000100049a0       0x70 CMakeFiles/AUV-BBM.dir/home/raven/pico/pico-sdk/src/rp2_common/pico_double/double_v1_rom_shim.S.obj
                0x00000000100049a0                double2uint64_shim
                0x00000000100049a2                double2ufix64_shim
                0x00000000100049c2                d2fix_a
 .text.x2double_shims
                0x0000000010004a10       0x90 CMakeFiles/AUV-BBM.dir/home/raven/pico/pico-sdk/src/rp2_common/pico_double/double_v1_rom_shim.S.obj
                0x0000000010004a10                uint2double_shim
                0x0000000010004a12                ufix2double_shim
                0x0000000010004a18                int2double_shim
                0x0000000010004a1a                fix2double_shim
                0x0000000010004a20                uint642double_shim
                0x0000000010004a22                ufix642double_shim
                0x0000000010004a28                int642double_shim
                0x0000000010004a2a                fix642double_shim
 .text.dunpacks
                0x0000000010004aa0       0x3c CMakeFiles/AUV-BBM.dir/home/raven/pico/pico-sdk/src/rp2_common/pico_double/double_v1_rom_shim.S.obj
                0x0000000010004aa0                dunpacks
 .text.__aeabi_lmul
                0x0000000010004adc       0x32 CMakeFiles/AUV-BBM.dir/home/raven/pico/pico-sdk/src/rp2_common/pico_int64_ops/pico_int64_ops_aeabi.S.obj
                0x0000000010004adc                __wrap___aeabi_lmul
 *fill*         0x0000000010004b0e        0x2 
 .text.__aeabi_float_init
                0x0000000010004b10       0x64 CMakeFiles/AUV-BBM.dir/home/raven/pico/pico-sdk/src/rp2_common/pico_float/float_init_rom.c.obj
                0x0000000010004b10                __aeabi_float_init
 .text.float_table_shim_on_use_helper
                0x0000000010004b74       0x2c CMakeFiles/AUV-BBM.dir/home/raven/pico/pico-sdk/src/rp2_common/pico_float/float_v1_rom_shim.S.obj
                0x0000000010004b74                float_table_shim_on_use_helper
 .text          0x0000000010004ba0       0x10 CMakeFiles/AUV-BBM.dir/home/raven/pico/pico-sdk/src/rp2_common/pico_mem_ops/mem_ops_aeabi.S.obj
                0x0000000010004ba0                __aeabi_mem_init
 .text.memset   0x0000000010004bb0        0xc CMakeFiles/AUV-BBM.dir/home/raven/pico/pico-sdk/src/rp2_common/pico_mem_ops/mem_ops_aeabi.S.obj
                0x0000000010004bb0                __wrap_memset
 .text.memcpy   0x0000000010004bbc        0xc CMakeFiles/AUV-BBM.dir/home/raven/pico/pico-sdk/src/rp2_common/pico_mem_ops/mem_ops_aeabi.S.obj
                0x0000000010004bbc                __wrap___aeabi_memcpy
                0x0000000010004bbc                __wrap_memcpy
 .text.stdio_out_chars_no_crlf
                0x0000000010004bc8       0x10 CMakeFiles/AUV-BBM.dir/home/raven/pico/pico-sdk/src/rp2_common/pico_stdio/stdio.c.obj
 .text.stdio_out_chars_crlf
                0x0000000010004bd8       0x94 CMakeFiles/AUV-BBM.dir/home/raven/pico/pico-sdk/src/rp2_common/pico_stdio/stdio.c.obj
 .text.stdio_buffered_printer
                0x0000000010004c6c       0x64 CMakeFiles/AUV-BBM.dir/home/raven/pico/pico-sdk/src/rp2_common/pico_stdio/stdio.c.obj
 .text.stdio_put_string
                0x0000000010004cd0      0x100 CMakeFiles/AUV-BBM.dir/home/raven/pico/pico-sdk/src/rp2_common/pico_stdio/stdio.c.obj
 .text.__wrap_putchar
                0x0000000010004dd0       0xa4 CMakeFiles/AUV-BBM.dir/home/raven/pico/pico-sdk/src/rp2_common/pico_stdio/stdio.c.obj
                0x0000000010004dd0                __wrap_putchar
 .text.__wrap_puts
                0x0000000010004e74       0x3c CMakeFiles/AUV-BBM.dir/home/raven/pico/pico-sdk/src/rp2_common/pico_stdio/stdio.c.obj
                0x0000000010004e74                __wrap_puts
 .text.stdio_set_driver_enabled
                0x0000000010004eb0       0x30 CMakeFiles/AUV-BBM.dir/home/raven/pico/pico-sdk/src/rp2_common/pico_stdio/stdio.c.obj
                0x0000000010004eb0                stdio_set_driver_enabled
 .text.__wrap_vprintf
                0x0000000010004ee0       0xd8 CMakeFiles/AUV-BBM.dir/home/raven/pico/pico-sdk/src/rp2_common/pico_stdio/stdio.c.obj
                0x0000000010004ee0                __wrap_vprintf
 .text.__wrap_printf
                0x0000000010004fb8       0x18 CMakeFiles/AUV-BBM.dir/home/raven/pico/pico-sdk/src/rp2_common/pico_stdio/stdio.c.obj
                0x0000000010004fb8                __wrap_printf
 .text.stdio_init_all
                0x0000000010004fd0        0x8 CMakeFiles/AUV-BBM.dir/home/raven/pico/pico-sdk/src/rp2_common/pico_stdio/stdio.c.obj
                0x0000000010004fd0                stdio_init_all
 .text.resetd_init
                0x0000000010004fd8        0x4 CMakeFiles/AUV-BBM.dir/home/raven/pico/pico-sdk/src/rp2_common/pico_stdio_usb/reset_interface.c.obj
 .text.resetd_reset
                0x0000000010004fdc        0xc CMakeFiles/AUV-BBM.dir/home/raven/pico/pico-sdk/src/rp2_common/pico_stdio_usb/reset_interface.c.obj
 .text.resetd_open
                0x0000000010004fe8       0x28 CMakeFiles/AUV-BBM.dir/home/raven/pico/pico-sdk/src/rp2_common/pico_stdio_usb/reset_interface.c.obj
 .text.resetd_xfer_cb
                0x0000000010005010        0x4 CMakeFiles/AUV-BBM.dir/home/raven/pico/pico-sdk/src/rp2_common/pico_stdio_usb/reset_interface.c.obj
 .text.resetd_control_xfer_cb
                0x0000000010005014       0x64 CMakeFiles/AUV-BBM.dir/home/raven/pico/pico-sdk/src/rp2_common/pico_stdio_usb/reset_interface.c.obj
 .text.usbd_app_driver_get_cb
                0x0000000010005078        0xc CMakeFiles/AUV-BBM.dir/home/raven/pico/pico-sdk/src/rp2_common/pico_stdio_usb/reset_interface.c.obj
                0x0000000010005078                usbd_app_driver_get_cb
 .text.tud_cdc_line_coding_cb
                0x0000000010005084       0x34 CMakeFiles/AUV-BBM.dir/home/raven/pico/pico-sdk/src/rp2_common/pico_stdio_usb/reset_interface.c.obj
                0x0000000010005084                tud_cdc_line_coding_cb
 .text.stdio_usb_in_chars
                0x00000000100050b8       0x68 CMakeFiles/AUV-BBM.dir/home/raven/pico/pico-sdk/src/rp2_common/pico_stdio_usb/stdio_usb.c.obj
                0x00000000100050b8                stdio_usb_in_chars
 .text.stdio_usb_out_chars
                0x0000000010005120       0xec CMakeFiles/AUV-BBM.dir/home/raven/pico/pico-sdk/src/rp2_common/pico_stdio_usb/stdio_usb.c.obj
 .text.timer_task
                0x000000001000520c       0x18 CMakeFiles/AUV-BBM.dir/home/raven/pico/pico-sdk/src/rp2_common/pico_stdio_usb/stdio_usb.c.obj
 .text.usb_irq  0x0000000010005224       0x10 CMakeFiles/AUV-BBM.dir/home/raven/pico/pico-sdk/src/rp2_common/pico_stdio_usb/stdio_usb.c.obj
 .text.low_priority_worker_irq
                0x0000000010005234       0x24 CMakeFiles/AUV-BBM.dir/home/raven/pico/pico-sdk/src/rp2_common/pico_stdio_usb/stdio_usb.c.obj
 .text.stdio_usb_init
                0x0000000010005258       0xb0 CMakeFiles/AUV-BBM.dir/home/raven/pico/pico-sdk/src/rp2_common/pico_stdio_usb/stdio_usb.c.obj
                0x0000000010005258                stdio_usb_init
 .text.tud_descriptor_device_cb
                0x0000000010005308        0x8 CMakeFiles/AUV-BBM.dir/home/raven/pico/pico-sdk/src/rp2_common/pico_stdio_usb/stdio_usb_descriptors.c.obj
                0x0000000010005308                tud_descriptor_device_cb
 .text.tud_descriptor_configuration_cb
                0x0000000010005310        0x8 CMakeFiles/AUV-BBM.dir/home/raven/pico/pico-sdk/src/rp2_common/pico_stdio_usb/stdio_usb_descriptors.c.obj
                0x0000000010005310                tud_descriptor_configuration_cb
 .text.tud_descriptor_string_cb
                0x0000000010005318       0x70 CMakeFiles/AUV-BBM.dir/home/raven/pico/pico-sdk/src/rp2_common/pico_stdio_usb/stdio_usb_descriptors.c.obj
                0x0000000010005318                tud_descriptor_string_cb
 .text.dcd_rp2040_irq
                0x0000000010005388      0x21c CMakeFiles/AUV-BBM.dir/home/raven/pico/pico-sdk/lib/tinyusb/src/portable/raspberrypi/rp2040/dcd_rp2040.c.obj
 .text.dcd_int_enable
                0x00000000100055a4        0xc CMakeFiles/AUV-BBM.dir/home/raven/pico/pico-sdk/lib/tinyusb/src/portable/raspberrypi/rp2040/dcd_rp2040.c.obj
                0x00000000100055a4                dcd_int_enable
 .text.dcd_set_address
                0x00000000100055b0       0x14 CMakeFiles/AUV-BBM.dir/home/raven/pico/pico-sdk/lib/tinyusb/src/portable/raspberrypi/rp2040/dcd_rp2040.c.obj
                0x00000000100055b0                dcd_set_address
 .text.dcd_connect
                0x00000000100055c4       0x10 CMakeFiles/AUV-BBM.dir/home/raven/pico/pico-sdk/lib/tinyusb/src/portable/raspberrypi/rp2040/dcd_rp2040.c.obj
                0x00000000100055c4                dcd_connect
 .text.dcd_init
                0x00000000100055d4      0x148 CMakeFiles/AUV-BBM.dir/home/raven/pico/pico-sdk/lib/tinyusb/src/portable/raspberrypi/rp2040/dcd_rp2040.c.obj
                0x00000000100055d4                dcd_init
 .text.dcd_edpt0_status_complete
                0x000000001000571c       0x1c CMakeFiles/AUV-BBM.dir/home/raven/pico/pico-sdk/lib/tinyusb/src/portable/raspberrypi/rp2040/dcd_rp2040.c.obj
                0x000000001000571c                dcd_edpt0_status_complete
 .text.dcd_edpt_open
                0x0000000010005738       0xf0 CMakeFiles/AUV-BBM.dir/home/raven/pico/pico-sdk/lib/tinyusb/src/portable/raspberrypi/rp2040/dcd_rp2040.c.obj
                0x0000000010005738                dcd_edpt_open
 .text.dcd_edpt_close_all
                0x0000000010005828       0xbc CMakeFiles/AUV-BBM.dir/home/raven/pico/pico-sdk/lib/tinyusb/src/portable/raspberrypi/rp2040/dcd_rp2040.c.obj
                0x0000000010005828                dcd_edpt_close_all
 .text.dcd_edpt_xfer
                0x00000000100058e4       0x24 CMakeFiles/AUV-BBM.dir/home/raven/pico/pico-sdk/lib/tinyusb/src/portable/raspberrypi/rp2040/dcd_rp2040.c.obj
                0x00000000100058e4                dcd_edpt_xfer
 .text.dcd_edpt_stall
                0x0000000010005908       0x38 CMakeFiles/AUV-BBM.dir/home/raven/pico/pico-sdk/lib/tinyusb/src/portable/raspberrypi/rp2040/dcd_rp2040.c.obj
                0x0000000010005908                dcd_edpt_stall
 .text.dcd_edpt_clear_stall
                0x0000000010005940       0x30 CMakeFiles/AUV-BBM.dir/home/raven/pico/pico-sdk/lib/tinyusb/src/portable/raspberrypi/rp2040/dcd_rp2040.c.obj
                0x0000000010005940                dcd_edpt_clear_stall
 .text._hw_endpoint_buffer_control_update32.part.0
                0x0000000010005970       0x20 CMakeFiles/AUV-BBM.dir/home/raven/pico/pico-sdk/lib/tinyusb/src/portable/raspberrypi/rp2040/rp2040_usb.c.obj
 .text.rp2040_usb_init
                0x0000000010005990       0x4c CMakeFiles/AUV-BBM.dir/home/raven/pico/pico-sdk/lib/tinyusb/src/portable/raspberrypi/rp2040/rp2040_usb.c.obj
                0x0000000010005990                rp2040_usb_init
 .text.hw_endpoint_reset_transfer
                0x00000000100059dc        0xc CMakeFiles/AUV-BBM.dir/home/raven/pico/pico-sdk/lib/tinyusb/src/portable/raspberrypi/rp2040/rp2040_usb.c.obj
                0x00000000100059dc                hw_endpoint_reset_transfer
 .text._hw_endpoint_buffer_control_update32
                0x00000000100059e8       0x40 CMakeFiles/AUV-BBM.dir/home/raven/pico/pico-sdk/lib/tinyusb/src/portable/raspberrypi/rp2040/rp2040_usb.c.obj
                0x00000000100059e8                _hw_endpoint_buffer_control_update32
 .text.hw_endpoint_xfer_start
                0x0000000010005a28      0x138 CMakeFiles/AUV-BBM.dir/home/raven/pico/pico-sdk/lib/tinyusb/src/portable/raspberrypi/rp2040/rp2040_usb.c.obj
                0x0000000010005a28                hw_endpoint_xfer_start
 .text.hw_endpoint_xfer_continue
                0x0000000010005b60      0x1e4 CMakeFiles/AUV-BBM.dir/home/raven/pico/pico-sdk/lib/tinyusb/src/portable/raspberrypi/rp2040/rp2040_usb.c.obj
                0x0000000010005b60                hw_endpoint_xfer_continue
 .text.tud_mounted
                0x0000000010005d44       0x10 CMakeFiles/AUV-BBM.dir/home/raven/pico/pico-sdk/lib/tinyusb/src/device/usbd.c.obj
                0x0000000010005d44                tud_mounted
 .text.tud_suspended
                0x0000000010005d54       0x10 CMakeFiles/AUV-BBM.dir/home/raven/pico/pico-sdk/lib/tinyusb/src/device/usbd.c.obj
                0x0000000010005d54                tud_suspended
 .text.tud_inited
                0x0000000010005d64        0xc CMakeFiles/AUV-BBM.dir/home/raven/pico/pico-sdk/lib/tinyusb/src/device/usbd.c.obj
                0x0000000010005d64                tud_inited
 .text.tud_init
                0x0000000010005d70       0xd8 CMakeFiles/AUV-BBM.dir/home/raven/pico/pico-sdk/lib/tinyusb/src/device/usbd.c.obj
                0x0000000010005d70                tud_init
 .text.tud_task
                0x0000000010005e48      0x8ec CMakeFiles/AUV-BBM.dir/home/raven/pico/pico-sdk/lib/tinyusb/src/device/usbd.c.obj
                0x0000000010005e48                tud_task
 .text.dcd_event_bus_signal
                0x0000000010006734      0x120 CMakeFiles/AUV-BBM.dir/home/raven/pico/pico-sdk/lib/tinyusb/src/device/usbd.c.obj
                0x0000000010006734                dcd_event_bus_signal
 .text.dcd_event_bus_reset
                0x0000000010006854       0x54 CMakeFiles/AUV-BBM.dir/home/raven/pico/pico-sdk/lib/tinyusb/src/device/usbd.c.obj
                0x0000000010006854                dcd_event_bus_reset
 .text.dcd_event_setup_received
                0x00000000100068a8       0x50 CMakeFiles/AUV-BBM.dir/home/raven/pico/pico-sdk/lib/tinyusb/src/device/usbd.c.obj
                0x00000000100068a8                dcd_event_setup_received
 .text.dcd_event_xfer_complete
                0x00000000100068f8       0x68 CMakeFiles/AUV-BBM.dir/home/raven/pico/pico-sdk/lib/tinyusb/src/device/usbd.c.obj
                0x00000000100068f8                dcd_event_xfer_complete
 .text.usbd_open_edpt_pair
                0x0000000010006960       0x80 CMakeFiles/AUV-BBM.dir/home/raven/pico/pico-sdk/lib/tinyusb/src/device/usbd.c.obj
                0x0000000010006960                usbd_open_edpt_pair
 .text.usbd_edpt_open
                0x00000000100069e0       0x30 CMakeFiles/AUV-BBM.dir/home/raven/pico/pico-sdk/lib/tinyusb/src/device/usbd.c.obj
                0x00000000100069e0                usbd_edpt_open
 .text.usbd_edpt_claim
                0x0000000010006a10       0x64 CMakeFiles/AUV-BBM.dir/home/raven/pico/pico-sdk/lib/tinyusb/src/device/usbd.c.obj
                0x0000000010006a10                usbd_edpt_claim
 .text.usbd_edpt_release
                0x0000000010006a74       0x4c CMakeFiles/AUV-BBM.dir/home/raven/pico/pico-sdk/lib/tinyusb/src/device/usbd.c.obj
                0x0000000010006a74                usbd_edpt_release
 .text.usbd_edpt_xfer
                0x0000000010006ac0       0x48 CMakeFiles/AUV-BBM.dir/home/raven/pico/pico-sdk/lib/tinyusb/src/device/usbd.c.obj
                0x0000000010006ac0                usbd_edpt_xfer
 .text.tud_control_status
                0x0000000010006b08       0x30 CMakeFiles/AUV-BBM.dir/home/raven/pico/pico-sdk/lib/tinyusb/src/device/usbd_control.c.obj
                0x0000000010006b08                tud_control_status
 .text.tud_control_xfer
                0x0000000010006b38       0xb8 CMakeFiles/AUV-BBM.dir/home/raven/pico/pico-sdk/lib/tinyusb/src/device/usbd_control.c.obj
                0x0000000010006b38                tud_control_xfer
 .text.usbd_control_reset
                0x0000000010006bf0       0x14 CMakeFiles/AUV-BBM.dir/home/raven/pico/pico-sdk/lib/tinyusb/src/device/usbd_control.c.obj
                0x0000000010006bf0                usbd_control_reset
 .text.usbd_control_set_complete_callback
                0x0000000010006c04        0xc CMakeFiles/AUV-BBM.dir/home/raven/pico/pico-sdk/lib/tinyusb/src/device/usbd_control.c.obj
                0x0000000010006c04                usbd_control_set_complete_callback
 .text.usbd_control_set_request
                0x0000000010006c10       0x1c CMakeFiles/AUV-BBM.dir/home/raven/pico/pico-sdk/lib/tinyusb/src/device/usbd_control.c.obj
                0x0000000010006c10                usbd_control_set_request
 .text.usbd_control_xfer_cb
                0x0000000010006c2c       0xf8 CMakeFiles/AUV-BBM.dir/home/raven/pico/pico-sdk/lib/tinyusb/src/device/usbd_control.c.obj
                0x0000000010006c2c                usbd_control_xfer_cb
 .text.tud_cdc_n_connected
                0x0000000010006d24       0x30 CMakeFiles/AUV-BBM.dir/home/raven/pico/pico-sdk/lib/tinyusb/src/class/cdc/cdc_device.c.obj
                0x0000000010006d24                tud_cdc_n_connected
 .text.tud_cdc_n_available
                0x0000000010006d54       0x18 CMakeFiles/AUV-BBM.dir/home/raven/pico/pico-sdk/lib/tinyusb/src/class/cdc/cdc_device.c.obj
                0x0000000010006d54                tud_cdc_n_available
 .text.tud_cdc_n_read
                0x0000000010006d6c       0x70 CMakeFiles/AUV-BBM.dir/home/raven/pico/pico-sdk/lib/tinyusb/src/class/cdc/cdc_device.c.obj
                0x0000000010006d6c                tud_cdc_n_read
 .text.tud_cdc_n_write_flush
                0x0000000010006ddc       0x78 CMakeFiles/AUV-BBM.dir/home/raven/pico/pico-sdk/lib/tinyusb/src/class/cdc/cdc_device.c.obj
                0x0000000010006ddc                tud_cdc_n_write_flush
 .text.tud_cdc_n_write
                0x0000000010006e54       0x34 CMakeFiles/AUV-BBM.dir/home/raven/pico/pico-sdk/lib/tinyusb/src/class/cdc/cdc_device.c.obj
                0x0000000010006e54                tud_cdc_n_write
 .text.tud_cdc_n_write_available
                0x0000000010006e88       0x18 CMakeFiles/AUV-BBM.dir/home/raven/pico/pico-sdk/lib/tinyusb/src/class/cdc/cdc_device.c.obj
                0x0000000010006e88                tud_cdc_n_write_available
 .text.cdcd_init
                0x0000000010006ea0       0x7c CMakeFiles/AUV-BBM.dir/home/raven/pico/pico-sdk/lib/tinyusb/src/class/cdc/cdc_device.c.obj
                0x0000000010006ea0                cdcd_init
 .text.cdcd_reset
                0x0000000010006f1c       0x2c CMakeFiles/AUV-BBM.dir/home/raven/pico/pico-sdk/lib/tinyusb/src/class/cdc/cdc_device.c.obj
                0x0000000010006f1c                cdcd_reset
 .text.cdcd_open
                0x0000000010006f48       0xe4 CMakeFiles/AUV-BBM.dir/home/raven/pico/pico-sdk/lib/tinyusb/src/class/cdc/cdc_device.c.obj
                0x0000000010006f48                cdcd_open
 .text.cdcd_control_xfer_cb
                0x000000001000702c       0xe4 CMakeFiles/AUV-BBM.dir/home/raven/pico/pico-sdk/lib/tinyusb/src/class/cdc/cdc_device.c.obj
                0x000000001000702c                cdcd_control_xfer_cb
 .text.cdcd_xfer_cb
                0x0000000010007110      0x198 CMakeFiles/AUV-BBM.dir/home/raven/pico/pico-sdk/lib/tinyusb/src/class/cdc/cdc_device.c.obj
                0x0000000010007110                cdcd_xfer_cb
 .text.tusb_init
                0x00000000100072a8        0xc CMakeFiles/AUV-BBM.dir/home/raven/pico/pico-sdk/lib/tinyusb/src/tusb.c.obj
                0x00000000100072a8                tusb_init
 .text.tusb_inited
                0x00000000100072b4        0x8 CMakeFiles/AUV-BBM.dir/home/raven/pico/pico-sdk/lib/tinyusb/src/tusb.c.obj
                0x00000000100072b4                tusb_inited
 .text.tu_edpt_validate
                0x00000000100072bc       0x78 CMakeFiles/AUV-BBM.dir/home/raven/pico/pico-sdk/lib/tinyusb/src/tusb.c.obj
                0x00000000100072bc                tu_edpt_validate
 .text.tu_edpt_bind_driver
                0x0000000010007334       0x2c CMakeFiles/AUV-BBM.dir/home/raven/pico/pico-sdk/lib/tinyusb/src/tusb.c.obj
                0x0000000010007334                tu_edpt_bind_driver
 .text.tu_fifo_config
                0x0000000010007360       0x78 CMakeFiles/AUV-BBM.dir/home/raven/pico/pico-sdk/lib/tinyusb/src/common/tusb_fifo.c.obj
                0x0000000010007360                tu_fifo_config
 .text.tu_fifo_count
                0x00000000100073d8       0x20 CMakeFiles/AUV-BBM.dir/home/raven/pico/pico-sdk/lib/tinyusb/src/common/tusb_fifo.c.obj
                0x00000000100073d8                tu_fifo_count
 .text.tu_fifo_empty
                0x00000000100073f8       0x10 CMakeFiles/AUV-BBM.dir/home/raven/pico/pico-sdk/lib/tinyusb/src/common/tusb_fifo.c.obj
                0x00000000100073f8                tu_fifo_empty
 .text.tu_fifo_remaining
                0x0000000010007408       0x1c CMakeFiles/AUV-BBM.dir/home/raven/pico/pico-sdk/lib/tinyusb/src/common/tusb_fifo.c.obj
                0x0000000010007408                tu_fifo_remaining
 .text.tu_fifo_read
                0x0000000010007424       0x9c CMakeFiles/AUV-BBM.dir/home/raven/pico/pico-sdk/lib/tinyusb/src/common/tusb_fifo.c.obj
                0x0000000010007424                tu_fifo_read
 .text.tu_fifo_read_n
                0x00000000100074c0      0x100 CMakeFiles/AUV-BBM.dir/home/raven/pico/pico-sdk/lib/tinyusb/src/common/tusb_fifo.c.obj
                0x00000000100074c0                tu_fifo_read_n
 .text.tu_fifo_write
                0x00000000100075c0       0x7c CMakeFiles/AUV-BBM.dir/home/raven/pico/pico-sdk/lib/tinyusb/src/common/tusb_fifo.c.obj
                0x00000000100075c0                tu_fifo_write
 .text.tu_fifo_write_n
                0x000000001000763c       0xf8 CMakeFiles/AUV-BBM.dir/home/raven/pico/pico-sdk/lib/tinyusb/src/common/tusb_fifo.c.obj
                0x000000001000763c                tu_fifo_write_n
 .text.tu_fifo_clear
                0x0000000010007734       0x4c CMakeFiles/AUV-BBM.dir/home/raven/pico/pico-sdk/lib/tinyusb/src/common/tusb_fifo.c.obj
                0x0000000010007734                tu_fifo_clear
 .text.tu_fifo_set_overwritable
                0x0000000010007780       0x3c CMakeFiles/AUV-BBM.dir/home/raven/pico/pico-sdk/lib/tinyusb/src/common/tusb_fifo.c.obj
                0x0000000010007780                tu_fifo_set_overwritable
 .text.startup._retrieve_unique_id_on_boot
                0x00000000100077bc       0x10 CMakeFiles/AUV-BBM.dir/home/raven/pico/pico-sdk/src/rp2_common/pico_unique_id/unique_id.c.obj
 .text.pico_get_unique_board_id_string
                0x00000000100077cc      0x1bc CMakeFiles/AUV-BBM.dir/home/raven/pico/pico-sdk/src/rp2_common/pico_unique_id/unique_id.c.obj
                0x00000000100077cc                pico_get_unique_board_id_string
 .text.flash_get_unique_id
                0x0000000010007988       0x40 CMakeFiles/AUV-BBM.dir/home/raven/pico/pico-sdk/src/rp2_common/hardware_flash/flash.c.obj
                0x0000000010007988                flash_get_unique_id
 .text.i2c_set_baudrate
                0x00000000100079c8       0xc4 CMakeFiles/AUV-BBM.dir/home/raven/pico/pico-sdk/src/rp2_common/hardware_i2c/i2c.c.obj
                0x00000000100079c8                i2c_set_baudrate
 .text.i2c_init
                0x0000000010007a8c       0x54 CMakeFiles/AUV-BBM.dir/home/raven/pico/pico-sdk/src/rp2_common/hardware_i2c/i2c.c.obj
                0x0000000010007a8c                i2c_init
 .text.i2c_write_blocking
                0x0000000010007ae0       0xd8 CMakeFiles/AUV-BBM.dir/home/raven/pico/pico-sdk/src/rp2_common/hardware_i2c/i2c.c.obj
                0x0000000010007ae0                i2c_write_blocking
 .text.i2c_read_blocking
                0x0000000010007bb8       0x9c CMakeFiles/AUV-BBM.dir/home/raven/pico/pico-sdk/src/rp2_common/hardware_i2c/i2c.c.obj
                0x0000000010007bb8                i2c_read_blocking
 .text          0x0000000010007c54       0x68 /usr/lib/gcc/arm-none-eabi/9.2.1/../../../arm-none-eabi/lib/thumb/v6-m/nofp/libc.a(lib_a-strlen-stub.o)
                0x0000000010007c54                strlen
 *(.fini)
 .fini          0x0000000010007cbc        0x4 /usr/lib/gcc/arm-none-eabi/9.2.1/thumb/v6-m/nofp/crti.o
                0x0000000010007cbc                _fini
 .fini.__stub   0x0000000010007cc0       0x70 linker stubs
 *crtbegin.o(.ctors)
 *crtbegin?.o(.ctors)
 *(EXCLUDE_FILE(*crtend.o *crtend?.o) .ctors)
 *(SORT_BY_NAME(.ctors.*))
 *(.ctors)
 *crtbegin.o(.dtors)
 *crtbegin?.o(.dtors)
 *(EXCLUDE_FILE(*crtend.o *crtend?.o) .dtors)
 *(SORT_BY_NAME(.dtors.*))
 *(.dtors)
 *(.eh_frame*)
 .eh_frame      0x0000000010007d30        0x0 /usr/lib/gcc/arm-none-eabi/9.2.1/thumb/v6-m/nofp/crtbegin.o
                0x0000000010007d30                . = ALIGN (0x4)

.glue_7         0x0000000010007d30        0x0
 .glue_7        0x0000000010007d30        0x0 linker stubs

.glue_7t        0x0000000010007d30        0x0
 .glue_7t       0x0000000010007d30        0x0 linker stubs

.vfp11_veneer   0x0000000010007d30        0x0
 .vfp11_veneer  0x0000000010007d30        0x0 linker stubs

.v4_bx          0x0000000010007d30        0x0
 .v4_bx         0x0000000010007d30        0x0 linker stubs

.iplt           0x0000000010007d30        0x0
 .iplt          0x0000000010007d30        0x0 /usr/lib/gcc/arm-none-eabi/9.2.1/thumb/v6-m/nofp/crtbegin.o

.rodata         0x0000000010007d30      0x5dc
 *(EXCLUDE_FILE(*libm.a: *libc.a:*lib_a-mem*.o *libgcc.a:) .rodata*)
 .rodata.main.str1.4
                0x0000000010007d30       0xb4 CMakeFiles/AUV-BBM.dir/AUV-BBM.cpp.obj
                                         0xb8 (size before relaxing)
 .rodata._ZZ4mainE7__bi_40
                0x0000000010007de4        0x8 CMakeFiles/AUV-BBM.dir/AUV-BBM.cpp.obj
 .rodata._ZL6pwmPin
                0x0000000010007dec        0x8 CMakeFiles/AUV-BBM.dir/func-pwm.cpp.obj
 .rodata        0x0000000010007df4        0x3 CMakeFiles/AUV-BBM.dir/func-MS5837-02BA.cpp.obj
 *fill*         0x0000000010007df7        0x1 
 .rodata.spin_lock_claim_unused.str1.4
                0x0000000010007df8       0x1b CMakeFiles/AUV-BBM.dir/home/raven/pico/pico-sdk/src/rp2_common/hardware_sync/sync.c.obj
 *fill*         0x0000000010007e13        0x1 
 .rodata.user_irq_claim_unused.str1.4
                0x0000000010007e14       0x1b CMakeFiles/AUV-BBM.dir/home/raven/pico/pico-sdk/src/rp2_common/hardware_irq/irq.c.obj
 *fill*         0x0000000010007e2f        0x1 
 .rodata.hardware_alarm_claim.str1.4
                0x0000000010007e30       0x22 CMakeFiles/AUV-BBM.dir/home/raven/pico/pico-sdk/src/rp2_common/hardware_timer/timer.c.obj
 *fill*         0x0000000010007e52        0x2 
 .rodata.panic.str1.4
                0x0000000010007e54       0x10 CMakeFiles/AUV-BBM.dir/home/raven/pico/pico-sdk/src/rp2_common/pico_runtime/runtime.c.obj
                                         0x12 (size before relaxing)
 .rodata.hard_assertion_failure.str1.4
                0x0000000010007e64        0xc CMakeFiles/AUV-BBM.dir/home/raven/pico/pico-sdk/src/rp2_common/pico_runtime/runtime.c.obj
 .rodata._ftoa.str1.4
                0x0000000010007e70       0x15 CMakeFiles/AUV-BBM.dir/home/raven/pico/pico-sdk/src/rp2_common/pico_printf/printf.c.obj
 *fill*         0x0000000010007e85        0x3 
 .rodata._vsnprintf
                0x0000000010007e88      0x1e0 CMakeFiles/AUV-BBM.dir/home/raven/pico/pico-sdk/src/rp2_common/pico_printf/printf.c.obj
 .rodata.pow10.5444
                0x0000000010008068       0x50 CMakeFiles/AUV-BBM.dir/home/raven/pico/pico-sdk/src/rp2_common/pico_printf/printf.c.obj
 .rodata.str1.4
                0x00000000100080b8       0x3c CMakeFiles/AUV-BBM.dir/home/raven/pico/pico-sdk/src/rp2_common/pico_standard_link/binary_info.c.obj
 .rodata.__bi_44
                0x00000000100080f4        0xc CMakeFiles/AUV-BBM.dir/home/raven/pico/pico-sdk/src/rp2_common/pico_standard_link/binary_info.c.obj
 .rodata.__bi_75
                0x0000000010008100        0xc CMakeFiles/AUV-BBM.dir/home/raven/pico/pico-sdk/src/rp2_common/pico_standard_link/binary_info.c.obj
 .rodata.__bi_81
                0x000000001000810c        0xc CMakeFiles/AUV-BBM.dir/home/raven/pico/pico-sdk/src/rp2_common/pico_standard_link/binary_info.c.obj
 .rodata.crlf_str.5913
                0x0000000010008118        0x2 CMakeFiles/AUV-BBM.dir/home/raven/pico/pico-sdk/src/rp2_common/pico_stdio/stdio.c.obj
 *fill*         0x000000001000811a        0x2 
 .rodata._resetd_driver
                0x000000001000811c       0x18 CMakeFiles/AUV-BBM.dir/home/raven/pico/pico-sdk/src/rp2_common/pico_stdio_usb/reset_interface.c.obj
 .rodata.str1.4
                0x0000000010008134       0x13 CMakeFiles/AUV-BBM.dir/home/raven/pico/pico-sdk/src/rp2_common/pico_stdio_usb/stdio_usb.c.obj
 *fill*         0x0000000010008147        0x1 
 .rodata.__bi_118.7207
                0x0000000010008148        0xc CMakeFiles/AUV-BBM.dir/home/raven/pico/pico-sdk/src/rp2_common/pico_stdio_usb/stdio_usb.c.obj
 .rodata.str1.4
                0x0000000010008154       0x2a CMakeFiles/AUV-BBM.dir/home/raven/pico/pico-sdk/src/rp2_common/pico_stdio_usb/stdio_usb_descriptors.c.obj
 *fill*         0x000000001000817e        0x2 
 .rodata.usbd_desc_cfg
                0x0000000010008180       0x54 CMakeFiles/AUV-BBM.dir/home/raven/pico/pico-sdk/src/rp2_common/pico_stdio_usb/stdio_usb_descriptors.c.obj
 .rodata.usbd_desc_device
                0x00000000100081d4       0x12 CMakeFiles/AUV-BBM.dir/home/raven/pico/pico-sdk/src/rp2_common/pico_stdio_usb/stdio_usb_descriptors.c.obj
 *fill*         0x00000000100081e6        0x2 
 .rodata.usbd_desc_str
                0x00000000100081e8       0x18 CMakeFiles/AUV-BBM.dir/home/raven/pico/pico-sdk/src/rp2_common/pico_stdio_usb/stdio_usb_descriptors.c.obj
 .rodata.dcd_rp2040_irq.str1.4
                0x0000000010008200       0x14 CMakeFiles/AUV-BBM.dir/home/raven/pico/pico-sdk/lib/tinyusb/src/portable/raspberrypi/rp2040/dcd_rp2040.c.obj
 .rodata._hw_endpoint_buffer_control_update32.part.0.str1.4
                0x0000000010008214       0x1f CMakeFiles/AUV-BBM.dir/home/raven/pico/pico-sdk/lib/tinyusb/src/portable/raspberrypi/rp2040/rp2040_usb.c.obj
 *fill*         0x0000000010008233        0x1 
 .rodata.hw_endpoint_xfer_continue.str1.4
                0x0000000010008234       0x29 CMakeFiles/AUV-BBM.dir/home/raven/pico/pico-sdk/lib/tinyusb/src/portable/raspberrypi/rp2040/rp2040_usb.c.obj
 *fill*         0x000000001000825d        0x3 
 .rodata.str1.4
                0x0000000010008260        0x7 CMakeFiles/AUV-BBM.dir/home/raven/pico/pico-sdk/lib/tinyusb/src/portable/raspberrypi/rp2040/rp2040_usb.c.obj
 *fill*         0x0000000010008267        0x1 
 .rodata.tud_task
                0x0000000010008268       0x8c CMakeFiles/AUV-BBM.dir/home/raven/pico/pico-sdk/lib/tinyusb/src/device/usbd.c.obj
 .rodata._usbd_driver
                0x00000000100082f4       0x18 CMakeFiles/AUV-BBM.dir/home/raven/pico/pico-sdk/lib/tinyusb/src/device/usbd.c.obj
                0x000000001000830c                . = ALIGN (0x4)
 *(SORT_BY_ALIGNMENT(SORT_BY_NAME(.flashdata*)))
                0x000000001000830c                . = ALIGN (0x4)

.rel.dyn        0x000000001000830c        0x0
 .rel.iplt      0x000000001000830c        0x0 /usr/lib/gcc/arm-none-eabi/9.2.1/thumb/v6-m/nofp/crtbegin.o

.ARM.extab
 *(.ARM.extab* .gnu.linkonce.armextab.*)
                0x000000001000830c                __exidx_start = .

.ARM.exidx
 *(.ARM.exidx* .gnu.linkonce.armexidx.*)
                0x000000001000830c                __exidx_end = .
                0x000000001000830c                . = ALIGN (0x4)
                0x000000001000830c                __binary_info_start = .

.binary_info    0x000000001000830c       0x24
 *(.binary_info.keep.*)
 .binary_info.keep.__bi_ptr40
                0x000000001000830c        0x4 CMakeFiles/AUV-BBM.dir/AUV-BBM.cpp.obj
 .binary_info.keep.__bi_ptr22
                0x0000000010008310        0x4 CMakeFiles/AUV-BBM.dir/home/raven/pico/pico-sdk/src/rp2_common/pico_standard_link/binary_info.c.obj
 .binary_info.keep.__bi_ptr30
                0x0000000010008314        0x4 CMakeFiles/AUV-BBM.dir/home/raven/pico/pico-sdk/src/rp2_common/pico_standard_link/binary_info.c.obj
 .binary_info.keep.__bi_ptr38
                0x0000000010008318        0x4 CMakeFiles/AUV-BBM.dir/home/raven/pico/pico-sdk/src/rp2_common/pico_standard_link/binary_info.c.obj
 .binary_info.keep.__bi_ptr44
                0x000000001000831c        0x4 CMakeFiles/AUV-BBM.dir/home/raven/pico/pico-sdk/src/rp2_common/pico_standard_link/binary_info.c.obj
 .binary_info.keep.__bi_ptr50
                0x0000000010008320        0x4 CMakeFiles/AUV-BBM.dir/home/raven/pico/pico-sdk/src/rp2_common/pico_standard_link/binary_info.c.obj
 .binary_info.keep.__bi_ptr75
                0x0000000010008324        0x4 CMakeFiles/AUV-BBM.dir/home/raven/pico/pico-sdk/src/rp2_common/pico_standard_link/binary_info.c.obj
 .binary_info.keep.__bi_ptr81
                0x0000000010008328        0x4 CMakeFiles/AUV-BBM.dir/home/raven/pico/pico-sdk/src/rp2_common/pico_standard_link/binary_info.c.obj
 *(.binary_info.*)
 .binary_info.__bi_ptr118
                0x000000001000832c        0x4 CMakeFiles/AUV-BBM.dir/home/raven/pico/pico-sdk/src/rp2_common/pico_stdio_usb/stdio_usb.c.obj
                0x0000000010008330                __binary_info_end = .
                0x0000000010008330                . = ALIGN (0x4)
                0x0000000010008330                __etext = .

.ram_vector_table
                0x0000000020000000       0xc0
 *(.ram_vector_table)
 .ram_vector_table
                0x0000000020000000       0xc0 CMakeFiles/AUV-BBM.dir/home/raven/pico/pico-sdk/src/rp2_common/pico_runtime/runtime.c.obj
                0x0000000020000000                ram_vector_table

.data           0x00000000200000c0      0x3d0 load address 0x0000000010008330
                0x00000000200000c0                __data_start__ = .
 *(vtable)
 *(.time_critical*)
 .time_critical.mutex_enter_blocking
                0x00000000200000c0       0x48 CMakeFiles/AUV-BBM.dir/home/raven/pico/pico-sdk/src/common/pico_sync/mutex.c.obj
                0x00000000200000c0                mutex_enter_blocking
 .time_critical.mutex_try_enter
                0x0000000020000108       0x48 CMakeFiles/AUV-BBM.dir/home/raven/pico/pico-sdk/src/common/pico_sync/mutex.c.obj
                0x0000000020000108                mutex_try_enter
 .time_critical.mutex_enter_timeout_ms
                0x0000000020000150       0x98 CMakeFiles/AUV-BBM.dir/home/raven/pico/pico-sdk/src/common/pico_sync/mutex.c.obj
                0x0000000020000150                mutex_enter_timeout_ms
 .time_critical.mutex_exit
                0x00000000200001e8       0x28 CMakeFiles/AUV-BBM.dir/home/raven/pico/pico-sdk/src/common/pico_sync/mutex.c.obj
                0x00000000200001e8                mutex_exit
 .time_critical.flash_init_boot2_copyout
                0x0000000020000210       0x30 CMakeFiles/AUV-BBM.dir/home/raven/pico/pico-sdk/src/rp2_common/hardware_flash/flash.c.obj
 .time_critical.flash_enable_xip_via_boot2
                0x0000000020000240       0x10 CMakeFiles/AUV-BBM.dir/home/raven/pico/pico-sdk/src/rp2_common/hardware_flash/flash.c.obj
 .time_critical.flash_cs_force
                0x0000000020000250       0x38 CMakeFiles/AUV-BBM.dir/home/raven/pico/pico-sdk/src/rp2_common/hardware_flash/flash.c.obj
 .time_critical.flash_do_cmd
                0x0000000020000288       0xc4 CMakeFiles/AUV-BBM.dir/home/raven/pico/pico-sdk/src/rp2_common/hardware_flash/flash.c.obj
                0x0000000020000288                flash_do_cmd
 *(.text*)
 .text          0x000000002000034c        0x4 /usr/lib/gcc/arm-none-eabi/9.2.1/thumb/v6-m/nofp/libgcc.a(_dvmd_tls.o)
                0x000000002000034c                __aeabi_ldiv0
                0x000000002000034c                __aeabi_idiv0
 .text.__stub   0x0000000020000350       0x30 linker stubs
                0x0000000020000380                . = ALIGN (0x4)
 *(.rodata*)
                0x0000000020000380                . = ALIGN (0x4)
 *(.data*)
 .data.striped_spin_lock_num
                0x0000000020000380        0x1 CMakeFiles/AUV-BBM.dir/home/raven/pico/pico-sdk/src/rp2_common/hardware_sync/sync.c.obj
 *fill*         0x0000000020000381        0x3 
 .data          0x0000000020000384       0x48 CMakeFiles/AUV-BBM.dir/home/raven/pico/pico-sdk/src/rp2_common/hardware_irq/irq_handler_chain.S.obj
                0x0000000020000384                irq_handler_chain_slots
                0x00000000200003b4                irq_handler_chain_first_slot
                0x00000000200003be                irq_handler_chain_remove_tail
 .data.default_alarm_pool
                0x00000000200003cc       0x18 CMakeFiles/AUV-BBM.dir/home/raven/pico/pico-sdk/src/common/pico_time/time.c.obj
 .data.default_alarm_pool_heap
                0x00000000200003e4       0x10 CMakeFiles/AUV-BBM.dir/home/raven/pico/pico-sdk/src/common/pico_time/time.c.obj
 *fill*         0x00000000200003f4        0xc 
 .data.aeabi_bits_funcs
                0x0000000020000400       0x10 CMakeFiles/AUV-BBM.dir/home/raven/pico/pico-sdk/src/rp2_common/pico_bit_ops/bit_ops_aeabi.S.obj
                0x0000000020000400                aeabi_bits_funcs
                0x0000000020000410                aeabi_bits_funcs_end
 .data.aeabi_mem_funcs
                0x0000000020000410       0x10 CMakeFiles/AUV-BBM.dir/home/raven/pico/pico-sdk/src/rp2_common/pico_mem_ops/mem_ops_aeabi.S.obj
                0x0000000020000410                aeabi_mem_funcs
                0x0000000020000420                aeabi_mem_funcs_end
 .data.stdio_usb
                0x0000000020000420       0x14 CMakeFiles/AUV-BBM.dir/home/raven/pico/pico-sdk/src/rp2_common/pico_stdio_usb/stdio_usb.c.obj
                0x0000000020000420                stdio_usb
 .data.ep_dir_string
                0x0000000020000434        0x8 CMakeFiles/AUV-BBM.dir/home/raven/pico/pico-sdk/lib/tinyusb/src/portable/raspberrypi/rp2040/rp2040_usb.c.obj
                0x0000000020000434                ep_dir_string
 .data._usbd_qdef
                0x000000002000043c       0x24 CMakeFiles/AUV-BBM.dir/home/raven/pico/pico-sdk/lib/tinyusb/src/device/usbd.c.obj
                0x000000002000043c                _usbd_qdef
 .data.i2c0_inst
                0x0000000020000460        0x8 CMakeFiles/AUV-BBM.dir/home/raven/pico/pico-sdk/src/rp2_common/hardware_i2c/i2c.c.obj
                0x0000000020000460                i2c0_inst
 .data.i2c1_inst
                0x0000000020000468        0x8 CMakeFiles/AUV-BBM.dir/home/raven/pico/pico-sdk/src/rp2_common/hardware_i2c/i2c.c.obj
                0x0000000020000468                i2c1_inst
                0x0000000020000470                . = ALIGN (0x4)
 *(.after_data.*)
                0x0000000020000470                . = ALIGN (0x4)
                0x0000000020000470                PROVIDE (__mutex_array_start = .)
 *(SORT_BY_NAME(.mutex_array.*))
 *(.mutex_array)
 .mutex_array   0x0000000020000470        0x8 CMakeFiles/AUV-BBM.dir/home/raven/pico/pico-sdk/src/rp2_common/pico_stdio/stdio.c.obj
                0x0000000020000478                PROVIDE (__mutex_array_end = .)
                0x0000000020000478                . = ALIGN (0x4)
                0x0000000020000478                PROVIDE (__preinit_array_start = .)
 *(SORT_BY_NAME(.preinit_array.*))
 .preinit_array.00001
                0x0000000020000478        0x4 CMakeFiles/AUV-BBM.dir/home/raven/pico/pico-sdk/src/rp2_common/pico_mem_ops/mem_ops_aeabi.S.obj
 .preinit_array.00010
                0x000000002000047c        0x4 CMakeFiles/AUV-BBM.dir/home/raven/pico/pico-sdk/src/rp2_common/pico_bit_ops/bit_ops_aeabi.S.obj
 .preinit_array.00020
                0x0000000020000480        0x4 CMakeFiles/AUV-BBM.dir/home/raven/pico/pico-sdk/src/rp2_common/pico_double/double_aeabi.S.obj
 .preinit_array.00020
                0x0000000020000484        0x4 CMakeFiles/AUV-BBM.dir/home/raven/pico/pico-sdk/src/rp2_common/pico_float/float_aeabi.S.obj
 *(.preinit_array)
                0x0000000020000488                PROVIDE (__preinit_array_end = .)
                0x0000000020000488                . = ALIGN (0x4)
                0x0000000020000488                PROVIDE (__init_array_start = .)
 *(SORT_BY_NAME(.init_array.*))
 *(.init_array)
 .init_array    0x0000000020000488        0x4 /usr/lib/gcc/arm-none-eabi/9.2.1/thumb/v6-m/nofp/crtbegin.o
 .init_array    0x000000002000048c        0x4 CMakeFiles/AUV-BBM.dir/home/raven/pico/pico-sdk/src/rp2_common/pico_unique_id/unique_id.c.obj
                0x0000000020000490                PROVIDE (__init_array_end = .)
                0x0000000020000490                . = ALIGN (0x4)
                0x0000000020000490                PROVIDE (__fini_array_start = .)
 *(SORT_BY_NAME(.fini_array.*))
 *(.fini_array)
                0x0000000020000490                PROVIDE (__fini_array_end = .)
 *(.jcr)
                0x0000000020000490                . = ALIGN (0x4)
                0x0000000020000490                __data_end__ = .

.tm_clone_table
                0x0000000020000490        0x0 load address 0x0000000010008700
 .tm_clone_table
                0x0000000020000490        0x0 /usr/lib/gcc/arm-none-eabi/9.2.1/thumb/v6-m/nofp/crtbegin.o
 .tm_clone_table
                0x0000000020000490        0x0 /usr/lib/gcc/arm-none-eabi/9.2.1/thumb/v6-m/nofp/crtend.o

.igot.plt       0x0000000020000490        0x0 load address 0x0000000010008700
 .igot.plt      0x0000000020000490        0x0 /usr/lib/gcc/arm-none-eabi/9.2.1/thumb/v6-m/nofp/crtbegin.o

.uninitialized_data
                0x0000000020000490        0x0 load address 0x0000000010008700
                0x0000000020000490                . = ALIGN (0x4)
 *(.uninitialized_data*)

.scratch_x      0x0000000020040000        0x0 load address 0x0000000010008700
                0x0000000020040000                __scratch_x_start__ = .
 *(.scratch_x.*)
                0x0000000020040000                . = ALIGN (0x4)
                0x0000000020040000                __scratch_x_end__ = .
                0x0000000010008700                __scratch_x_source__ = LOADADDR (.scratch_x)

.scratch_y      0x0000000020041000        0x0 load address 0x0000000010008700
                0x0000000020041000                __scratch_y_start__ = .
 *(.scratch_y.*)
                0x0000000020041000                . = ALIGN (0x4)
                0x0000000020041000                __scratch_y_end__ = .
                0x0000000010008700                __scratch_y_source__ = LOADADDR (.scratch_y)

.bss            0x0000000020000490      0xdc0
                0x0000000020000490                . = ALIGN (0x4)
                0x0000000020000490                __bss_start__ = .
 *(SORT_BY_ALIGNMENT(SORT_BY_NAME(.bss*)))
 .bss._ZL16pwm_slice_config
                0x0000000020000490       0x18 CMakeFiles/AUV-BBM.dir/func-pwm.cpp.obj
 .bss.default_alarm_pool_entries
                0x00000000200004a8      0x100 CMakeFiles/AUV-BBM.dir/home/raven/pico/pico-sdk/src/common/pico_time/time.c.obj
 .bss.last_avail_time.7186
                0x00000000200005a8        0x8 CMakeFiles/AUV-BBM.dir/home/raven/pico/pico-sdk/src/rp2_common/pico_stdio_usb/stdio_usb.c.obj
 .bss           0x00000000200005b0       0x1c /usr/lib/gcc/arm-none-eabi/9.2.1/thumb/v6-m/nofp/crtbegin.o
 .bss.MS5837    0x00000000200005cc        0x1 CMakeFiles/AUV-BBM.dir/AUV-BBM.cpp.obj
                0x00000000200005cc                MS5837
 *fill*         0x00000000200005cd        0x3 
 .bss._app_driver
                0x00000000200005d0        0x4 CMakeFiles/AUV-BBM.dir/home/raven/pico/pico-sdk/lib/tinyusb/src/device/usbd.c.obj
 .bss._cdcd_itf
                0x00000000200005d4      0x2d8 CMakeFiles/AUV-BBM.dir/home/raven/pico/pico-sdk/lib/tinyusb/src/class/cdc/cdc_device.c.obj
 .bss._ctrl_xfer
                0x00000000200008ac       0x14 CMakeFiles/AUV-BBM.dir/home/raven/pico/pico-sdk/lib/tinyusb/src/device/usbd_control.c.obj
 .bss._ubsd_mutexdef
                0x00000000200008c0        0x8 CMakeFiles/AUV-BBM.dir/home/raven/pico/pico-sdk/lib/tinyusb/src/device/usbd.c.obj
 .bss._usbd_ctrl_buf
                0x00000000200008c8       0x40 CMakeFiles/AUV-BBM.dir/home/raven/pico/pico-sdk/lib/tinyusb/src/device/usbd_control.c.obj
 .bss._usbd_dev
                0x0000000020000908       0x53 CMakeFiles/AUV-BBM.dir/home/raven/pico/pico-sdk/lib/tinyusb/src/device/usbd.c.obj
 *fill*         0x000000002000095b        0x1 
 .bss._usbd_mutex
                0x000000002000095c        0x4 CMakeFiles/AUV-BBM.dir/home/raven/pico/pico-sdk/lib/tinyusb/src/device/usbd.c.obj
 .bss._usbd_q   0x0000000020000960        0x4 CMakeFiles/AUV-BBM.dir/home/raven/pico/pico-sdk/lib/tinyusb/src/device/usbd.c.obj
 .bss.alarm_callbacks
                0x0000000020000964       0x10 CMakeFiles/AUV-BBM.dir/home/raven/pico/pico-sdk/src/rp2_common/hardware_timer/timer.c.obj
 .bss.boot2_copyout
                0x0000000020000974      0x100 CMakeFiles/AUV-BBM.dir/home/raven/pico/pico-sdk/src/rp2_common/hardware_flash/flash.c.obj
 .bss.c         0x0000000020000a74        0xe CMakeFiles/AUV-BBM.dir/func-MS5837-02BA.cpp.obj
                0x0000000020000a74                c
 *fill*         0x0000000020000a82        0x2 
 .bss.claimed   0x0000000020000a84        0x4 CMakeFiles/AUV-BBM.dir/home/raven/pico/pico-sdk/src/rp2_common/hardware_sync/sync.c.obj
 .bss.configured_freq
                0x0000000020000a88       0x28 CMakeFiles/AUV-BBM.dir/home/raven/pico/pico-sdk/src/rp2_common/hardware_clocks/clocks.c.obj
 .bss.default_alarm_pool_entry_ids_high
                0x0000000020000ab0       0x10 CMakeFiles/AUV-BBM.dir/home/raven/pico/pico-sdk/src/common/pico_time/time.c.obj
 .bss.default_alarm_pool_heap_nodes
                0x0000000020000ac0       0x30 CMakeFiles/AUV-BBM.dir/home/raven/pico/pico-sdk/src/common/pico_time/time.c.obj
 .bss.desc_str.7071
                0x0000000020000af0       0x28 CMakeFiles/AUV-BBM.dir/home/raven/pico/pico-sdk/src/rp2_common/pico_stdio_usb/stdio_usb_descriptors.c.obj
 .bss.drivers   0x0000000020000b18        0x4 CMakeFiles/AUV-BBM.dir/home/raven/pico/pico-sdk/src/rp2_common/pico_stdio/stdio.c.obj
 .bss.filter    0x0000000020000b1c        0x4 CMakeFiles/AUV-BBM.dir/home/raven/pico/pico-sdk/src/rp2_common/pico_stdio/stdio.c.obj
 .bss.hw_endpoints
                0x0000000020000b20      0x400 CMakeFiles/AUV-BBM.dir/home/raven/pico/pico-sdk/lib/tinyusb/src/portable/raspberrypi/rp2040/dcd_rp2040.c.obj
 .bss.i2c       0x0000000020000f20        0x1 CMakeFiles/AUV-BBM.dir/AUV-BBM.cpp.obj
                0x0000000020000f20                i2c
 *fill*         0x0000000020000f21        0x3 
 .bss.i2c_MS5837
                0x0000000020000f24        0x1 CMakeFiles/AUV-BBM.dir/func-MS5837-02BA.cpp.obj
                0x0000000020000f24                i2c_MS5837
 *fill*         0x0000000020000f25        0x3 
 .bss.lazy_vsnprintf
                0x0000000020000f28        0x4 CMakeFiles/AUV-BBM.dir/home/raven/pico/pico-sdk/src/rp2_common/pico_printf/printf.c.obj
 .bss.load_value
                0x0000000020000f2c        0x4 CMakeFiles/AUV-BBM.dir/home/raven/pico/pico-sdk/src/rp2_common/hardware_watchdog/watchdog.c.obj
 .bss.next_buffer_ptr
                0x0000000020000f30        0x4 CMakeFiles/AUV-BBM.dir/home/raven/pico/pico-sdk/lib/tinyusb/src/portable/raspberrypi/rp2040/dcd_rp2040.c.obj
 .bss.pools     0x0000000020000f34       0x10 CMakeFiles/AUV-BBM.dir/home/raven/pico/pico-sdk/src/common/pico_time/time.c.obj
 .bss.pwm       0x0000000020000f44        0x1 CMakeFiles/AUV-BBM.dir/AUV-BBM.cpp.obj
                0x0000000020000f44                pwm
 *fill*         0x0000000020000f45        0x3 
 .bss.retrieved_id
                0x0000000020000f48        0x8 CMakeFiles/AUV-BBM.dir/home/raven/pico/pico-sdk/src/rp2_common/pico_unique_id/unique_id.c.obj
 .bss.sf_clz_func
                0x0000000020000f50        0x4 CMakeFiles/AUV-BBM.dir/home/raven/pico/pico-sdk/src/rp2_common/pico_double/double_init_rom.c.obj
                0x0000000020000f50                sf_clz_func
 .bss.sleep_notifier
                0x0000000020000f54        0x4 CMakeFiles/AUV-BBM.dir/home/raven/pico/pico-sdk/src/common/pico_time/time.c.obj
 .bss.stdio_usb_mutex
                0x0000000020000f58        0x8 CMakeFiles/AUV-BBM.dir/home/raven/pico/pico-sdk/src/rp2_common/pico_stdio_usb/stdio_usb.c.obj
 .bss.target_hi
                0x0000000020000f60       0x10 CMakeFiles/AUV-BBM.dir/home/raven/pico/pico-sdk/src/rp2_common/hardware_timer/timer.c.obj
 .bss.usbd_serial_str
                0x0000000020000f70       0x11 CMakeFiles/AUV-BBM.dir/home/raven/pico/pico-sdk/src/rp2_common/pico_stdio_usb/stdio_usb_descriptors.c.obj
 *fill*         0x0000000020000f81        0x3 
 .bss.user_irq_claimed
                0x0000000020000f84        0x2 CMakeFiles/AUV-BBM.dir/home/raven/pico/pico-sdk/src/rp2_common/hardware_irq/irq.c.obj
 .bss._app_driver_count
                0x0000000020000f86        0x1 CMakeFiles/AUV-BBM.dir/home/raven/pico/pico-sdk/lib/tinyusb/src/device/usbd.c.obj
 .bss._usbd_initialized
                0x0000000020000f87        0x1 CMakeFiles/AUV-BBM.dir/home/raven/pico/pico-sdk/lib/tinyusb/src/device/usbd.c.obj
 .bss.boot2_copyout_valid
                0x0000000020000f88        0x1 CMakeFiles/AUV-BBM.dir/home/raven/pico/pico-sdk/src/rp2_common/hardware_flash/flash.c.obj
 .bss.claimed   0x0000000020000f89        0x1 CMakeFiles/AUV-BBM.dir/home/raven/pico/pico-sdk/src/rp2_common/hardware_timer/timer.c.obj
 .bss.irq_hander_chain_free_slot_head
                0x0000000020000f8a        0x1 CMakeFiles/AUV-BBM.dir/home/raven/pico/pico-sdk/src/rp2_common/hardware_irq/irq.c.obj
 .bss.itf_num   0x0000000020000f8b        0x1 CMakeFiles/AUV-BBM.dir/home/raven/pico/pico-sdk/src/rp2_common/pico_stdio_usb/reset_interface.c.obj
 .bss.low_priority_irq_num
                0x0000000020000f8c        0x1 CMakeFiles/AUV-BBM.dir/home/raven/pico/pico-sdk/src/rp2_common/pico_stdio_usb/stdio_usb.c.obj
 .bss.timer_callbacks_pending
                0x0000000020000f8d        0x1 CMakeFiles/AUV-BBM.dir/home/raven/pico/pico-sdk/src/rp2_common/hardware_timer/timer.c.obj
 *(COMMON)
 *fill*         0x0000000020000f8e        0x2 
 COMMON         0x0000000020000f90      0x100 CMakeFiles/AUV-BBM.dir/home/raven/pico/pico-sdk/src/rp2_common/pico_double/double_init_rom.c.obj
                0x0000000020000f90                sd_table
 COMMON         0x0000000020001090      0x100 CMakeFiles/AUV-BBM.dir/home/raven/pico/pico-sdk/src/rp2_common/pico_float/float_init_rom.c.obj
                0x0000000020001090                sf_table
 COMMON         0x0000000020001190       0xc0 CMakeFiles/AUV-BBM.dir/home/raven/pico/pico-sdk/lib/tinyusb/src/device/usbd.c.obj
                0x0000000020001190                _usbd_qdef_buf
                0x0000000020001250                . = ALIGN (0x4)
                0x0000000020001250                __bss_end__ = .

.heap           0x0000000020001250      0x800
                0x0000000020001250                __end__ = .
                0x0000000020001250                end = __end__
 *(.heap*)
 .heap          0x0000000020001250      0x800 CMakeFiles/AUV-BBM.dir/home/raven/pico/pico-sdk/src/rp2_common/pico_standard_link/crt0.S.obj
                0x0000000020001a50                __HeapLimit = .

.stack1_dummy   0x0000000020040000        0x0
 *(.stack1*)

.stack_dummy    0x0000000020041000      0x800
 *(.stack*)
 .stack         0x0000000020041000      0x800 CMakeFiles/AUV-BBM.dir/home/raven/pico/pico-sdk/src/rp2_common/pico_standard_link/crt0.S.obj

.flash_end      0x0000000010008700        0x0
                0x0000000010008700                __flash_binary_end = .
                0x0000000020040000                __StackLimit = (ORIGIN (RAM) + LENGTH (RAM))
                0x0000000020041000                __StackOneTop = (ORIGIN (SCRATCH_X) + LENGTH (SCRATCH_X))
                0x0000000020042000                __StackTop = (ORIGIN (SCRATCH_Y) + LENGTH (SCRATCH_Y))
                0x0000000020041000                __StackOneBottom = (__StackOneTop - SIZEOF (.stack1_dummy))
                0x0000000020041800                __StackBottom = (__StackTop - SIZEOF (.stack_dummy))
                0x0000000020042000                PROVIDE (__stack = __StackTop)
                0x0000000000000001                ASSERT ((__StackLimit >= __HeapLimit), region RAM overflowed)
                0x0000000000000001                ASSERT (((__binary_info_header_end - __logical_binary_start) <= 0x100), Binary info must be in first 256 bytes of the binary)
LOAD CMakeFiles/AUV-BBM.dir/AUV-BBM.cpp.obj
LOAD CMakeFiles/AUV-BBM.dir/func-pwm.cpp.obj
LOAD CMakeFiles/AUV-BBM.dir/func-i2c.cpp.obj
LOAD CMakeFiles/AUV-BBM.dir/func-MS5837-02BA.cpp.obj
LOAD CMakeFiles/AUV-BBM.dir/func-BNO055.cpp.obj
LOAD CMakeFiles/AUV-BBM.dir/home/raven/pico/pico-sdk/src/rp2_common/pico_stdlib/stdlib.c.obj
LOAD CMakeFiles/AUV-BBM.dir/home/raven/pico/pico-sdk/src/rp2_common/hardware_gpio/gpio.c.obj
LOAD CMakeFiles/AUV-BBM.dir/home/raven/pico/pico-sdk/src/rp2_common/hardware_claim/claim.c.obj
LOAD CMakeFiles/AUV-BBM.dir/home/raven/pico/pico-sdk/src/rp2_common/pico_platform/platform.c.obj
LOAD CMakeFiles/AUV-BBM.dir/home/raven/pico/pico-sdk/src/rp2_common/hardware_sync/sync.c.obj
LOAD CMakeFiles/AUV-BBM.dir/home/raven/pico/pico-sdk/src/rp2_common/hardware_irq/irq.c.obj
LOAD CMakeFiles/AUV-BBM.dir/home/raven/pico/pico-sdk/src/rp2_common/hardware_irq/irq_handler_chain.S.obj
LOAD CMakeFiles/AUV-BBM.dir/home/raven/pico/pico-sdk/src/common/pico_sync/sem.c.obj
LOAD CMakeFiles/AUV-BBM.dir/home/raven/pico/pico-sdk/src/common/pico_sync/lock_core.c.obj
LOAD CMakeFiles/AUV-BBM.dir/home/raven/pico/pico-sdk/src/common/pico_time/time.c.obj
LOAD CMakeFiles/AUV-BBM.dir/home/raven/pico/pico-sdk/src/common/pico_time/timeout_helper.c.obj
LOAD CMakeFiles/AUV-BBM.dir/home/raven/pico/pico-sdk/src/rp2_common/hardware_timer/timer.c.obj
LOAD CMakeFiles/AUV-BBM.dir/home/raven/pico/pico-sdk/src/common/pico_util/datetime.c.obj
LOAD CMakeFiles/AUV-BBM.dir/home/raven/pico/pico-sdk/src/common/pico_util/pheap.c.obj
LOAD CMakeFiles/AUV-BBM.dir/home/raven/pico/pico-sdk/src/common/pico_util/queue.c.obj
LOAD CMakeFiles/AUV-BBM.dir/home/raven/pico/pico-sdk/src/common/pico_sync/mutex.c.obj
LOAD CMakeFiles/AUV-BBM.dir/home/raven/pico/pico-sdk/src/common/pico_sync/critical_section.c.obj
LOAD CMakeFiles/AUV-BBM.dir/home/raven/pico/pico-sdk/src/rp2_common/hardware_uart/uart.c.obj
LOAD CMakeFiles/AUV-BBM.dir/home/raven/pico/pico-sdk/src/rp2_common/hardware_divider/divider.S.obj
LOAD CMakeFiles/AUV-BBM.dir/home/raven/pico/pico-sdk/src/rp2_common/pico_runtime/runtime.c.obj
LOAD CMakeFiles/AUV-BBM.dir/home/raven/pico/pico-sdk/src/rp2_common/hardware_clocks/clocks.c.obj
LOAD CMakeFiles/AUV-BBM.dir/home/raven/pico/pico-sdk/src/rp2_common/hardware_pll/pll.c.obj
LOAD CMakeFiles/AUV-BBM.dir/home/raven/pico/pico-sdk/src/rp2_common/hardware_vreg/vreg.c.obj
LOAD CMakeFiles/AUV-BBM.dir/home/raven/pico/pico-sdk/src/rp2_common/hardware_watchdog/watchdog.c.obj
LOAD CMakeFiles/AUV-BBM.dir/home/raven/pico/pico-sdk/src/rp2_common/hardware_xosc/xosc.c.obj
LOAD CMakeFiles/AUV-BBM.dir/home/raven/pico/pico-sdk/src/rp2_common/pico_printf/printf.c.obj
LOAD CMakeFiles/AUV-BBM.dir/home/raven/pico/pico-sdk/src/rp2_common/pico_bit_ops/bit_ops_aeabi.S.obj
LOAD CMakeFiles/AUV-BBM.dir/home/raven/pico/pico-sdk/src/rp2_common/pico_bootrom/bootrom.c.obj
LOAD CMakeFiles/AUV-BBM.dir/home/raven/pico/pico-sdk/src/rp2_common/pico_divider/divider.S.obj
LOAD CMakeFiles/AUV-BBM.dir/home/raven/pico/pico-sdk/src/rp2_common/pico_double/double_aeabi.S.obj
LOAD CMakeFiles/AUV-BBM.dir/home/raven/pico/pico-sdk/src/rp2_common/pico_double/double_init_rom.c.obj
LOAD CMakeFiles/AUV-BBM.dir/home/raven/pico/pico-sdk/src/rp2_common/pico_double/double_math.c.obj
LOAD CMakeFiles/AUV-BBM.dir/home/raven/pico/pico-sdk/src/rp2_common/pico_double/double_v1_rom_shim.S.obj
LOAD CMakeFiles/AUV-BBM.dir/home/raven/pico/pico-sdk/src/rp2_common/pico_int64_ops/pico_int64_ops_aeabi.S.obj
LOAD CMakeFiles/AUV-BBM.dir/home/raven/pico/pico-sdk/src/rp2_common/pico_float/float_aeabi.S.obj
LOAD CMakeFiles/AUV-BBM.dir/home/raven/pico/pico-sdk/src/rp2_common/pico_float/float_init_rom.c.obj
LOAD CMakeFiles/AUV-BBM.dir/home/raven/pico/pico-sdk/src/rp2_common/pico_float/float_math.c.obj
LOAD CMakeFiles/AUV-BBM.dir/home/raven/pico/pico-sdk/src/rp2_common/pico_float/float_v1_rom_shim.S.obj
LOAD CMakeFiles/AUV-BBM.dir/home/raven/pico/pico-sdk/src/rp2_common/pico_malloc/pico_malloc.c.obj
LOAD CMakeFiles/AUV-BBM.dir/home/raven/pico/pico-sdk/src/rp2_common/pico_mem_ops/mem_ops_aeabi.S.obj
LOAD CMakeFiles/AUV-BBM.dir/home/raven/pico/pico-sdk/src/rp2_common/pico_standard_link/crt0.S.obj
LOAD CMakeFiles/AUV-BBM.dir/home/raven/pico/pico-sdk/src/rp2_common/pico_standard_link/new_delete.cpp.obj
LOAD CMakeFiles/AUV-BBM.dir/home/raven/pico/pico-sdk/src/rp2_common/pico_standard_link/binary_info.c.obj
LOAD CMakeFiles/AUV-BBM.dir/home/raven/pico/pico-sdk/src/rp2_common/pico_stdio/stdio.c.obj
LOAD CMakeFiles/AUV-BBM.dir/home/raven/pico/pico-sdk/src/rp2_common/pico_stdio_usb/reset_interface.c.obj
LOAD CMakeFiles/AUV-BBM.dir/home/raven/pico/pico-sdk/src/rp2_common/pico_stdio_usb/stdio_usb.c.obj
LOAD CMakeFiles/AUV-BBM.dir/home/raven/pico/pico-sdk/src/rp2_common/pico_stdio_usb/stdio_usb_descriptors.c.obj
LOAD CMakeFiles/AUV-BBM.dir/home/raven/pico/pico-sdk/lib/tinyusb/src/portable/raspberrypi/rp2040/dcd_rp2040.c.obj
LOAD CMakeFiles/AUV-BBM.dir/home/raven/pico/pico-sdk/lib/tinyusb/src/portable/raspberrypi/rp2040/rp2040_usb.c.obj
LOAD CMakeFiles/AUV-BBM.dir/home/raven/pico/pico-sdk/lib/tinyusb/src/device/usbd.c.obj
LOAD CMakeFiles/AUV-BBM.dir/home/raven/pico/pico-sdk/lib/tinyusb/src/device/usbd_control.c.obj
LOAD CMakeFiles/AUV-BBM.dir/home/raven/pico/pico-sdk/lib/tinyusb/src/class/audio/audio_device.c.obj
LOAD CMakeFiles/AUV-BBM.dir/home/raven/pico/pico-sdk/lib/tinyusb/src/class/cdc/cdc_device.c.obj
LOAD CMakeFiles/AUV-BBM.dir/home/raven/pico/pico-sdk/lib/tinyusb/src/class/dfu/dfu_device.c.obj
LOAD CMakeFiles/AUV-BBM.dir/home/raven/pico/pico-sdk/lib/tinyusb/src/class/dfu/dfu_rt_device.c.obj
LOAD CMakeFiles/AUV-BBM.dir/home/raven/pico/pico-sdk/lib/tinyusb/src/class/hid/hid_device.c.obj
LOAD CMakeFiles/AUV-BBM.dir/home/raven/pico/pico-sdk/lib/tinyusb/src/class/midi/midi_device.c.obj
LOAD CMakeFiles/AUV-BBM.dir/home/raven/pico/pico-sdk/lib/tinyusb/src/class/msc/msc_device.c.obj
LOAD CMakeFiles/AUV-BBM.dir/home/raven/pico/pico-sdk/lib/tinyusb/src/class/net/ecm_rndis_device.c.obj
LOAD CMakeFiles/AUV-BBM.dir/home/raven/pico/pico-sdk/lib/tinyusb/src/class/net/ncm_device.c.obj
LOAD CMakeFiles/AUV-BBM.dir/home/raven/pico/pico-sdk/lib/tinyusb/src/class/usbtmc/usbtmc_device.c.obj
LOAD CMakeFiles/AUV-BBM.dir/home/raven/pico/pico-sdk/lib/tinyusb/src/class/vendor/vendor_device.c.obj
LOAD CMakeFiles/AUV-BBM.dir/home/raven/pico/pico-sdk/lib/tinyusb/src/class/video/video_device.c.obj
LOAD CMakeFiles/AUV-BBM.dir/home/raven/pico/pico-sdk/lib/tinyusb/src/tusb.c.obj
LOAD CMakeFiles/AUV-BBM.dir/home/raven/pico/pico-sdk/lib/tinyusb/src/common/tusb_fifo.c.obj
LOAD CMakeFiles/AUV-BBM.dir/home/raven/pico/pico-sdk/src/rp2_common/pico_fix/rp2040_usb_device_enumeration/rp2040_usb_device_enumeration.c.obj
LOAD CMakeFiles/AUV-BBM.dir/home/raven/pico/pico-sdk/src/rp2_common/pico_unique_id/unique_id.c.obj
LOAD CMakeFiles/AUV-BBM.dir/home/raven/pico/pico-sdk/src/rp2_common/hardware_flash/flash.c.obj
LOAD CMakeFiles/AUV-BBM.dir/home/raven/pico/pico-sdk/src/rp2_common/hardware_i2c/i2c.c.obj
LOAD /tmp/cc6cSj0B.o
LOAD /usr/lib/gcc/arm-none-eabi/9.2.1/../../../arm-none-eabi/lib/thumb/v6-m/nofp/libstdc++.a
LOAD /usr/lib/gcc/arm-none-eabi/9.2.1/../../../arm-none-eabi/lib/thumb/v6-m/nofp/libm.a
START GROUP
LOAD /usr/lib/gcc/arm-none-eabi/9.2.1/thumb/v6-m/nofp/libgcc.a
LOAD /usr/lib/gcc/arm-none-eabi/9.2.1/../../../arm-none-eabi/lib/thumb/v6-m/nofp/libc.a
END GROUP
START GROUP
LOAD /usr/lib/gcc/arm-none-eabi/9.2.1/thumb/v6-m/nofp/libgcc.a
LOAD /usr/lib/gcc/arm-none-eabi/9.2.1/../../../arm-none-eabi/lib/thumb/v6-m/nofp/libc.a
LOAD /usr/lib/gcc/arm-none-eabi/9.2.1/../../../arm-none-eabi/lib/thumb/v6-m/nofp/libnosys.a
END GROUP
LOAD /usr/lib/gcc/arm-none-eabi/9.2.1/thumb/v6-m/nofp/crtend.o
LOAD /usr/lib/gcc/arm-none-eabi/9.2.1/thumb/v6-m/nofp/crtn.o
OUTPUT(AUV-BBM.elf elf32-littlearm)
LOAD linker stubs

.ARM.attributes
                0x0000000000000000       0x28
 .ARM.attributes
                0x0000000000000000       0x1e /usr/lib/gcc/arm-none-eabi/9.2.1/thumb/v6-m/nofp/crti.o
 .ARM.attributes
                0x000000000000001e       0x2c /usr/lib/gcc/arm-none-eabi/9.2.1/thumb/v6-m/nofp/crtbegin.o
 .ARM.attributes
                0x000000000000004a       0x2c CMakeFiles/AUV-BBM.dir/AUV-BBM.cpp.obj
 .ARM.attributes
                0x0000000000000076       0x2c CMakeFiles/AUV-BBM.dir/func-pwm.cpp.obj
 .ARM.attributes
                0x00000000000000a2       0x2c CMakeFiles/AUV-BBM.dir/func-i2c.cpp.obj
 .ARM.attributes
                0x00000000000000ce       0x2c CMakeFiles/AUV-BBM.dir/func-MS5837-02BA.cpp.obj
 .ARM.attributes
                0x00000000000000fa       0x2c CMakeFiles/AUV-BBM.dir/home/raven/pico/pico-sdk/src/rp2_common/hardware_gpio/gpio.c.obj
 .ARM.attributes
                0x0000000000000126       0x2c CMakeFiles/AUV-BBM.dir/home/raven/pico/pico-sdk/src/rp2_common/hardware_claim/claim.c.obj
 .ARM.attributes
                0x0000000000000152       0x2c CMakeFiles/AUV-BBM.dir/home/raven/pico/pico-sdk/src/rp2_common/pico_platform/platform.c.obj
 .ARM.attributes
                0x000000000000017e       0x2c CMakeFiles/AUV-BBM.dir/home/raven/pico/pico-sdk/src/rp2_common/hardware_sync/sync.c.obj
 .ARM.attributes
                0x00000000000001aa       0x2c CMakeFiles/AUV-BBM.dir/home/raven/pico/pico-sdk/src/rp2_common/hardware_irq/irq.c.obj
 .ARM.attributes
                0x00000000000001d6       0x22 CMakeFiles/AUV-BBM.dir/home/raven/pico/pico-sdk/src/rp2_common/hardware_irq/irq_handler_chain.S.obj
 .ARM.attributes
                0x00000000000001f8       0x2c CMakeFiles/AUV-BBM.dir/home/raven/pico/pico-sdk/src/common/pico_sync/lock_core.c.obj
 .ARM.attributes
                0x0000000000000224       0x2c CMakeFiles/AUV-BBM.dir/home/raven/pico/pico-sdk/src/common/pico_time/time.c.obj
 .ARM.attributes
                0x0000000000000250       0x2c CMakeFiles/AUV-BBM.dir/home/raven/pico/pico-sdk/src/rp2_common/hardware_timer/timer.c.obj
 .ARM.attributes
                0x000000000000027c       0x2c CMakeFiles/AUV-BBM.dir/home/raven/pico/pico-sdk/src/common/pico_util/pheap.c.obj
 .ARM.attributes
                0x00000000000002a8       0x2c CMakeFiles/AUV-BBM.dir/home/raven/pico/pico-sdk/src/common/pico_sync/mutex.c.obj
 .ARM.attributes
                0x00000000000002d4       0x2c CMakeFiles/AUV-BBM.dir/home/raven/pico/pico-sdk/src/common/pico_sync/critical_section.c.obj
 .ARM.attributes
                0x0000000000000300       0x2c CMakeFiles/AUV-BBM.dir/home/raven/pico/pico-sdk/src/rp2_common/pico_runtime/runtime.c.obj
 .ARM.attributes
                0x000000000000032c       0x2c CMakeFiles/AUV-BBM.dir/home/raven/pico/pico-sdk/src/rp2_common/hardware_clocks/clocks.c.obj
 .ARM.attributes
                0x0000000000000358       0x2c CMakeFiles/AUV-BBM.dir/home/raven/pico/pico-sdk/src/rp2_common/hardware_pll/pll.c.obj
 .ARM.attributes
                0x0000000000000384       0x2c CMakeFiles/AUV-BBM.dir/home/raven/pico/pico-sdk/src/rp2_common/hardware_watchdog/watchdog.c.obj
 .ARM.attributes
                0x00000000000003b0       0x2c CMakeFiles/AUV-BBM.dir/home/raven/pico/pico-sdk/src/rp2_common/hardware_xosc/xosc.c.obj
 .ARM.attributes
                0x00000000000003dc       0x2c CMakeFiles/AUV-BBM.dir/home/raven/pico/pico-sdk/src/rp2_common/pico_printf/printf.c.obj
 .ARM.attributes
                0x0000000000000408       0x22 CMakeFiles/AUV-BBM.dir/home/raven/pico/pico-sdk/src/rp2_common/pico_bit_ops/bit_ops_aeabi.S.obj
 .ARM.attributes
                0x000000000000042a       0x2c CMakeFiles/AUV-BBM.dir/home/raven/pico/pico-sdk/src/rp2_common/pico_bootrom/bootrom.c.obj
 .ARM.attributes
                0x0000000000000456       0x22 CMakeFiles/AUV-BBM.dir/home/raven/pico/pico-sdk/src/rp2_common/pico_divider/divider.S.obj
 .ARM.attributes
                0x0000000000000478       0x22 CMakeFiles/AUV-BBM.dir/home/raven/pico/pico-sdk/src/rp2_common/pico_double/double_aeabi.S.obj
 .ARM.attributes
                0x000000000000049a       0x2c CMakeFiles/AUV-BBM.dir/home/raven/pico/pico-sdk/src/rp2_common/pico_double/double_init_rom.c.obj
 .ARM.attributes
                0x00000000000004c6       0x22 CMakeFiles/AUV-BBM.dir/home/raven/pico/pico-sdk/src/rp2_common/pico_double/double_v1_rom_shim.S.obj
 .ARM.attributes
                0x00000000000004e8       0x22 CMakeFiles/AUV-BBM.dir/home/raven/pico/pico-sdk/src/rp2_common/pico_int64_ops/pico_int64_ops_aeabi.S.obj
 .ARM.attributes
                0x000000000000050a       0x22 CMakeFiles/AUV-BBM.dir/home/raven/pico/pico-sdk/src/rp2_common/pico_float/float_aeabi.S.obj
 .ARM.attributes
                0x000000000000052c       0x2c CMakeFiles/AUV-BBM.dir/home/raven/pico/pico-sdk/src/rp2_common/pico_float/float_init_rom.c.obj