Archive member included to satisfy reference by file (symbol)

/usr/lib/gcc/arm-none-eabi/13.2.1/../../../arm-none-eabi/lib/thumb/v6-m/nofp/libstdc++.a(string-inst.o)
                              CMakeFiles/main.dir/func-uart.cpp.obj (std::__cxx11::basic_string<char, std::char_traits<char>, std::allocator<char> >::_M_dispose())
/usr/lib/gcc/arm-none-eabi/13.2.1/../../../arm-none-eabi/lib/thumb/v6-m/nofp/libstdc++.a(eh_arm.o)
                              /usr/lib/gcc/arm-none-eabi/13.2.1/../../../arm-none-eabi/lib/thumb/v6-m/nofp/libstdc++.a(string-inst.o) (__cxa_end_cleanup)
/usr/lib/gcc/arm-none-eabi/13.2.1/../../../arm-none-eabi/lib/thumb/v6-m/nofp/libstdc++.a(eh_catch.o)
                              /usr/lib/gcc/arm-none-eabi/13.2.1/../../../arm-none-eabi/lib/thumb/v6-m/nofp/libstdc++.a(string-inst.o) (__cxa_begin_catch)
/usr/lib/gcc/arm-none-eabi/13.2.1/../../../arm-none-eabi/lib/thumb/v6-m/nofp/libstdc++.a(eh_exception.o)
                              /usr/lib/gcc/arm-none-eabi/13.2.1/../../../arm-none-eabi/lib/thumb/v6-m/nofp/libstdc++.a(string-inst.o) (typeinfo for __cxxabiv1::__forced_unwind)
/usr/lib/gcc/arm-none-eabi/13.2.1/../../../arm-none-eabi/lib/thumb/v6-m/nofp/libstdc++.a(eh_globals.o)
                              /usr/lib/gcc/arm-none-eabi/13.2.1/../../../arm-none-eabi/lib/thumb/v6-m/nofp/libstdc++.a(eh_catch.o) (__cxa_get_globals_fast)
/usr/lib/gcc/arm-none-eabi/13.2.1/../../../arm-none-eabi/lib/thumb/v6-m/nofp/libstdc++.a(eh_personality.o)
                              /usr/lib/gcc/arm-none-eabi/13.2.1/../../../arm-none-eabi/lib/thumb/v6-m/nofp/libstdc++.a(string-inst.o) (__gxx_personality_v0)
/usr/lib/gcc/arm-none-eabi/13.2.1/../../../arm-none-eabi/lib/thumb/v6-m/nofp/libstdc++.a(eh_terminate.o)
                              /usr/lib/gcc/arm-none-eabi/13.2.1/../../../arm-none-eabi/lib/thumb/v6-m/nofp/libstdc++.a(eh_arm.o) (std::terminate())
/usr/lib/gcc/arm-none-eabi/13.2.1/../../../arm-none-eabi/lib/thumb/v6-m/nofp/libstdc++.a(eh_throw.o)
                              /usr/lib/gcc/arm-none-eabi/13.2.1/../../../arm-none-eabi/lib/thumb/v6-m/nofp/libstdc++.a(string-inst.o) (__cxa_rethrow)
/usr/lib/gcc/arm-none-eabi/13.2.1/../../../arm-none-eabi/lib/thumb/v6-m/nofp/libstdc++.a(eh_unex_handler.o)
                              /usr/lib/gcc/arm-none-eabi/13.2.1/../../../arm-none-eabi/lib/thumb/v6-m/nofp/libstdc++.a(eh_terminate.o) (__cxxabiv1::__unexpected_handler)
/usr/lib/gcc/arm-none-eabi/13.2.1/../../../arm-none-eabi/lib/thumb/v6-m/nofp/libstdc++.a(si_class_type_info.o)
                              /usr/lib/gcc/arm-none-eabi/13.2.1/../../../arm-none-eabi/lib/thumb/v6-m/nofp/libstdc++.a(eh_exception.o) (vtable for __cxxabiv1::__si_class_type_info)
/usr/lib/gcc/arm-none-eabi/13.2.1/../../../arm-none-eabi/lib/thumb/v6-m/nofp/libstdc++.a(tinfo.o)
                              /usr/lib/gcc/arm-none-eabi/13.2.1/../../../arm-none-eabi/lib/thumb/v6-m/nofp/libstdc++.a(si_class_type_info.o) (std::type_info::__is_pointer_p() const)
/usr/lib/gcc/arm-none-eabi/13.2.1/../../../arm-none-eabi/lib/thumb/v6-m/nofp/libstdc++.a(functexcept.o)
                              /usr/lib/gcc/arm-none-eabi/13.2.1/../../../arm-none-eabi/lib/thumb/v6-m/nofp/libstdc++.a(string-inst.o) (std::__throw_bad_alloc())
/usr/lib/gcc/arm-none-eabi/13.2.1/../../../arm-none-eabi/lib/thumb/v6-m/nofp/libstdc++.a(bad_alloc.o)
                              /usr/lib/gcc/arm-none-eabi/13.2.1/../../../arm-none-eabi/lib/thumb/v6-m/nofp/libstdc++.a(functexcept.o) (vtable for std::bad_alloc)
/usr/lib/gcc/arm-none-eabi/13.2.1/../../../arm-none-eabi/lib/thumb/v6-m/nofp/libstdc++.a(bad_array_new.o)
                              /usr/lib/gcc/arm-none-eabi/13.2.1/../../../arm-none-eabi/lib/thumb/v6-m/nofp/libstdc++.a(functexcept.o) (vtable for std::bad_array_new_length)
/usr/lib/gcc/arm-none-eabi/13.2.1/../../../arm-none-eabi/lib/thumb/v6-m/nofp/libstdc++.a(bad_cast.o)
                              /usr/lib/gcc/arm-none-eabi/13.2.1/../../../arm-none-eabi/lib/thumb/v6-m/nofp/libstdc++.a(functexcept.o) (vtable for std::bad_cast)
/usr/lib/gcc/arm-none-eabi/13.2.1/../../../arm-none-eabi/lib/thumb/v6-m/nofp/libstdc++.a(bad_typeid.o)
                              /usr/lib/gcc/arm-none-eabi/13.2.1/../../../arm-none-eabi/lib/thumb/v6-m/nofp/libstdc++.a(functexcept.o) (vtable for std::bad_typeid)
/usr/lib/gcc/arm-none-eabi/13.2.1/../../../arm-none-eabi/lib/thumb/v6-m/nofp/libstdc++.a(class_type_info.o)
                              /usr/lib/gcc/arm-none-eabi/13.2.1/../../../arm-none-eabi/lib/thumb/v6-m/nofp/libstdc++.a(si_class_type_info.o) (__cxxabiv1::__class_type_info::__do_upcast(__cxxabiv1::__class_type_info const*, void**) const)
/usr/lib/gcc/arm-none-eabi/13.2.1/../../../arm-none-eabi/lib/thumb/v6-m/nofp/libstdc++.a(eh_alloc.o)
                              /usr/lib/gcc/arm-none-eabi/13.2.1/../../../arm-none-eabi/lib/thumb/v6-m/nofp/libstdc++.a(functexcept.o) (__cxa_allocate_exception)
[...]
Memory Configuration

Name             Origin             Length             Attributes
FLASH            0x10000000         0x00200000         xr
RAM              0x20000000         0x00040000         xrw
SCRATCH_X        0x20040000         0x00001000         xrw
SCRATCH_Y        0x20041000         0x00001000         xrw
*default*        0x00000000         0xffffffff

Linker script and memory map

LOAD /usr/lib/gcc/arm-none-eabi/13.2.1/thumb/v6-m/nofp/crti.o
LOAD /usr/lib/gcc/arm-none-eabi/13.2.1/thumb/v6-m/nofp/crtbegin.o
LOAD /usr/lib/gcc/arm-none-eabi/13.2.1/../../../arm-none-eabi/lib/thumb/v6-m/nofp/crt0.o

.flash_begin    0x10000000        0x0
                0x10000000                        __flash_binary_start = .

.boot2          0x10000000      0x100
                0x10000000                        __boot2_start__ = .
 *(.boot2)
 .boot2         0x10000000      0x100 /tmp/cceLZ82x.o
                0x10000100                        __boot2_end__ = .
                0x00000001                        ASSERT (((__boot2_end__ - __boot2_start__) == 0x100), ERROR: Pico second stage bootloader must be 256 bytes in size)

.text           0x10000100    0x15220
                0x10000100                        __logical_binary_start = .
 *(.vectors)
 .vectors       0x10000100       0xd4 CMakeFiles/main.dir/home/raven/pico/pico-sdk/src/rp2_common/pico_standard_link/crt0.S.obj
                0x10000100                __vectors
                0x10000100                __VECTOR_TABLE
                0x100001c0                isr_invalid
                0x100001c0                __default_isrs_start
                0x100001c2                isr_nmi
                0x100001c4                isr_hardfault
                0x100001c6                isr_svcall
                0x100001c8                isr_pendsv
                0x100001ca                isr_systick
                0x100001cc                isr_irq30
                0x100001cc                __unhandled_user_irq
                0x100001cc                isr_irq13
                0x100001cc                isr_irq27
                0x100001cc                isr_irq31
                0x100001cc                isr_irq5
                0x100001cc                isr_irq11
                0x100001cc                isr_irq23
                0x100001cc                isr_irq18
                0x100001cc                isr_irq28
                0x100001cc                isr_irq19
                0x100001cc                isr_irq0
                0x100001cc                isr_irq6
                0x100001cc                isr_irq22
                0x100001cc                isr_irq17
                0x100001cc                isr_irq14
                0x100001cc                isr_irq2
                0x100001cc                isr_irq10
                0x100001cc                isr_irq8
                0x100001cc                isr_irq24
                0x100001cc                isr_irq1
                0x100001cc                isr_irq7
                0x100001cc                isr_irq21
                0x100001cc                isr_irq20
                0x100001cc                isr_irq15
                0x100001cc                isr_irq25
                0x100001cc                isr_irq4
                0x100001cc                isr_irq16
                0x100001cc                isr_irq29
                0x100001cc                isr_irq26
                0x100001cc                __default_isrs_end
                0x100001cc                isr_irq3
                0x100001cc                isr_irq12
                0x100001cc                isr_irq9
                0x100001d2                unhandled_user_irq_num_in_r0
 *(.binary_info_header)
 .binary_info_header
                0x100001d4       0x14 CMakeFiles/main.dir/home/raven/pico/pico-sdk/src/rp2_common/pico_standard_link/crt0.S.obj
                0x100001e8                        __binary_info_header_end = .
 *(.reset)
 .reset         0x100001e8       0xa8 CMakeFiles/main.dir/home/raven/pico/pico-sdk/src/rp2_common/pico_standard_link/crt0.S.obj
                0x100001e8                _entry_point
                0x10000266                __get_current_exception
 .reset         0x10000290       0x30 CMakeFiles/main.dir/home/raven/pico/pico-sdk/src/rp2_common/pico_standard_link/binary_info.c.obj
 *(.init)
 .init          0x100002c0        0x4 /usr/lib/gcc/arm-none-eabi/13.2.1/thumb/v6-m/nofp/crti.o
                0x100002c0                _init
 *(EXCLUDE_FILE(*libm.a: *libc.a:*lib_a-mem*.o *libgcc.a:) .text*)
 .text          0x100002c4       0x98 /usr/lib/gcc/arm-none-eabi/13.2.1/thumb/v6-m/nofp/crtbegin.o
 .text._Z24repeating_timer_callbackP15repeating_timer
                0x1000035c       0x10 CMakeFiles/main.dir/main.cpp.obj
                0x1000035c                repeating_timer_callback(repeating_timer*)
 .text._Z10core1_mainv
                0x1000036c      0x2cc CMakeFiles/main.dir/main.cpp.obj
                0x1000036c                core1_main()
 .text.startup.main
                0x10000638      0x5f0 CMakeFiles/main.dir/main.cpp.obj
                0x10000638                main
 .text._ZN8pico_pwm5setupEv
                0x10000c28      0x118 CMakeFiles/main.dir/func-pwm.cpp.obj
                0x10000c28                pico_pwm::setup()
 .text._ZN8pico_pwm7dutyFitEddd
                0x10000d40       0x24 CMakeFiles/main.dir/func-pwm.cpp.obj
                0x10000d40                pico_pwm::dutyFit(double, double, double)
 .text._ZN8pico_pwm4dutyEid
                0x10000d64       0xac CMakeFiles/main.dir/func-pwm.cpp.obj
                0x10000d64                pico_pwm::duty(int, double)
 .text._ZN8pico_i2c5setupEP8i2c_instj
                0x10000e10       0x18 CMakeFiles/main.dir/func-i2c.cpp.obj
                0x10000e10                pico_i2c::setup(i2c_inst*, unsigned int)
 .text._ZN8pico_i2c11writeDirectEP8i2c_insthhj
                0x10000e28       0x20 CMakeFiles/main.dir/func-i2c.cpp.obj
                0x10000e28                pico_i2c::writeDirect(i2c_inst*, unsigned char, unsigned char, unsigned int)
 .text._ZN8pico_i2c12writeOneByteEP8i2c_insthhh
                0x10000e48       0x24 CMakeFiles/main.dir/func-i2c.cpp.obj
                0x10000e48                pico_i2c::writeOneByte(i2c_inst*, unsigned char, unsigned char, unsigned char)
 .text._ZN8pico_i2c14writeMultiByteEP8i2c_insthhPhj
                0x10000e6c       0x50 CMakeFiles/main.dir/func-i2c.cpp.obj
                0x10000e6c                pico_i2c::writeMultiByte(i2c_inst*, unsigned char, unsigned char, unsigned char*, unsigned int)
 .text._ZN8pico_i2c4readEP8i2c_insthhPhj
                0x10000ebc       0x30 CMakeFiles/main.dir/func-i2c.cpp.obj
                0x10000ebc                pico_i2c::read(i2c_inst*, unsigned char, unsigned char, unsigned char*, unsigned int)
 .text._Z11on_uart0_rxv
                0x10000eec      0x174 CMakeFiles/main.dir/func-uart.cpp.obj
                0x10000eec                on_uart0_rx()
 .text._ZN9pico_uart5setupEP9uart_instjjj
                0x10001060      0x3dc CMakeFiles/main.dir/func-uart.cpp.obj
                0x10001060                pico_uart::setup(uart_inst*, unsigned int, unsigned int, unsigned int)
 .text.startup._GLOBAL__sub_I_messageStartFlag
                0x1000143c       0x24 CMakeFiles/main.dir/func-uart.cpp.obj
 .text._ZN11MS5837_02BA5setupEP8i2c_inst
                0x10001460       0xac CMakeFiles/main.dir/func-MS5837-02BA.cpp.obj
                0x10001460                MS5837_02BA::setup(i2c_inst*)
 .text._ZN11MS5837_02BA13readTempPressEP8i2c_instPdS2_
                0x1000150c      0x278 CMakeFiles/main.dir/func-MS5837-02BA.cpp.obj
                0x1000150c                MS5837_02BA::readTempPress(i2c_inst*, double*, double*)
 .text._ZN6BNO0555setupEP8i2c_inst
                0x10001784      0x1f4 CMakeFiles/main.dir/func-BNO055.cpp.obj
                0x10001784                BNO055::setup(i2c_inst*)
 .text._ZN6BNO0559readAccelEP8i2c_instPdS2_S2_
                0x10001978       0xa8 CMakeFiles/main.dir/func-BNO055.cpp.obj
                0x10001978                BNO055::readAccel(i2c_inst*, double*, double*, double*)
 .text._ZN6BNO0557readMagEP8i2c_instPdS2_S2_
                0x10001a20       0xa8 CMakeFiles/main.dir/func-BNO055.cpp.obj
                0x10001a20                BNO055::readMag(i2c_inst*, double*, double*, double*)
 .text._ZN6INA2285setupEP8i2c_inst
                0x10001ac8      0x104 CMakeFiles/main.dir/func-INA228.cpp.obj
                0x10001ac8                INA228::setup(i2c_inst*)
 .text._ZN6INA22813readCurVolPowEP8i2c_instPdS2_S2_
                0x10001bcc       0xc0 CMakeFiles/main.dir/func-INA228.cpp.obj
                0x10001bcc                INA228::readCurVolPow(i2c_inst*, double*, double*, double*)
 .text.sd_get_num
                0x10001c8c        0x4 CMakeFiles/main.dir/hw_config.c.obj
                0x10001c8c                sd_get_num
 .text.sd_get_by_num
                0x10001c90       0x18 CMakeFiles/main.dir/hw_config.c.obj
                0x10001c90                sd_get_by_num
 .text.spi_get_num
                0x10001ca8        0x4 CMakeFiles/main.dir/hw_config.c.obj
                0x10001ca8                spi_get_num
 .text.spi_get_by_num
                0x10001cac       0x18 CMakeFiles/main.dir/hw_config.c.obj
                0x10001cac                spi_get_by_num
 .text.gpio_set_function
                0x10001cc4       0x30 CMakeFiles/main.dir/home/raven/pico/pico-sdk/src/rp2_common/hardware_gpio/gpio.c.obj
                0x10001cc4                gpio_set_function
 .text.gpio_set_pulls
                0x10001cf4       0x24 CMakeFiles/main.dir/home/raven/pico/pico-sdk/src/rp2_common/hardware_gpio/gpio.c.obj
                0x10001cf4                gpio_set_pulls
 .text.gpio_set_drive_strength
                0x10001d18       0x20 CMakeFiles/main.dir/home/raven/pico/pico-sdk/src/rp2_common/hardware_gpio/gpio.c.obj
                0x10001d18                gpio_set_drive_strength
 .text.gpio_init
                0x10001d38       0x3c CMakeFiles/main.dir/home/raven/pico/pico-sdk/src/rp2_common/hardware_gpio/gpio.c.obj
                0x10001d38                gpio_init
 .text.hw_claim_or_assert
                0x10001d74       0x44 CMakeFiles/main.dir/home/raven/pico/pico-sdk/src/rp2_common/hardware_claim/claim.c.obj
                0x10001d74                hw_claim_or_assert
 .text.hw_claim_unused_from_range
                0x10001db8       0x9c CMakeFiles/main.dir/home/raven/pico/pico-sdk/src/rp2_common/hardware_claim/claim.c.obj
                0x10001db8                hw_claim_unused_from_range
 .text.running_on_fpga
                0x10001e54       0x10 CMakeFiles/main.dir/home/raven/pico/pico-sdk/src/rp2_common/pico_platform/platform.c.obj
                0x10001e54                running_on_fpga
 .text.spin_locks_reset
                0x10001e64       0x1c CMakeFiles/main.dir/home/raven/pico/pico-sdk/src/rp2_common/hardware_sync/sync.c.obj
                0x10001e64                spin_locks_reset
 .text.next_striped_spin_lock_num
                0x10001e80       0x18 CMakeFiles/main.dir/home/raven/pico/pico-sdk/src/rp2_common/hardware_sync/sync.c.obj
                0x10001e80                next_striped_spin_lock_num
 .text.spin_lock_claim_unused
                0x10001e98       0x24 CMakeFiles/main.dir/home/raven/pico/pico-sdk/src/rp2_common/hardware_sync/sync.c.obj
                0x10001e98                spin_lock_claim_unused
 .text.irq_set_enabled
                0x10001ebc       0x24 CMakeFiles/main.dir/home/raven/pico/pico-sdk/src/rp2_common/hardware_irq/irq.c.obj
                0x10001ebc                irq_set_enabled
 .text.irq_is_enabled
                0x10001ee0       0x18 CMakeFiles/main.dir/home/raven/pico/pico-sdk/src/rp2_common/hardware_irq/irq.c.obj
                0x10001ee0                irq_is_enabled
 .text.irq_set_pending
                0x10001ef8       0x10 CMakeFiles/main.dir/home/raven/pico/pico-sdk/src/rp2_common/hardware_irq/irq.c.obj
                0x10001ef8                irq_set_pending
 .text.irq_has_shared_handler
                0x10001f08       0x2c CMakeFiles/main.dir/home/raven/pico/pico-sdk/src/rp2_common/hardware_irq/irq.c.obj
                0x10001f08                irq_has_shared_handler
 .text.irq_get_vtable_handler
                0x10001f34       0x10 CMakeFiles/main.dir/home/raven/pico/pico-sdk/src/rp2_common/hardware_irq/irq.c.obj
                0x10001f34                irq_get_vtable_handler
 .text.irq_set_exclusive_handler
                0x10001f44       0x54 CMakeFiles/main.dir/home/raven/pico/pico-sdk/src/rp2_common/hardware_irq/irq.c.obj
                0x10001f44                irq_set_exclusive_handler
 .text.irq_add_shared_handler
                0x10001f98      0x1f4 CMakeFiles/main.dir/home/raven/pico/pico-sdk/src/rp2_common/hardware_irq/irq.c.obj
                0x10001f98                irq_add_shared_handler
 .text.irq_remove_handler
                0x1000218c      0x1cc CMakeFiles/main.dir/home/raven/pico/pico-sdk/src/rp2_common/hardware_irq/irq.c.obj
                0x1000218c                irq_remove_handler
 .text.irq_add_tail_to_free_list
                0x10002358       0xb4 CMakeFiles/main.dir/home/raven/pico/pico-sdk/src/rp2_common/hardware_irq/irq.c.obj
                0x10002358                irq_add_tail_to_free_list
 .text.irq_init_priorities
                0x1000240c       0x24 CMakeFiles/main.dir/home/raven/pico/pico-sdk/src/rp2_common/hardware_irq/irq.c.obj
                0x1000240c                irq_init_priorities
 .text.user_irq_claim_unused
                0x10002430       0x30 CMakeFiles/main.dir/home/raven/pico/pico-sdk/src/rp2_common/hardware_irq/irq.c.obj
                0x10002430                user_irq_claim_unused
 .text.sem_init
                0x10002460       0x20 CMakeFiles/main.dir/home/raven/pico/pico-sdk/src/common/pico_sync/sem.c.obj
                0x10002460                sem_init
 .text.lock_init
                0x10002480       0x10 CMakeFiles/main.dir/home/raven/pico/pico-sdk/src/common/pico_sync/lock_core.c.obj
                0x10002480                lock_init
 .text.timer_pool_entry_comparator
                0x10002490       0x34 CMakeFiles/main.dir/home/raven/pico/pico-sdk/src/common/pico_time/time.c.obj
                0x10002490                timer_pool_entry_comparator
 .text.repeating_timer_callback
                0x100024c4       0x1c CMakeFiles/main.dir/home/raven/pico/pico-sdk/src/common/pico_time/time.c.obj
 .text.sleep_until_callback
                0x100024e0       0x30 CMakeFiles/main.dir/home/raven/pico/pico-sdk/src/common/pico_time/time.c.obj
 .text.add_alarm_under_lock.isra.0
                0x10002510      0x100 CMakeFiles/main.dir/home/raven/pico/pico-sdk/src/common/pico_time/time.c.obj
 .text.alarm_pool_alarm_callback
                0x10002610      0x1c4 CMakeFiles/main.dir/home/raven/pico/pico-sdk/src/common/pico_time/time.c.obj
 .text.alarm_pool_add_alarm_at.constprop.0
                0x100027d4      0x114 CMakeFiles/main.dir/home/raven/pico/pico-sdk/src/common/pico_time/time.c.obj
 .text.alarm_pool_init_default
                0x100028e8       0x64 CMakeFiles/main.dir/home/raven/pico/pico-sdk/src/common/pico_time/time.c.obj
                0x100028e8                alarm_pool_init_default
 .text.alarm_pool_get_default
                0x1000294c        0x8 CMakeFiles/main.dir/home/raven/pico/pico-sdk/src/common/pico_time/time.c.obj
                0x1000294c                alarm_pool_get_default
 .text.alarm_pool_add_alarm_at
                0x10002954      0x194 CMakeFiles/main.dir/home/raven/pico/pico-sdk/src/common/pico_time/time.c.obj
                0x10002954                alarm_pool_add_alarm_at
 .text.alarm_pool_add_repeating_timer_us
                0x10002ae8      0x238 CMakeFiles/main.dir/home/raven/pico/pico-sdk/src/common/pico_time/time.c.obj
                0x10002ae8                alarm_pool_add_repeating_timer_us
 .text.sleep_until
                0x10002d20       0xac CMakeFiles/main.dir/home/raven/pico/pico-sdk/src/common/pico_time/time.c.obj
                0x10002d20                sleep_until
 .text.sleep_ms
                0x10002dcc       0x38 CMakeFiles/main.dir/home/raven/pico/pico-sdk/src/common/pico_time/time.c.obj
                0x10002dcc                sleep_ms
 .text.best_effort_wfe_or_timeout
                0x10002e04       0xb0 CMakeFiles/main.dir/home/raven/pico/pico-sdk/src/common/pico_time/time.c.obj
                0x10002e04                best_effort_wfe_or_timeout
 .text.hardware_alarm_irq_handler
                0x10002eb4       0xb8 CMakeFiles/main.dir/home/raven/pico/pico-sdk/src/rp2_common/hardware_timer/timer.c.obj
 .text.hardware_alarm_claim
                0x10002f6c       0x18 CMakeFiles/main.dir/home/raven/pico/pico-sdk/src/rp2_common/hardware_timer/timer.c.obj
                0x10002f6c                hardware_alarm_claim
 .text.time_us_64
                0x10002f84       0x14 CMakeFiles/main.dir/home/raven/pico/pico-sdk/src/rp2_common/hardware_timer/timer.c.obj
                0x10002f84                time_us_64
 .text.busy_wait_us
                0x10002f98       0x68 CMakeFiles/main.dir/home/raven/pico/pico-sdk/src/rp2_common/hardware_timer/timer.c.obj
                0x10002f98                busy_wait_us
 .text.busy_wait_until
                0x10003000       0x20 CMakeFiles/main.dir/home/raven/pico/pico-sdk/src/rp2_common/hardware_timer/timer.c.obj
                0x10003000                busy_wait_until
 .text.hardware_alarm_set_callback
                0x10003020       0x8c CMakeFiles/main.dir/home/raven/pico/pico-sdk/src/rp2_common/hardware_timer/timer.c.obj
                0x10003020                hardware_alarm_set_callback
 .text.hardware_alarm_set_target
                0x100030ac       0xdc CMakeFiles/main.dir/home/raven/pico/pico-sdk/src/rp2_common/hardware_timer/timer.c.obj
                0x100030ac                hardware_alarm_set_target
 .text.hardware_alarm_cancel
                0x10003188       0x3c CMakeFiles/main.dir/home/raven/pico/pico-sdk/src/rp2_common/hardware_timer/timer.c.obj
                0x10003188                hardware_alarm_cancel
 .text.ph_merge_nodes
                0x100031c4       0x58 CMakeFiles/main.dir/home/raven/pico/pico-sdk/src/common/pico_util/pheap.c.obj
 .text.ph_post_alloc_init
                0x1000321c       0x3c CMakeFiles/main.dir/home/raven/pico/pico-sdk/src/common/pico_util/pheap.c.obj
                0x1000321c                ph_post_alloc_init
 .text.ph_merge_two_pass
                0x10003258       0x8c CMakeFiles/main.dir/home/raven/pico/pico-sdk/src/common/pico_util/pheap.c.obj
                0x10003258                ph_merge_two_pass
 .text.ph_remove_any_head
                0x100032e4      0x12c CMakeFiles/main.dir/home/raven/pico/pico-sdk/src/common/pico_util/pheap.c.obj
 .text.ph_remove_head
                0x10003410      0x130 CMakeFiles/main.dir/home/raven/pico/pico-sdk/src/common/pico_util/pheap.c.obj
                0x10003410                ph_remove_head
 .text.ph_remove_and_free_node
                0x10003540       0x78 CMakeFiles/main.dir/home/raven/pico/pico-sdk/src/common/pico_util/pheap.c.obj
                0x10003540                ph_remove_and_free_node
 .text.mutex_init
                0x100035b8       0x1c CMakeFiles/main.dir/home/raven/pico/pico-sdk/src/common/pico_sync/mutex.c.obj
                0x100035b8                mutex_init
 .text.recursive_mutex_init
                0x100035d4       0x1c CMakeFiles/main.dir/home/raven/pico/pico-sdk/src/common/pico_sync/mutex.c.obj
                0x100035d4                recursive_mutex_init
 .text.critical_section_init
                0x100035f0       0x1c CMakeFiles/main.dir/home/raven/pico/pico-sdk/src/common/pico_sync/critical_section.c.obj
                0x100035f0                critical_section_init
 .text.uart_init
                0x1000360c       0xe4 CMakeFiles/main.dir/home/raven/pico/pico-sdk/src/rp2_common/hardware_uart/uart.c.obj
                0x1000360c                uart_init
 .text.uart_set_baudrate
                0x100036f0       0x68 CMakeFiles/main.dir/home/raven/pico/pico-sdk/src/rp2_common/hardware_uart/uart.c.obj
                0x100036f0                uart_set_baudrate
 .text.runtime_init
                0x10003758       0xf0 CMakeFiles/main.dir/home/raven/pico/pico-sdk/src/rp2_common/pico_runtime/runtime.c.obj
                0x10003758                runtime_init
 .text._sbrk    0x10003848       0x34 CMakeFiles/main.dir/home/raven/pico/pico-sdk/src/rp2_common/pico_runtime/runtime.c.obj
                0x10003848                _sbrk
 .text.exit     0x1000387c        0x4 CMakeFiles/main.dir/home/raven/pico/pico-sdk/src/rp2_common/pico_runtime/runtime.c.obj
                0x1000387c                exit
 .text.__assert_func
                0x10003880       0x34 CMakeFiles/main.dir/home/raven/pico/pico-sdk/src/rp2_common/pico_runtime/runtime.c.obj
                0x10003880                __assert_func
 .text.panic    0x100038b4       0x30 CMakeFiles/main.dir/home/raven/pico/pico-sdk/src/rp2_common/pico_runtime/runtime.c.obj
                0x100038b4                panic
 .text.hard_assertion_failure
                0x100038e4        0xc CMakeFiles/main.dir/home/raven/pico/pico-sdk/src/rp2_common/pico_runtime/runtime.c.obj
                0x100038e4                hard_assertion_failure
 .text.clocks_init
                0x100038f0      0x2b4 CMakeFiles/main.dir/home/raven/pico/pico-sdk/src/rp2_common/hardware_clocks/clocks.c.obj
                0x100038f0                clocks_init
 .text.clock_get_hz
                0x10003ba4        0xc CMakeFiles/main.dir/home/raven/pico/pico-sdk/src/rp2_common/hardware_clocks/clocks.c.obj
                0x10003ba4                clock_get_hz
 .text.frequency_count_khz
                0x10003bb0       0x48 CMakeFiles/main.dir/home/raven/pico/pico-sdk/src/rp2_common/hardware_clocks/clocks.c.obj
                0x10003bb0                frequency_count_khz
 .text.pll_init
                0x10003bf8       0xac CMakeFiles/main.dir/home/raven/pico/pico-sdk/src/rp2_common/hardware_pll/pll.c.obj
                0x10003bf8                pll_init
 .text.watchdog_start_tick
                0x10003ca4       0x10 CMakeFiles/main.dir/home/raven/pico/pico-sdk/src/rp2_common/hardware_watchdog/watchdog.c.obj
                0x10003ca4                watchdog_start_tick
 .text.watchdog_reboot
                0x10003cb4       0x9c CMakeFiles/main.dir/home/raven/pico/pico-sdk/src/rp2_common/hardware_watchdog/watchdog.c.obj
                0x10003cb4                watchdog_reboot
 .text.xosc_init
                0x10003d50       0x28 CMakeFiles/main.dir/home/raven/pico/pico-sdk/src/rp2_common/hardware_xosc/xosc.c.obj
                0x10003d50                xosc_init
 .text._out_null
                0x10003d78        0x4 CMakeFiles/main.dir/home/raven/pico/pico-sdk/src/rp2_common/pico_printf/printf.c.obj
 .text._out_rev
                0x10003d7c       0xac CMakeFiles/main.dir/home/raven/pico/pico-sdk/src/rp2_common/pico_printf/printf.c.obj
 .text._ntoa_format
                0x10003e28      0x250 CMakeFiles/main.dir/home/raven/pico/pico-sdk/src/rp2_common/pico_printf/printf.c.obj
 .text._out_char
                0x10004078       0x10 CMakeFiles/main.dir/home/raven/pico/pico-sdk/src/rp2_common/pico_printf/printf.c.obj
 .text._out_fct
                0x10004088       0x10 CMakeFiles/main.dir/home/raven/pico/pico-sdk/src/rp2_common/pico_printf/printf.c.obj
 .text._etoa    0x10004098      0x464 CMakeFiles/main.dir/home/raven/pico/pico-sdk/src/rp2_common/pico_printf/printf.c.obj
 .text._ftoa    0x100044fc      0x3c0 CMakeFiles/main.dir/home/raven/pico/pico-sdk/src/rp2_common/pico_printf/printf.c.obj
 .text._vsnprintf
                0x100048bc      0xbc8 CMakeFiles/main.dir/home/raven/pico/pico-sdk/src/rp2_common/pico_printf/printf.c.obj
 .text.vfctprintf
                0x10005484       0x20 CMakeFiles/main.dir/home/raven/pico/pico-sdk/src/rp2_common/pico_printf/printf.c.obj
                0x10005484                vfctprintf
 .text.weak_raw_printf
                0x100054a4       0x40 CMakeFiles/main.dir/home/raven/pico/pico-sdk/src/rp2_common/pico_printf/printf.c.obj
                0x100054a4                weak_raw_printf
 .text.weak_raw_vprintf
                0x100054e4       0x30 CMakeFiles/main.dir/home/raven/pico/pico-sdk/src/rp2_common/pico_printf/printf.c.obj
                0x100054e4                weak_raw_vprintf
 .text          0x10005514       0x10 CMakeFiles/main.dir/home/raven/pico/pico-sdk/src/rp2_common/pico_bit_ops/bit_ops_aeabi.S.obj
 .text.rom_func_lookup
                0x10005524       0x10 CMakeFiles/main.dir/home/raven/pico/pico-sdk/src/rp2_common/pico_bootrom/bootrom.c.obj
                0x10005524                rom_func_lookup
 .text.rom_data_lookup
                0x10005534       0x10 CMakeFiles/main.dir/home/raven/pico/pico-sdk/src/rp2_common/pico_bootrom/bootrom.c.obj
                0x10005534                rom_data_lookup
 .text.rom_funcs_lookup
                0x10005544       0x44 CMakeFiles/main.dir/home/raven/pico/pico-sdk/src/rp2_common/pico_bootrom/bootrom.c.obj
                0x10005544                rom_funcs_lookup
 .text.__wrap___aeabi_idiv
                0x10005588       0x50 CMakeFiles/main.dir/home/raven/pico/pico-sdk/src/rp2_common/pico_divider/divider.S.obj
                0x10005588                __wrap___aeabi_idivmod
                0x10005588                divmod_s32s32
                0x10005588                div_s32s32
                0x10005588                __wrap___aeabi_idiv
                0x10005590                divmod_s32s32_unsafe
                0x100055bc                divmod_s32s32_savestate
 .text.__wrap___aeabi_uidiv
                0x100055d8       0x4c CMakeFiles/main.dir/home/raven/pico/pico-sdk/src/rp2_common/pico_divider/divider.S.obj
                0x100055d8                __wrap___aeabi_uidiv
                0x100055d8                __wrap___aeabi_uidivmod
                0x100055d8                div_u32u32
                0x100055d8                divmod_u32u32
                0x100055e0                divmod_u32u32_unsafe
                0x10005608                divmod_u32u32_savestate
 .text.__wrap___aeabi_ldiv
                0x10005624      0x434 CMakeFiles/main.dir/home/raven/pico/pico-sdk/src/rp2_common/pico_divider/divider.S.obj
                0x10005624                div_s64s64
                0x10005624                divmod_s64s64
                0x10005624                __wrap___aeabi_ldivmod
                0x1000565c                div_u64u64
                0x1000565c                divmod_u64u64
                0x1000565c                __wrap___aeabi_uldivmod
                0x1000566c                divmod_u64u64_savestate
                0x10005694                divmod_s64s64_unsafe
                0x1000571c                divmod_u64u64_unsafe
 .text.__wrap___aeabi_darithmetic
                0x10005a58       0x80 CMakeFiles/main.dir/home/raven/pico/pico-sdk/src/rp2_common/pico_double/double_aeabi.S.obj
                0x10005a58                __wrap___aeabi_drsub
                0x10005a5e                __wrap___aeabi_dsub
                0x10005a70                __wrap___aeabi_dadd
                0x10005a82                __wrap___aeabi_ddiv
                0x10005abe                __wrap___aeabi_dmul
 .text.__wrap___aeabi_cdcmple
                0x10005ad8       0x6c CMakeFiles/main.dir/home/raven/pico/pico-sdk/src/rp2_common/pico_double/double_aeabi.S.obj
                0x10005ad8                __wrap___aeabi_cdrcmple
                0x10005ae8                __wrap___aeabi_cdcmple
                0x10005ae8                __wrap___aeabi_cdcmpeq
 .text.__wrap___aeabi_dcmpeq
                0x10005b44       0x10 CMakeFiles/main.dir/home/raven/pico/pico-sdk/src/rp2_common/pico_double/double_aeabi.S.obj
                0x10005b44                __wrap___aeabi_dcmpeq
 .text.__wrap___aeabi_dcmplt
                0x10005b54        0xc CMakeFiles/main.dir/home/raven/pico/pico-sdk/src/rp2_common/pico_double/double_aeabi.S.obj
                0x10005b54                __wrap___aeabi_dcmplt
 .text.__wrap___aeabi_dcmple
                0x10005b60       0x10 CMakeFiles/main.dir/home/raven/pico/pico-sdk/src/rp2_common/pico_double/double_aeabi.S.obj
                0x10005b60                __wrap___aeabi_dcmple
 .text.__wrap___aeabi_dcmpge
                0x10005b70       0x10 CMakeFiles/main.dir/home/raven/pico/pico-sdk/src/rp2_common/pico_double/double_aeabi.S.obj
                0x10005b70                __wrap___aeabi_dcmpge
 .text.__wrap___aeabi_dcmpgt
                0x10005b80        0xa CMakeFiles/main.dir/home/raven/pico/pico-sdk/src/rp2_common/pico_double/double_aeabi.S.obj
                0x10005b80                __wrap___aeabi_dcmpgt
 .text.__wrap___aeabi_dcmpun
                0x10005b8a       0x1c CMakeFiles/main.dir/home/raven/pico/pico-sdk/src/rp2_common/pico_double/double_aeabi.S.obj
                0x10005b8a                __wrap___aeabi_dcmpun
 *fill*         0x10005ba6        0x2 
 .text.__wrap___aeabi_i2d
                0x10005ba8       0x38 CMakeFiles/main.dir/home/raven/pico/pico-sdk/src/rp2_common/pico_double/double_aeabi.S.obj
                0x10005ba8                __wrap___aeabi_ui2d
                0x10005bb0                __wrap___aeabi_i2d
 .text.__wrap___aeabi_d2iz
                0x10005be0       0x48 CMakeFiles/main.dir/home/raven/pico/pico-sdk/src/rp2_common/pico_double/double_aeabi.S.obj
                0x10005be0                __wrap___aeabi_d2iz
                0x10005be0                double2int_z
 .text.__wrap___aeabi_d2uiz
                0x10005c28       0x18 CMakeFiles/main.dir/home/raven/pico/pico-sdk/src/rp2_common/pico_double/double_aeabi.S.obj
                0x10005c28                double2uint
                0x10005c28                __wrap___aeabi_d2uiz
 .text.__wrap___aeabi_l2d
                0x10005c40       0x18 CMakeFiles/main.dir/home/raven/pico/pico-sdk/src/rp2_common/pico_double/double_aeabi.S.obj
                0x10005c40                __wrap___aeabi_l2d
 .text.__wrap___aeabi_d2lz
                0x10005c58       0x26 CMakeFiles/main.dir/home/raven/pico/pico-sdk/src/rp2_common/pico_double/double_aeabi.S.obj
                0x10005c58                __wrap___aeabi_d2lz
                0x10005c58                double2int64_z
 *fill*         0x10005c7e        0x2 
 .text.double2int64
                0x10005c80       0x18 CMakeFiles/main.dir/home/raven/pico/pico-sdk/src/rp2_common/pico_double/double_aeabi.S.obj
                0x10005c80                double2int64
 .text.double2ufix64
                0x10005c98       0x18 CMakeFiles/main.dir/home/raven/pico/pico-sdk/src/rp2_common/pico_double/double_aeabi.S.obj
                0x10005c98                double2ufix64
 .text.__wrap___aeabi_d2f
                0x10005cb0       0x18 CMakeFiles/main.dir/home/raven/pico/pico-sdk/src/rp2_common/pico_double/double_aeabi.S.obj
                0x10005cb0                __wrap___aeabi_d2f
 .text.__aeabi_double_init
                0x10005cc8       0x98 CMakeFiles/main.dir/home/raven/pico/pico-sdk/src/rp2_common/pico_double/double_init_rom.c.obj
                0x10005cc8                __aeabi_double_init
 .text.double_table_shim_on_use_helper
                0x10005d60       0x2c CMakeFiles/main.dir/home/raven/pico/pico-sdk/src/rp2_common/pico_double/double_v1_rom_shim.S.obj
                0x10005d60                double_table_shim_on_use_helper
 .text.__wrap___aeabi_dsub
                0x10005d8c       0x10 CMakeFiles/main.dir/home/raven/pico/pico-sdk/src/rp2_common/pico_double/double_v1_rom_shim.S.obj
                0x10005d8c                drsub_shim
                0x10005d92                dsub_shim
 .text.dadd_shim
                0x10005d9c      0x15c CMakeFiles/main.dir/home/raven/pico/pico-sdk/src/rp2_common/pico_double/double_v1_rom_shim.S.obj
                0x10005d9c                dadd_shim
 .text.dmul_shim
                0x10005ef8      0x15c CMakeFiles/main.dir/home/raven/pico/pico-sdk/src/rp2_common/pico_double/double_v1_rom_shim.S.obj
                0x10005ef8                dmul_shim
 .text.ddiv_shim
                0x10006054      0x1b0 CMakeFiles/main.dir/home/raven/pico/pico-sdk/src/rp2_common/pico_double/double_v1_rom_shim.S.obj
                0x10006054                ddiv_shim
 .text.double2uint_shim
                0x10006204        0xe CMakeFiles/main.dir/home/raven/pico/pico-sdk/src/rp2_common/pico_double/double_v1_rom_shim.S.obj
                0x10006204                double2uint_shim
                0x10006206                double2ufix_shim
 .text.double2int64_shim
                0x10006212       0x1a CMakeFiles/main.dir/home/raven/pico/pico-sdk/src/rp2_common/pico_double/double_v1_rom_shim.S.obj
                0x10006212                double2int64_shim
                0x10006214                double2fix64_shim
 .text.double2uint64_shim
                0x1000622c       0x70 CMakeFiles/main.dir/home/raven/pico/pico-sdk/src/rp2_common/pico_double/double_v1_rom_shim.S.obj
                0x1000622c                double2uint64_shim
                0x1000622e                double2ufix64_shim
                0x1000624e                d2fix_a
 .text.double2float_shim
                0x1000629c       0x5c CMakeFiles/main.dir/home/raven/pico/pico-sdk/src/rp2_common/pico_double/double_v1_rom_shim.S.obj
                0x1000629c                double2float_shim
 .text.x2double_shims
                0x100062f8       0x90 CMakeFiles/main.dir/home/raven/pico/pico-sdk/src/rp2_common/pico_double/double_v1_rom_shim.S.obj
                0x100062f8                uint2double_shim
                0x100062fa                ufix2double_shim
                0x10006300                int2double_shim
                0x10006302                fix2double_shim
                0x10006308                uint642double_shim
                0x1000630a                ufix642double_shim
                0x10006310                int642double_shim
                0x10006312                fix642double_shim
 .text.dunpacks
                0x10006388       0x3c CMakeFiles/main.dir/home/raven/pico/pico-sdk/src/rp2_common/pico_double/double_v1_rom_shim.S.obj
                0x10006388                dunpacks
 .text.__aeabi_lmul
                0x100063c4       0x32 CMakeFiles/main.dir/home/raven/pico/pico-sdk/src/rp2_common/pico_int64_ops/pico_int64_ops_aeabi.S.obj
                0x100063c4                __wrap___aeabi_lmul
 *fill*         0x100063f6        0x2 
 .text.__wrap___aeabi_cfcmple
                0x100063f8       0x50 CMakeFiles/main.dir/home/raven/pico/pico-sdk/src/rp2_common/pico_float/float_aeabi.S.obj
                0x100063f8                __wrap___aeabi_cfrcmple
                0x10006404                __wrap___aeabi_cfcmpeq
                0x10006404                __wrap___aeabi_cfcmple
 .text.__wrap___aeabi_fcmple
                0x10006448       0x10 CMakeFiles/main.dir/home/raven/pico/pico-sdk/src/rp2_common/pico_float/float_aeabi.S.obj
                0x10006448                __wrap___aeabi_fcmple
 .text.__wrap___aeabi_fcmpun
                0x10006458       0x18 CMakeFiles/main.dir/home/raven/pico/pico-sdk/src/rp2_common/pico_float/float_aeabi.S.obj
                0x10006458                __wrap___aeabi_fcmpun
 .text.__aeabi_float_init
                0x10006470       0x64 CMakeFiles/main.dir/home/raven/pico/pico-sdk/src/rp2_common/pico_float/float_init_rom.c.obj
                0x10006470                __aeabi_float_init
 .text.float_table_shim_on_use_helper
                0x100064d4       0x2c CMakeFiles/main.dir/home/raven/pico/pico-sdk/src/rp2_common/pico_float/float_v1_rom_shim.S.obj
                0x100064d4                float_table_shim_on_use_helper
 .text.__wrap_malloc
                0x10006500       0x3c CMakeFiles/main.dir/home/raven/pico/pico-sdk/src/rp2_common/pico_malloc/pico_malloc.c.obj
                0x10006500                __wrap_malloc
 .text.__wrap_free
                0x1000653c       0x20 CMakeFiles/main.dir/home/raven/pico/pico-sdk/src/rp2_common/pico_malloc/pico_malloc.c.obj
                0x1000653c                __wrap_free
 .text          0x1000655c       0x10 CMakeFiles/main.dir/home/raven/pico/pico-sdk/src/rp2_common/pico_mem_ops/mem_ops_aeabi.S.obj
                0x1000655c                __aeabi_mem_init
 .text.memset   0x1000656c        0xc CMakeFiles/main.dir/home/raven/pico/pico-sdk/src/rp2_common/pico_mem_ops/mem_ops_aeabi.S.obj
                0x1000656c                __wrap_memset
 .text.memcpy   0x10006578        0xc CMakeFiles/main.dir/home/raven/pico/pico-sdk/src/rp2_common/pico_mem_ops/mem_ops_aeabi.S.obj
                0x10006578                __wrap___aeabi_memcpy
                0x10006578                __wrap_memcpy
 .text.stdio_out_chars_crlf
                0x10006584       0x94 CMakeFiles/main.dir/home/raven/pico/pico-sdk/src/rp2_common/pico_stdio/stdio.c.obj
 .text.stdio_buffered_printer
                0x10006618       0x64 CMakeFiles/main.dir/home/raven/pico/pico-sdk/src/rp2_common/pico_stdio/stdio.c.obj
 .text.__wrap_putchar
                0x1000667c       0xa4 CMakeFiles/main.dir/home/raven/pico/pico-sdk/src/rp2_common/pico_stdio/stdio.c.obj
                0x1000667c                __wrap_putchar
 .text.__wrap_puts
                0x10006720       0xe8 CMakeFiles/main.dir/home/raven/pico/pico-sdk/src/rp2_common/pico_stdio/stdio.c.obj
                0x10006720                __wrap_puts
 .text.stdio_set_driver_enabled
                0x10006808       0x30 CMakeFiles/main.dir/home/raven/pico/pico-sdk/src/rp2_common/pico_stdio/stdio.c.obj
                0x10006808                stdio_set_driver_enabled
 .text.__wrap_vprintf
                0x10006838       0xd4 CMakeFiles/main.dir/home/raven/pico/pico-sdk/src/rp2_common/pico_stdio/stdio.c.obj
                0x10006838                __wrap_vprintf
 .text.__wrap_printf
                0x1000690c       0x18 CMakeFiles/main.dir/home/raven/pico/pico-sdk/src/rp2_common/pico_stdio/stdio.c.obj
                0x1000690c                __wrap_printf
 .text.stdio_init_all
                0x10006924        0x8 CMakeFiles/main.dir/home/raven/pico/pico-sdk/src/rp2_common/pico_stdio/stdio.c.obj
                0x10006924                stdio_init_all
 .text.resetd_init
                0x1000692c        0x4 CMakeFiles/main.dir/home/raven/pico/pico-sdk/src/rp2_common/pico_stdio_usb/reset_interface.c.obj
 .text.resetd_reset
                0x10006930        0xc CMakeFiles/main.dir/home/raven/pico/pico-sdk/src/rp2_common/pico_stdio_usb/reset_interface.c.obj
 .text.resetd_open
                0x1000693c       0x28 CMakeFiles/main.dir/home/raven/pico/pico-sdk/src/rp2_common/pico_stdio_usb/reset_interface.c.obj
 .text.resetd_xfer_cb
                0x10006964        0x4 CMakeFiles/main.dir/home/raven/pico/pico-sdk/src/rp2_common/pico_stdio_usb/reset_interface.c.obj
 .text.resetd_control_xfer_cb
                0x10006968       0x60 CMakeFiles/main.dir/home/raven/pico/pico-sdk/src/rp2_common/pico_stdio_usb/reset_interface.c.obj
 .text.usbd_app_driver_get_cb
                0x100069c8        0xc CMakeFiles/main.dir/home/raven/pico/pico-sdk/src/rp2_common/pico_stdio_usb/reset_interface.c.obj
                0x100069c8                usbd_app_driver_get_cb
 .text.tud_cdc_line_coding_cb
                0x100069d4       0x34 CMakeFiles/main.dir/home/raven/pico/pico-sdk/src/rp2_common/pico_stdio_usb/reset_interface.c.obj
                0x100069d4                tud_cdc_line_coding_cb
 .text.stdio_usb_in_chars
                0x10006a08       0x68 CMakeFiles/main.dir/home/raven/pico/pico-sdk/src/rp2_common/pico_stdio_usb/stdio_usb.c.obj
                0x10006a08                stdio_usb_in_chars
 .text.stdio_usb_out_chars
                0x10006a70       0xe8 CMakeFiles/main.dir/home/raven/pico/pico-sdk/src/rp2_common/pico_stdio_usb/stdio_usb.c.obj
 .text.timer_task
                0x10006b58       0x18 CMakeFiles/main.dir/home/raven/pico/pico-sdk/src/rp2_common/pico_stdio_usb/stdio_usb.c.obj
 .text.usb_irq  0x10006b70       0x10 CMakeFiles/main.dir/home/raven/pico/pico-sdk/src/rp2_common/pico_stdio_usb/stdio_usb.c.obj
 .text.low_priority_worker_irq
                0x10006b80       0x24 CMakeFiles/main.dir/home/raven/pico/pico-sdk/src/rp2_common/pico_stdio_usb/stdio_usb.c.obj
 .text.stdio_usb_init
                0x10006ba4       0xb0 CMakeFiles/main.dir/home/raven/pico/pico-sdk/src/rp2_common/pico_stdio_usb/stdio_usb.c.obj
                0x10006ba4                stdio_usb_init
 .text.tud_descriptor_device_cb
                0x10006c54        0x8 CMakeFiles/main.dir/home/raven/pico/pico-sdk/src/rp2_common/pico_stdio_usb/stdio_usb_descriptors.c.obj
                0x10006c54                tud_descriptor_device_cb
 .text.tud_descriptor_configuration_cb
                0x10006c5c        0x8 CMakeFiles/main.dir/home/raven/pico/pico-sdk/src/rp2_common/pico_stdio_usb/stdio_usb_descriptors.c.obj
                0x10006c5c                tud_descriptor_configuration_cb
 .text.tud_descriptor_string_cb
                0x10006c64       0x78 CMakeFiles/main.dir/home/raven/pico/pico-sdk/src/rp2_common/pico_stdio_usb/stdio_usb_descriptors.c.obj
                0x10006c64                tud_descriptor_string_cb
 .text.dcd_rp2040_irq
                0x10006cdc      0x1cc CMakeFiles/main.dir/home/raven/pico/pico-sdk/lib/tinyusb/src/portable/raspberrypi/rp2040/dcd_rp2040.c.obj
 .text.dcd_int_enable
                0x10006ea8        0xc CMakeFiles/main.dir/home/raven/pico/pico-sdk/lib/tinyusb/src/portable/raspberrypi/rp2040/dcd_rp2040.c.obj
                0x10006ea8                dcd_int_enable
 .text.dcd_set_address
                0x10006eb4       0x14 CMakeFiles/main.dir/home/raven/pico/pico-sdk/lib/tinyusb/src/portable/raspberrypi/rp2040/dcd_rp2040.c.obj
                0x10006eb4                dcd_set_address
 .text.dcd_connect
                0x10006ec8       0x10 CMakeFiles/main.dir/home/raven/pico/pico-sdk/lib/tinyusb/src/portable/raspberrypi/rp2040/dcd_rp2040.c.obj
                0x10006ec8                dcd_connect
 .text.dcd_init
                0x10006ed8       0xf0 CMakeFiles/main.dir/home/raven/pico/pico-sdk/lib/tinyusb/src/portable/raspberrypi/rp2040/dcd_rp2040.c.obj
                0x10006ed8                dcd_init
 .text.dcd_edpt0_status_complete
                0x10006fc8       0x1c CMakeFiles/main.dir/home/raven/pico/pico-sdk/lib/tinyusb/src/portable/raspberrypi/rp2040/dcd_rp2040.c.obj
                0x10006fc8                dcd_edpt0_status_complete
 .text.dcd_edpt_open
                0x10006fe4       0xf0 CMakeFiles/main.dir/home/raven/pico/pico-sdk/lib/tinyusb/src/portable/raspberrypi/rp2040/dcd_rp2040.c.obj
                0x10006fe4                dcd_edpt_open
 .text.dcd_edpt_close_all
                0x100070d4       0x68 CMakeFiles/main.dir/home/raven/pico/pico-sdk/lib/tinyusb/src/portable/raspberrypi/rp2040/dcd_rp2040.c.obj
                0x100070d4                dcd_edpt_close_all
 .text.dcd_edpt_xfer
                0x1000713c       0x24 CMakeFiles/main.dir/home/raven/pico/pico-sdk/lib/tinyusb/src/portable/raspberrypi/rp2040/dcd_rp2040.c.obj
                0x1000713c                dcd_edpt_xfer
 .text.dcd_edpt_stall
                0x10007160       0x34 CMakeFiles/main.dir/home/raven/pico/pico-sdk/lib/tinyusb/src/portable/raspberrypi/rp2040/dcd_rp2040.c.obj
                0x10007160                dcd_edpt_stall
 .text.dcd_edpt_clear_stall
                0x10007194       0x30 CMakeFiles/main.dir/home/raven/pico/pico-sdk/lib/tinyusb/src/portable/raspberrypi/rp2040/dcd_rp2040.c.obj
                0x10007194                dcd_edpt_clear_stall
 .text._hw_endpoint_buffer_control_update32.part.0.isra.0
                0x100071c4       0x1c CMakeFiles/main.dir/home/raven/pico/pico-sdk/lib/tinyusb/src/portable/raspberrypi/rp2040/rp2040_usb.c.obj
 .text.rp2040_usb_init
                0x100071e0       0x4c CMakeFiles/main.dir/home/raven/pico/pico-sdk/lib/tinyusb/src/portable/raspberrypi/rp2040/rp2040_usb.c.obj
                0x100071e0                rp2040_usb_init
 .text.hw_endpoint_reset_transfer
                0x1000722c        0xc CMakeFiles/main.dir/home/raven/pico/pico-sdk/lib/tinyusb/src/portable/raspberrypi/rp2040/rp2040_usb.c.obj
                0x1000722c                hw_endpoint_reset_transfer
 .text._hw_endpoint_buffer_control_update32
                0x10007238       0x44 CMakeFiles/main.dir/home/raven/pico/pico-sdk/lib/tinyusb/src/portable/raspberrypi/rp2040/rp2040_usb.c.obj
                0x10007238                _hw_endpoint_buffer_control_update32
 .text.hw_endpoint_xfer_start
                0x1000727c      0x138 CMakeFiles/main.dir/home/raven/pico/pico-sdk/lib/tinyusb/src/portable/raspberrypi/rp2040/rp2040_usb.c.obj
                0x1000727c                hw_endpoint_xfer_start
 .text.hw_endpoint_xfer_continue
                0x100073b4      0x1d8 CMakeFiles/main.dir/home/raven/pico/pico-sdk/lib/tinyusb/src/portable/raspberrypi/rp2040/rp2040_usb.c.obj
                0x100073b4                hw_endpoint_xfer_continue
 .text.tud_mounted
                0x1000758c       0x10 CMakeFiles/main.dir/home/raven/pico/pico-sdk/lib/tinyusb/src/device/usbd.c.obj
                0x1000758c                tud_mounted
 .text.tud_suspended
                0x1000759c       0x10 CMakeFiles/main.dir/home/raven/pico/pico-sdk/lib/tinyusb/src/device/usbd.c.obj
                0x1000759c                tud_suspended
 .text.tud_inited
                0x100075ac        0xc CMakeFiles/main.dir/home/raven/pico/pico-sdk/lib/tinyusb/src/device/usbd.c.obj
                0x100075ac                tud_inited
 .text.tud_init
                0x100075b8       0xd8 CMakeFiles/main.dir/home/raven/pico/pico-sdk/lib/tinyusb/src/device/usbd.c.obj
                0x100075b8                tud_init
 .text.tud_task
                0x10007690      0x8e4 CMakeFiles/main.dir/home/raven/pico/pico-sdk/lib/tinyusb/src/device/usbd.c.obj
                0x10007690                tud_task
 .text.dcd_event_bus_signal
                0x10007f74      0x124 CMakeFiles/main.dir/home/raven/pico/pico-sdk/lib/tinyusb/src/device/usbd.c.obj
                0x10007f74                dcd_event_bus_signal
 .text.dcd_event_bus_reset
                0x10008098       0x58 CMakeFiles/main.dir/home/raven/pico/pico-sdk/lib/tinyusb/src/device/usbd.c.obj
                0x10008098                dcd_event_bus_reset
 .text.dcd_event_setup_received
                0x100080f0       0x50 CMakeFiles/main.dir/home/raven/pico/pico-sdk/lib/tinyusb/src/device/usbd.c.obj
                0x100080f0                dcd_event_setup_received
 .text.dcd_event_xfer_complete
                0x10008140       0x68 CMakeFiles/main.dir/home/raven/pico/pico-sdk/lib/tinyusb/src/device/usbd.c.obj
                0x10008140                dcd_event_xfer_complete
 .text.usbd_open_edpt_pair
                0x100081a8       0x94 CMakeFiles/main.dir/home/raven/pico/pico-sdk/lib/tinyusb/src/device/usbd.c.obj
                0x100081a8                usbd_open_edpt_pair
 .text.usbd_edpt_open
                0x1000823c       0x30 CMakeFiles/main.dir/home/raven/pico/pico-sdk/lib/tinyusb/src/device/usbd.c.obj
                0x1000823c                usbd_edpt_open
 .text.usbd_edpt_claim
                0x1000826c       0x64 CMakeFiles/main.dir/home/raven/pico/pico-sdk/lib/tinyusb/src/device/usbd.c.obj
                0x1000826c                usbd_edpt_claim
 .text.usbd_edpt_release
                0x100082d0       0x4c CMakeFiles/main.dir/home/raven/pico/pico-sdk/lib/tinyusb/src/device/usbd.c.obj
                0x100082d0                usbd_edpt_release
 .text.usbd_edpt_xfer
                0x1000831c       0x44 CMakeFiles/main.dir/home/raven/pico/pico-sdk/lib/tinyusb/src/device/usbd.c.obj
                0x1000831c                usbd_edpt_xfer
 .text.tud_control_status
                0x10008360       0x2c CMakeFiles/main.dir/home/raven/pico/pico-sdk/lib/tinyusb/src/device/usbd_control.c.obj
                0x10008360                tud_control_status
 .text.tud_control_xfer
                0x1000838c       0xac CMakeFiles/main.dir/home/raven/pico/pico-sdk/lib/tinyusb/src/device/usbd_control.c.obj
                0x1000838c                tud_control_xfer
 .text.usbd_control_reset
                0x10008438       0x14 CMakeFiles/main.dir/home/raven/pico/pico-sdk/lib/tinyusb/src/device/usbd_control.c.obj
                0x10008438                usbd_control_reset
 .text.usbd_control_set_complete_callback
                0x1000844c        0xc CMakeFiles/main.dir/home/raven/pico/pico-sdk/lib/tinyusb/src/device/usbd_control.c.obj
                0x1000844c                usbd_control_set_complete_callback
 .text.usbd_control_set_request
                0x10008458       0x1c CMakeFiles/main.dir/home/raven/pico/pico-sdk/lib/tinyusb/src/device/usbd_control.c.obj
                0x10008458                usbd_control_set_request
 .text.usbd_control_xfer_cb
                0x10008474       0xf4 CMakeFiles/main.dir/home/raven/pico/pico-sdk/lib/tinyusb/src/device/usbd_control.c.obj
                0x10008474                usbd_control_xfer_cb
 .text.tud_cdc_n_connected
                0x10008568       0x30 CMakeFiles/main.dir/home/raven/pico/pico-sdk/lib/tinyusb/src/class/cdc/cdc_device.c.obj
                0x10008568                tud_cdc_n_connected
 .text.tud_cdc_n_available
                0x10008598       0x18 CMakeFiles/main.dir/home/raven/pico/pico-sdk/lib/tinyusb/src/class/cdc/cdc_device.c.obj
                0x10008598                tud_cdc_n_available
 .text.tud_cdc_n_read
                0x100085b0       0x70 CMakeFiles/main.dir/home/raven/pico/pico-sdk/lib/tinyusb/src/class/cdc/cdc_device.c.obj
                0x100085b0                tud_cdc_n_read
 .text.tud_cdc_n_write_flush
                0x10008620       0x78 CMakeFiles/main.dir/home/raven/pico/pico-sdk/lib/tinyusb/src/class/cdc/cdc_device.c.obj
                0x10008620                tud_cdc_n_write_flush
 .text.tud_cdc_n_write
                0x10008698       0x34 CMakeFiles/main.dir/home/raven/pico/pico-sdk/lib/tinyusb/src/class/cdc/cdc_device.c.obj
                0x10008698                tud_cdc_n_write
 .text.tud_cdc_n_write_available
                0x100086cc       0x18 CMakeFiles/main.dir/home/raven/pico/pico-sdk/lib/tinyusb/src/class/cdc/cdc_device.c.obj
                0x100086cc                tud_cdc_n_write_available
 .text.cdcd_init
                0x100086e4       0x7c CMakeFiles/main.dir/home/raven/pico/pico-sdk/lib/tinyusb/src/class/cdc/cdc_device.c.obj
                0x100086e4                cdcd_init
 .text.cdcd_reset
                0x10008760       0x2c CMakeFiles/main.dir/home/raven/pico/pico-sdk/lib/tinyusb/src/class/cdc/cdc_device.c.obj
                0x10008760                cdcd_reset
 .text.cdcd_open
                0x1000878c       0xe4 CMakeFiles/main.dir/home/raven/pico/pico-sdk/lib/tinyusb/src/class/cdc/cdc_device.c.obj
                0x1000878c                cdcd_open
 .text.cdcd_control_xfer_cb
                0x10008870       0xe4 CMakeFiles/main.dir/home/raven/pico/pico-sdk/lib/tinyusb/src/class/cdc/cdc_device.c.obj
                0x10008870                cdcd_control_xfer_cb
 .text.cdcd_xfer_cb
                0x10008954      0x13c CMakeFiles/main.dir/home/raven/pico/pico-sdk/lib/tinyusb/src/class/cdc/cdc_device.c.obj
                0x10008954                cdcd_xfer_cb
 .text.tusb_init
                0x10008a90        0xc CMakeFiles/main.dir/home/raven/pico/pico-sdk/lib/tinyusb/src/tusb.c.obj
                0x10008a90                tusb_init
 .text.tusb_inited
                0x10008a9c        0x8 CMakeFiles/main.dir/home/raven/pico/pico-sdk/lib/tinyusb/src/tusb.c.obj
                0x10008a9c                tusb_inited
 .text.tu_edpt_validate
                0x10008aa4       0x7c CMakeFiles/main.dir/home/raven/pico/pico-sdk/lib/tinyusb/src/tusb.c.obj
                0x10008aa4                tu_edpt_validate
 .text.tu_edpt_bind_driver
                0x10008b20       0x2c CMakeFiles/main.dir/home/raven/pico/pico-sdk/lib/tinyusb/src/tusb.c.obj
                0x10008b20                tu_edpt_bind_driver
 .text.tu_fifo_config
                0x10008b4c       0x74 CMakeFiles/main.dir/home/raven/pico/pico-sdk/lib/tinyusb/src/common/tusb_fifo.c.obj
                0x10008b4c                tu_fifo_config
 .text.tu_fifo_count
                0x10008bc0       0x20 CMakeFiles/main.dir/home/raven/pico/pico-sdk/lib/tinyusb/src/common/tusb_fifo.c.obj
                0x10008bc0                tu_fifo_count
 .text.tu_fifo_empty
                0x10008be0       0x10 CMakeFiles/main.dir/home/raven/pico/pico-sdk/lib/tinyusb/src/common/tusb_fifo.c.obj
                0x10008be0                tu_fifo_empty
 .text.tu_fifo_remaining
                0x10008bf0       0x1c CMakeFiles/main.dir/home/raven/pico/pico-sdk/lib/tinyusb/src/common/tusb_fifo.c.obj
                0x10008bf0                tu_fifo_remaining
 .text.tu_fifo_read
                0x10008c0c       0xa8 CMakeFiles/main.dir/home/raven/pico/pico-sdk/lib/tinyusb/src/common/tusb_fifo.c.obj
                0x10008c0c                tu_fifo_read
 .text.tu_fifo_read_n
                0x10008cb4      0x100 CMakeFiles/main.dir/home/raven/pico/pico-sdk/lib/tinyusb/src/common/tusb_fifo.c.obj
                0x10008cb4                tu_fifo_read_n
 .text.tu_fifo_write
                0x10008db4       0x8c CMakeFiles/main.dir/home/raven/pico/pico-sdk/lib/tinyusb/src/common/tusb_fifo.c.obj
                0x10008db4                tu_fifo_write
 .text.tu_fifo_write_n
                0x10008e40       0xfc CMakeFiles/main.dir/home/raven/pico/pico-sdk/lib/tinyusb/src/common/tusb_fifo.c.obj
                0x10008e40                tu_fifo_write_n
 .text.tu_fifo_clear
                0x10008f3c       0x4c CMakeFiles/main.dir/home/raven/pico/pico-sdk/lib/tinyusb/src/common/tusb_fifo.c.obj
                0x10008f3c                tu_fifo_clear
 .text.tu_fifo_set_overwritable
                0x10008f88       0x3c CMakeFiles/main.dir/home/raven/pico/pico-sdk/lib/tinyusb/src/common/tusb_fifo.c.obj
                0x10008f88                tu_fifo_set_overwritable
 .text.startup._retrieve_unique_id_on_boot
                0x10008fc4       0x10 CMakeFiles/main.dir/home/raven/pico/pico-sdk/src/rp2_common/pico_unique_id/unique_id.c.obj
 .text.pico_get_unique_board_id_string
                0x10008fd4      0x1a8 CMakeFiles/main.dir/home/raven/pico/pico-sdk/src/rp2_common/pico_unique_id/unique_id.c.obj
                0x10008fd4                pico_get_unique_board_id_string
 .text.flash_get_unique_id
                0x1000917c       0x3c CMakeFiles/main.dir/home/raven/pico/pico-sdk/src/rp2_common/hardware_flash/flash.c.obj
                0x1000917c                flash_get_unique_id
 .text.core1_trampoline
                0x100091b8        0x4 CMakeFiles/main.dir/home/raven/pico/pico-sdk/src/rp2_common/pico_multicore/multicore.c.obj
 .text.core1_wrapper
                0x100091bc        0xc CMakeFiles/main.dir/home/raven/pico/pico-sdk/src/rp2_common/pico_multicore/multicore.c.obj
                0x100091bc                core1_wrapper
 .text.multicore_fifo_push_blocking
                0x100091c8       0x14 CMakeFiles/main.dir/home/raven/pico/pico-sdk/src/rp2_common/pico_multicore/multicore.c.obj
                0x100091c8                multicore_fifo_push_blocking
 .text.multicore_fifo_pop_blocking
                0x100091dc       0x1c CMakeFiles/main.dir/home/raven/pico/pico-sdk/src/rp2_common/pico_multicore/multicore.c.obj
                0x100091dc                multicore_fifo_pop_blocking
 .text.multicore_launch_core1_raw
                0x100091f8       0x84 CMakeFiles/main.dir/home/raven/pico/pico-sdk/src/rp2_common/pico_multicore/multicore.c.obj
                0x100091f8                multicore_launch_core1_raw
 .text.multicore_launch_core1
                0x1000927c       0x58 CMakeFiles/main.dir/home/raven/pico/pico-sdk/src/rp2_common/pico_multicore/multicore.c.obj
                0x1000927c                multicore_launch_core1
 .text.i2c_set_baudrate
                0x100092d4       0xc4 CMakeFiles/main.dir/home/raven/pico/pico-sdk/src/rp2_common/hardware_i2c/i2c.c.obj
                0x100092d4                i2c_set_baudrate
 .text.i2c_init
                0x10009398       0x50 CMakeFiles/main.dir/home/raven/pico/pico-sdk/src/rp2_common/hardware_i2c/i2c.c.obj
                0x10009398                i2c_init
 .text.i2c_write_blocking
                0x100093e8       0xd0 CMakeFiles/main.dir/home/raven/pico/pico-sdk/src/rp2_common/hardware_i2c/i2c.c.obj
                0x100093e8                i2c_write_blocking
 .text.i2c_read_blocking
                0x100094b8       0x90 CMakeFiles/main.dir/home/raven/pico/pico-sdk/src/rp2_common/hardware_i2c/i2c.c.obj
                0x100094b8                i2c_read_blocking
 .text.ff_memalloc
                0x10009548        0x8 CMakeFiles/main.dir/lib/no-OS-FatFS-SD-SPI-RPi-Pico/FatFs_SPI/ff15/source/ffsystem.c.obj
                0x10009548                ff_memalloc
 .text.ff_memfree
                0x10009550        0x8 CMakeFiles/main.dir/lib/no-OS-FatFS-SD-SPI-RPi-Pico/FatFs_SPI/ff15/source/ffsystem.c.obj
                0x10009550                ff_memfree
 .text.ff_uni2oem
                0x10009558       0x40 CMakeFiles/main.dir/lib/no-OS-FatFS-SD-SPI-RPi-Pico/FatFs_SPI/ff15/source/ffunicode.c.obj
                0x10009558                ff_uni2oem
 .text.ff_wtoupper
                0x10009598       0xb8 CMakeFiles/main.dir/lib/no-OS-FatFS-SD-SPI-RPi-Pico/FatFs_SPI/ff15/source/ffunicode.c.obj
                0x10009598                ff_wtoupper
 .text.tchar2uni
                0x10009650      0x100 CMakeFiles/main.dir/lib/no-OS-FatFS-SD-SPI-RPi-Pico/FatFs_SPI/ff15/source/ff.c.obj
 .text.inc_share
                0x10009750      0x37c CMakeFiles/main.dir/lib/no-OS-FatFS-SD-SPI-RPi-Pico/FatFs_SPI/ff15/source/ff.c.obj
 .text.dir_clear
                0x10009acc      0x1b4 CMakeFiles/main.dir/lib/no-OS-FatFS-SD-SPI-RPi-Pico/FatFs_SPI/ff15/source/ff.c.obj
 .text.init_alloc_info.isra.0
                0x10009c80       0x6c CMakeFiles/main.dir/lib/no-OS-FatFS-SD-SPI-RPi-Pico/FatFs_SPI/ff15/source/ff.c.obj
 .text.sync_fs  0x10009cec       0xfc CMakeFiles/main.dir/lib/no-OS-FatFS-SD-SPI-RPi-Pico/FatFs_SPI/ff15/source/ff.c.obj
 .text.move_window
                0x10009de8       0xc8 CMakeFiles/main.dir/lib/no-OS-FatFS-SD-SPI-RPi-Pico/FatFs_SPI/ff15/source/ff.c.obj
 .text.put_fat.part.0
                0x10009eb0      0x160 CMakeFiles/main.dir/lib/no-OS-FatFS-SD-SPI-RPi-Pico/FatFs_SPI/ff15/source/ff.c.obj
 .text.get_fat  0x1000a010      0x1b0 CMakeFiles/main.dir/lib/no-OS-FatFS-SD-SPI-RPi-Pico/FatFs_SPI/ff15/source/ff.c.obj
 .text.dir_next.constprop.0
                0x1000a1c0       0xc4 CMakeFiles/main.dir/lib/no-OS-FatFS-SD-SPI-RPi-Pico/FatFs_SPI/ff15/source/ff.c.obj
 .text.check_fs
                0x1000a284      0x188 CMakeFiles/main.dir/lib/no-OS-FatFS-SD-SPI-RPi-Pico/FatFs_SPI/ff15/source/ff.c.obj
 .text.mount_volume
                0x1000a40c      0xaac CMakeFiles/main.dir/lib/no-OS-FatFS-SD-SPI-RPi-Pico/FatFs_SPI/ff15/source/ff.c.obj
 .text.load_xdir
                0x1000aeb8      0x1c0 CMakeFiles/main.dir/lib/no-OS-FatFS-SD-SPI-RPi-Pico/FatFs_SPI/ff15/source/ff.c.obj
 .text.dir_read.constprop.0
                0x1000b078      0x55c CMakeFiles/main.dir/lib/no-OS-FatFS-SD-SPI-RPi-Pico/FatFs_SPI/ff15/source/ff.c.obj
 .text.dir_sdi  0x1000b5d4      0x2e0 CMakeFiles/main.dir/lib/no-OS-FatFS-SD-SPI-RPi-Pico/FatFs_SPI/ff15/source/ff.c.obj
 .text.store_xdir
                0x1000b8b4      0x23c CMakeFiles/main.dir/lib/no-OS-FatFS-SD-SPI-RPi-Pico/FatFs_SPI/ff15/source/ff.c.obj
 .text.dir_find
                0x1000baf0      0x47c CMakeFiles/main.dir/lib/no-OS-FatFS-SD-SPI-RPi-Pico/FatFs_SPI/ff15/source/ff.c.obj
 .text.follow_path
                0x1000bf6c      0x5b8 CMakeFiles/main.dir/lib/no-OS-FatFS-SD-SPI-RPi-Pico/FatFs_SPI/ff15/source/ff.c.obj
 .text.remove_chain
                0x1000c524      0x3e4 CMakeFiles/main.dir/lib/no-OS-FatFS-SD-SPI-RPi-Pico/FatFs_SPI/ff15/source/ff.c.obj
 .text.create_chain
                0x1000c908      0x520 CMakeFiles/main.dir/lib/no-OS-FatFS-SD-SPI-RPi-Pico/FatFs_SPI/ff15/source/ff.c.obj
 .text.dir_alloc
                0x1000ce28      0x23c CMakeFiles/main.dir/lib/no-OS-FatFS-SD-SPI-RPi-Pico/FatFs_SPI/ff15/source/ff.c.obj
 .text.dir_register
                0x1000d064      0xa48 CMakeFiles/main.dir/lib/no-OS-FatFS-SD-SPI-RPi-Pico/FatFs_SPI/ff15/source/ff.c.obj
 .text.f_mount  0x1000daac      0x1c8 CMakeFiles/main.dir/lib/no-OS-FatFS-SD-SPI-RPi-Pico/FatFs_SPI/ff15/source/ff.c.obj
                0x1000daac                f_mount
 .text.f_open   0x1000dc74      0x890 CMakeFiles/main.dir/lib/no-OS-FatFS-SD-SPI-RPi-Pico/FatFs_SPI/ff15/source/ff.c.obj
                0x1000dc74                f_open
 .text.f_read   0x1000e504      0x270 CMakeFiles/main.dir/lib/no-OS-FatFS-SD-SPI-RPi-Pico/FatFs_SPI/ff15/source/ff.c.obj
                0x1000e504                f_read
 .text.f_write  0x1000e774      0x2f8 CMakeFiles/main.dir/lib/no-OS-FatFS-SD-SPI-RPi-Pico/FatFs_SPI/ff15/source/ff.c.obj
                0x1000e774                f_write
 .text.putc_bfd
                0x1000ea6c      0x174 CMakeFiles/main.dir/lib/no-OS-FatFS-SD-SPI-RPi-Pico/FatFs_SPI/ff15/source/ff.c.obj
 .text.putc_bfd.constprop.0
                0x1000ebe0      0x120 CMakeFiles/main.dir/lib/no-OS-FatFS-SD-SPI-RPi-Pico/FatFs_SPI/ff15/source/ff.c.obj
 .text.f_sync   0x1000ed00      0x2c8 CMakeFiles/main.dir/lib/no-OS-FatFS-SD-SPI-RPi-Pico/FatFs_SPI/ff15/source/ff.c.obj
                0x1000ed00                f_sync
 .text.f_close  0x1000efc8       0x78 CMakeFiles/main.dir/lib/no-OS-FatFS-SD-SPI-RPi-Pico/FatFs_SPI/ff15/source/ff.c.obj
                0x1000efc8                f_close
 .text.f_lseek  0x1000f040      0x538 CMakeFiles/main.dir/lib/no-OS-FatFS-SD-SPI-RPi-Pico/FatFs_SPI/ff15/source/ff.c.obj
                0x1000f040                f_lseek
 .text.f_gets   0x1000f578      0x438 CMakeFiles/main.dir/lib/no-OS-FatFS-SD-SPI-RPi-Pico/FatFs_SPI/ff15/source/ff.c.obj
                0x1000f578                f_gets
 .text.f_printf
                0x1000f9b0      0xd74 CMakeFiles/main.dir/lib/no-OS-FatFS-SD-SPI-RPi-Pico/FatFs_SPI/ff15/source/ff.c.obj
                0x1000f9b0                f_printf
 .text.sd_spi_go_high_frequency
                0x10010724       0x10 CMakeFiles/main.dir/lib/no-OS-FatFS-SD-SPI-RPi-Pico/FatFs_SPI/sd_driver/sd_spi.c.obj
                0x10010724                sd_spi_go_high_frequency
 .text.sd_spi_go_low_frequency
                0x10010734       0x14 CMakeFiles/main.dir/lib/no-OS-FatFS-SD-SPI-RPi-Pico/FatFs_SPI/sd_driver/sd_spi.c.obj
                0x10010734                sd_spi_go_low_frequency
 .text.sd_spi_deselect_pulse
                0x10010748       0x44 CMakeFiles/main.dir/lib/no-OS-FatFS-SD-SPI-RPi-Pico/FatFs_SPI/sd_driver/sd_spi.c.obj
                0x10010748                sd_spi_deselect_pulse
 .text.sd_spi_acquire
                0x1001078c       0x30 CMakeFiles/main.dir/lib/no-OS-FatFS-SD-SPI-RPi-Pico/FatFs_SPI/sd_driver/sd_spi.c.obj
                0x1001078c                sd_spi_acquire
 .text.sd_spi_release
                0x100107bc       0x30 CMakeFiles/main.dir/lib/no-OS-FatFS-SD-SPI-RPi-Pico/FatFs_SPI/sd_driver/sd_spi.c.obj
                0x100107bc                sd_spi_release
 .text.sd_spi_transfer
                0x100107ec        0xc CMakeFiles/main.dir/lib/no-OS-FatFS-SD-SPI-RPi-Pico/FatFs_SPI/sd_driver/sd_spi.c.obj
                0x100107ec                sd_spi_transfer
 .text.sd_spi_write
                0x100107f8       0x24 CMakeFiles/main.dir/lib/no-OS-FatFS-SD-SPI-RPi-Pico/FatFs_SPI/sd_driver/sd_spi.c.obj
                0x100107f8                sd_spi_write
 .text.sd_spi_send_initializing_sequence
                0x1001081c       0x80 CMakeFiles/main.dir/lib/no-OS-FatFS-SD-SPI-RPi-Pico/FatFs_SPI/sd_driver/sd_spi.c.obj
                0x1001081c                sd_spi_send_initializing_sequence
 .text.spi_lock
                0x1001089c        0xc CMakeFiles/main.dir/lib/no-OS-FatFS-SD-SPI-RPi-Pico/FatFs_SPI/sd_driver/spi.c.obj
                0x1001089c                spi_lock
 .text.spi_unlock
                0x100108a8        0xc CMakeFiles/main.dir/lib/no-OS-FatFS-SD-SPI-RPi-Pico/FatFs_SPI/sd_driver/spi.c.obj
                0x100108a8                spi_unlock
 .text.my_spi_init
                0x100108b4      0x198 CMakeFiles/main.dir/lib/no-OS-FatFS-SD-SPI-RPi-Pico/FatFs_SPI/sd_driver/spi.c.obj
                0x100108b4                my_spi_init
 .text.sd_test_com
                0x10010a4c      0x194 CMakeFiles/main.dir/lib/no-OS-FatFS-SD-SPI-RPi-Pico/FatFs_SPI/sd_driver/sd_card.c.obj
 .text.sd_cmd   0x10010be0      0x3b4 CMakeFiles/main.dir/lib/no-OS-FatFS-SD-SPI-RPi-Pico/FatFs_SPI/sd_driver/sd_card.c.obj
 .text.sd_sectors_nolock
                0x10010f94      0x180 CMakeFiles/main.dir/lib/no-OS-FatFS-SD-SPI-RPi-Pico/FatFs_SPI/sd_driver/sd_card.c.obj
 .text.sd_read_blocks
                0x10011114      0x198 CMakeFiles/main.dir/lib/no-OS-FatFS-SD-SPI-RPi-Pico/FatFs_SPI/sd_driver/sd_card.c.obj
                0x10011114                sd_read_blocks
 .text.sd_write_blocks
                0x100112ac      0x214 CMakeFiles/main.dir/lib/no-OS-FatFS-SD-SPI-RPi-Pico/FatFs_SPI/sd_driver/sd_card.c.obj
                0x100112ac                sd_write_blocks
 .text.sd_init  0x100114c0      0x22c CMakeFiles/main.dir/lib/no-OS-FatFS-SD-SPI-RPi-Pico/FatFs_SPI/sd_driver/sd_card.c.obj
 .text.sd_card_detect
                0x100116ec       0x40 CMakeFiles/main.dir/lib/no-OS-FatFS-SD-SPI-RPi-Pico/FatFs_SPI/sd_driver/sd_card.c.obj
                0x100116ec                sd_card_detect
 .text.sd_sectors
                0x1001172c       0x30 CMakeFiles/main.dir/lib/no-OS-FatFS-SD-SPI-RPi-Pico/FatFs_SPI/sd_driver/sd_card.c.obj
                0x1001172c                sd_sectors
 .text.sd_init_driver
                0x1001175c      0x110 CMakeFiles/main.dir/lib/no-OS-FatFS-SD-SPI-RPi-Pico/FatFs_SPI/sd_driver/sd_card.c.obj
                0x1001175c                sd_init_driver
 .text.crc7     0x1001186c       0x28 CMakeFiles/main.dir/lib/no-OS-FatFS-SD-SPI-RPi-Pico/FatFs_SPI/sd_driver/crc.c.obj
                0x1001186c                crc7
 .text.crc16    0x10011894       0x30 CMakeFiles/main.dir/lib/no-OS-FatFS-SD-SPI-RPi-Pico/FatFs_SPI/sd_driver/crc.c.obj
                0x10011894                crc16
 .text.disk_status
                0x100118c4       0x18 CMakeFiles/main.dir/lib/no-OS-FatFS-SD-SPI-RPi-Pico/FatFs_SPI/src/glue.c.obj
                0x100118c4                disk_status
 .text.disk_initialize
                0x100118dc       0x2c CMakeFiles/main.dir/lib/no-OS-FatFS-SD-SPI-RPi-Pico/FatFs_SPI/src/glue.c.obj
                0x100118dc                disk_initialize
 .text.disk_read
                0x10011908       0x74 CMakeFiles/main.dir/lib/no-OS-FatFS-SD-SPI-RPi-Pico/FatFs_SPI/src/glue.c.obj
                0x10011908                disk_read
 .text.disk_write
                0x1001197c       0x74 CMakeFiles/main.dir/lib/no-OS-FatFS-SD-SPI-RPi-Pico/FatFs_SPI/src/glue.c.obj
                0x1001197c                disk_write
 .text.disk_ioctl
                0x100119f0       0x3c CMakeFiles/main.dir/lib/no-OS-FatFS-SD-SPI-RPi-Pico/FatFs_SPI/src/glue.c.obj
                0x100119f0                disk_ioctl
 .text.get_fattime
                0x10011a2c       0x6c CMakeFiles/main.dir/lib/no-OS-FatFS-SD-SPI-RPi-Pico/FatFs_SPI/src/rtc.c.obj
                0x10011a2c                get_fattime
 .text.spi_init
                0x10011a98       0xec CMakeFiles/main.dir/home/raven/pico/pico-sdk/src/rp2_common/hardware_spi/spi.c.obj
                0x10011a98                spi_init
 .text.spi_set_baudrate
                0x10011b84       0x94 CMakeFiles/main.dir/home/raven/pico/pico-sdk/src/rp2_common/hardware_spi/spi.c.obj
                0x10011b84                spi_set_baudrate
 .text.spi_get_baudrate
                0x10011c18       0x1c CMakeFiles/main.dir/home/raven/pico/pico-sdk/src/rp2_common/hardware_spi/spi.c.obj
                0x10011c18                spi_get_baudrate
 .text.dma_claim_unused_channel
                0x10011c34       0x24 CMakeFiles/main.dir/home/raven/pico/pico-sdk/src/rp2_common/hardware_dma/dma.c.obj
                0x10011c34                dma_claim_unused_channel
 .text.rtc_get_datetime
                0x10011c58       0x44 CMakeFiles/main.dir/home/raven/pico/pico-sdk/src/rp2_common/hardware_rtc/rtc.c.obj
                0x10011c58                rtc_get_datetime
 .text.startup._GLOBAL__sub_I__ZN9__gnu_cxx9__freeresEv
                0x10011c9c      0x10c /usr/lib/gcc/arm-none-eabi/13.2.1/../../../arm-none-eabi/lib/thumb/v6-m/nofp/libstdc++.a(eh_alloc.o)
 .text          0x10011da8       0x30 /usr/lib/gcc/arm-none-eabi/13.2.1/../../../arm-none-eabi/lib/thumb/v6-m/nofp/libc.a(libc_a-getenv.o)
                0x10011da8                _findenv
                0x10011dc0                getenv
 .text          0x10011dd8        0xc /usr/lib/gcc/arm-none-eabi/13.2.1/../../../arm-none-eabi/lib/thumb/v6-m/nofp/libc.a(libc_a-atof.o)
                0x10011dd8                atof
 .text          0x10011de4     0x10b8 /usr/lib/gcc/arm-none-eabi/13.2.1/../../../arm-none-eabi/lib/thumb/v6-m/nofp/libc.a(libc_a-strtod.o)
                0x10011e14                _strtod_l
                0x10012ccc                _strtod_r
                0x10012cdc                strtod_l
                0x10012cf4                strtod
                0x10012d10                strtof_l
                0x10012dc8                strtof
 .text          0x10012e9c       0xc4 /usr/lib/gcc/arm-none-eabi/13.2.1/../../../arm-none-eabi/lib/thumb/v6-m/nofp/libc.a(libc_a-strchr.o)
                0x10012e9c                strchr
 .text          0x10012f60      0x658 /usr/lib/gcc/arm-none-eabi/13.2.1/../../../arm-none-eabi/lib/thumb/v6-m/nofp/libc.a(libc_a-gdtoa-gethex.o)
                0x10013010                __gethex
 .text          0x100135b8      0x17c /usr/lib/gcc/arm-none-eabi/13.2.1/../../../arm-none-eabi/lib/thumb/v6-m/nofp/libc.a(libc_a-strtoul.o)
                0x100136fc                _strtoul_r
                0x10013704                strtoul_l
                0x1001371c                strtoul
 .text          0x10013734       0x44 /usr/lib/gcc/arm-none-eabi/13.2.1/../../../arm-none-eabi/lib/thumb/v6-m/nofp/libc.a(libc_a-mbtowc_r.o)
                0x10013734                _mbtowc_r
                0x1001374c                __ascii_mbtowc
 .text          0x10013778       0x74 /usr/lib/gcc/arm-none-eabi/13.2.1/../../../arm-none-eabi/lib/thumb/v6-m/nofp/libc.a(libc_a-strncmp.o)
                0x10013778                strncmp
 .text          0x100137ec        0xc /usr/lib/gcc/arm-none-eabi/13.2.1/../../../arm-none-eabi/lib/thumb/v6-m/nofp/libc.a(libc_a-errno.o)
                0x100137ec                __errno
 .text          0x100137f8       0xa8 /usr/lib/gcc/arm-none-eabi/13.2.1/../../../arm-none-eabi/lib/thumb/v6-m/nofp/libc.a(libc_a-callocr.o)
                0x100137f8                _calloc_r
 .text          0x100138a0      0x5b4 /usr/lib/gcc/arm-none-eabi/13.2.1/../../../arm-none-eabi/lib/thumb/v6-m/nofp/libc.a(libc_a-mallocr.o)
                0x100138a0                _malloc_r
 .text          0x10013e54      0x288 /usr/lib/gcc/arm-none-eabi/13.2.1/../../../arm-none-eabi/lib/thumb/v6-m/nofp/libc.a(libc_a-freer.o)
                0x10013e54                _malloc_trim_r
                0x10013f08                _free_r
 .text          0x100140dc       0x48 /usr/lib/gcc/arm-none-eabi/13.2.1/../../../arm-none-eabi/lib/thumb/v6-m/nofp/libc.a(libc_a-memcmp.o)
                0x100140dc                memcmp
 .text          0x10014124       0x18 /usr/lib/gcc/arm-none-eabi/13.2.1/../../../arm-none-eabi/lib/thumb/v6-m/nofp/libc.a(libc_a-atoi.o)
                0x10014124                atoi
                0x10014130                _atoi_r
 .text          0x1001413c      0x190 /usr/lib/gcc/arm-none-eabi/13.2.1/../../../arm-none-eabi/lib/thumb/v6-m/nofp/libc.a(libc_a-strtol.o)
                0x10014294                _strtol_r
                0x1001429c                strtol_l
                0x100142b4                strtol
 .text          0x100142cc       0x2c /usr/lib/gcc/arm-none-eabi/13.2.1/../../../arm-none-eabi/lib/thumb/v6-m/nofp/libc.a(libc_a-wctomb_r.o)
                0x100142cc                _wctomb_r
                0x100142dc                __ascii_wctomb
 .text          0x100142f8       0x28 /usr/lib/gcc/arm-none-eabi/13.2.1/../../../arm-none-eabi/lib/thumb/v6-m/nofp/libc.a(libc_a-malloc.o)
                0x100142f8                malloc
                0x1001430c                free
 .text          0x10014320       0x1c /usr/lib/gcc/arm-none-eabi/13.2.1/../../../arm-none-eabi/lib/thumb/v6-m/nofp/libc.a(libc_a-sysconf.o)
                0x10014320                sysconf
 .text          0x1001433c       0x9c /usr/lib/gcc/arm-none-eabi/13.2.1/../../../arm-none-eabi/lib/thumb/v6-m/nofp/libc.a(libc_a-getenv_r.o)
                0x1001433c                _findenv_r
                0x100143c8                _getenv_r
 .text          0x100143d8        0x8 /usr/lib/gcc/arm-none-eabi/13.2.1/../../../arm-none-eabi/lib/thumb/v6-m/nofp/libc.a(libc_a-mlock.o)
                0x100143d8                __malloc_lock
                0x100143dc                __malloc_unlock
 .text          0x100143e0       0x10 /usr/lib/gcc/arm-none-eabi/13.2.1/../../../arm-none-eabi/lib/thumb/v6-m/nofp/libc.a(libc_a-atexit.o)
                0x100143e0                atexit
 .text          0x100143f0       0x5c /usr/lib/gcc/arm-none-eabi/13.2.1/../../../arm-none-eabi/lib/thumb/v6-m/nofp/libc.a(libc_a-strlen-stub.o)
                0x100143f0                strlen
 .text          0x1001444c       0x24 /usr/lib/gcc/arm-none-eabi/13.2.1/../../../arm-none-eabi/lib/thumb/v6-m/nofp/libc.a(libc_a-sbrkr.o)
                0x1001444c                _sbrk_r
 .text          0x10014470      0x230 /usr/lib/gcc/arm-none-eabi/13.2.1/../../../arm-none-eabi/lib/thumb/v6-m/nofp/libc.a(libc_a-gdtoa-hexnan.o)
                0x10014470                __match
                0x1001449c                __hexnan
 .text          0x100146a0       0x28 /usr/lib/gcc/arm-none-eabi/13.2.1/../../../arm-none-eabi/lib/thumb/v6-m/nofp/libc.a(libc_a-fini.o)
                0x100146a0                __libc_fini_array
 .text          0x100146c8        0xc /usr/lib/gcc/arm-none-eabi/13.2.1/../../../arm-none-eabi/lib/thumb/v6-m/nofp/libc.a(libm_a-s_nan.o)
                0x100146c8                nan
 .text          0x100146d4        0x8 /usr/lib/gcc/arm-none-eabi/13.2.1/../../../arm-none-eabi/lib/thumb/v6-m/nofp/libc.a(libm_a-sf_nan.o)
                0x100146d4                nanf
 .text          0x100146dc        0x8 /usr/lib/gcc/arm-none-eabi/13.2.1/../../../arm-none-eabi/lib/thumb/v6-m/nofp/libc.a(libc_a-envlock.o)
                0x100146dc                __env_lock
                0x100146e0                __env_unlock
 .text          0x100146e4      0xb18 /usr/lib/gcc/arm-none-eabi/13.2.1/../../../arm-none-eabi/lib/thumb/v6-m/nofp/libc.a(libc_a-mprec.o)
                0x100146e4                _Balloc
                0x10014734                _Bfree
                0x10014748                __multadd
                0x100147f0                __s2b
                0x100148a0                __hi0bits
                0x100148ec                __lo0bits
                0x10014948                __i2b
                0x100149a8                __multiply
                0x10014b54                __pow5mult
                0x10014c24                __lshift
                0x10014d20                __mcmp
                0x10014d5c                __mdiff
                0x10014f10                __ulp
                0x10014f50                __b2d
                0x10015008                __d2b
                0x100150d4                __ratio
                0x1001513c                _mprec_log10
                0x10015170                __copybits
                0x100151b0                __any_on
 .text          0x100151fc       0x78 /usr/lib/gcc/arm-none-eabi/13.2.1/../../../arm-none-eabi/lib/thumb/v6-m/nofp/libc.a(libc_a-__atexit.o)
                0x100151fc                __register_exitproc
 .text.startup  0x10015274       0x18 /usr/lib/gcc/arm-none-eabi/13.2.1/../../../arm-none-eabi/lib/thumb/v6-m/nofp/libc.a(libc_a-__call_atexit.o)
 *(.fini)
 .fini          0x1001528c        0x4 /usr/lib/gcc/arm-none-eabi/13.2.1/thumb/v6-m/nofp/crti.o
                0x1001528c                _fini
 .fini.__stub   0x10015290       0x90 linker stubs
 *crtbegin.o(.ctors)
 *crtbegin?.o(.ctors)
 *(EXCLUDE_FILE(*crtend.o *crtend?.o) .ctors)
 *(SORT_BY_NAME(.ctors.*))
 *(.ctors)
 *crtbegin.o(.dtors)
 *crtbegin?.o(.dtors)
 *(EXCLUDE_FILE(*crtend.o *crtend?.o) .dtors)
 *(SORT_BY_NAME(.dtors.*))
 *(.dtors)
 *(.eh_frame*)
 .eh_frame      0x10015320        0x0 /usr/lib/gcc/arm-none-eabi/13.2.1/thumb/v6-m/nofp/crtbegin.o
                0x10015320                        . = ALIGN (0x4)

.glue_7         0x10015320        0x0
 .glue_7        0x10015320        0x0 linker stubs

.glue_7t        0x10015320        0x0
 .glue_7t       0x10015320        0x0 linker stubs

.vfp11_veneer   0x10015320        0x0
 .vfp11_veneer  0x10015320        0x0 linker stubs

.v4_bx          0x10015320        0x0
 .v4_bx         0x10015320        0x0 linker stubs

.iplt           0x10015320        0x0
 .iplt          0x10015320        0x0 /usr/lib/gcc/arm-none-eabi/13.2.1/thumb/v6-m/nofp/crtbegin.o

.rodata         0x10015320     0x19d8
 *(EXCLUDE_FILE(*libm.a: *libc.a:*lib_a-mem*.o *libgcc.a:) .rodata*)
 .rodata._Z10core1_mainv.str1.4
                0x10015320      0x98d CMakeFiles/main.dir/main.cpp.obj
                                0x235 (size before relaxing)
 .rodata.main.str1.4
                0x10015cad      0x1a7 CMakeFiles/main.dir/main.cpp.obj
 *fill*         0x10015cad        0x3 
 .rodata._ZZ4mainE8__bi_302
                0x10015cb0        0x8 CMakeFiles/main.dir/main.cpp.obj
 .rodata._ZZ4mainE8__bi_301
                0x10015cb8        0x8 CMakeFiles/main.dir/main.cpp.obj
 .rodata._ZL6pwmPin
                0x10015cc0       0x10 CMakeFiles/main.dir/func-pwm.cpp.obj
 .rodata._ZN9pico_uart5setupEP9uart_instjjj.str1.4
                0x10015cd0       0x66 CMakeFiles/main.dir/func-uart.cpp.obj
 .rodata._GLOBAL__sub_I_messageStartFlag.str1.4
                0x10015cd0        0x6 CMakeFiles/main.dir/func-uart.cpp.obj
 .rodata._ZN11MS5837_02BA5setupEP8i2c_inst.str1.4
                0x10015cd0       0x10 CMakeFiles/main.dir/func-MS5837-02BA.cpp.obj
 .rodata._ZN11MS5837_02BA13readTempPressEP8i2c_instPdS2_.str1.4
                0x10015cd0        0x4 CMakeFiles/main.dir/func-MS5837-02BA.cpp.obj
 .rodata._ZN6BNO0555setupEP8i2c_inst.str1.4
                0x10015cd0      0x19d CMakeFiles/main.dir/func-BNO055.cpp.obj
 .rodata._ZN6INA2285setupEP8i2c_inst.str1.4
                0x10015cd0       0x95 CMakeFiles/main.dir/func-INA228.cpp.obj
 .rodata.str1.4
                0x10015cd0        0x3 CMakeFiles/main.dir/hw_config.c.obj
 .rodata.spin_lock_claim_unused.str1.4
                0x10015cd0       0x1b CMakeFiles/main.dir/home/raven/pico/pico-sdk/src/rp2_common/hardware_sync/sync.c.obj
 .rodata.user_irq_claim_unused.str1.4
                0x10015cd0       0x1b CMakeFiles/main.dir/home/raven/pico/pico-sdk/src/rp2_common/hardware_irq/irq.c.obj
 .rodata.hardware_alarm_claim.str1.4
                0x10015cd0       0x22 CMakeFiles/main.dir/home/raven/pico/pico-sdk/src/rp2_common/hardware_timer/timer.c.obj
 .rodata.__assert_func.str1.4
                0x10015cd0       0x43 CMakeFiles/main.dir/home/raven/pico/pico-sdk/src/rp2_common/pico_runtime/runtime.c.obj
 .rodata.panic.str1.4
                0x10015cd0       0x12 CMakeFiles/main.dir/home/raven/pico/pico-sdk/src/rp2_common/pico_runtime/runtime.c.obj
 .rodata.hard_assertion_failure.str1.4
                0x10015cd0        0xc CMakeFiles/main.dir/home/raven/pico/pico-sdk/src/rp2_common/pico_runtime/runtime.c.obj
 .rodata._ftoa.str1.4
                0x10015cd0       0x15 CMakeFiles/main.dir/home/raven/pico/pico-sdk/src/rp2_common/pico_printf/printf.c.obj
 .rodata._vsnprintf
                0x10015cd0      0x19c CMakeFiles/main.dir/home/raven/pico/pico-sdk/src/rp2_common/pico_printf/printf.c.obj
 *fill*         0x10015e6c        0x4 
 .rodata.pow10.0
                0x10015e70       0x50 CMakeFiles/main.dir/home/raven/pico/pico-sdk/src/rp2_common/pico_printf/printf.c.obj
 .rodata.__wrap_malloc.str1.4
                0x10015ec0        0xe CMakeFiles/main.dir/home/raven/pico/pico-sdk/src/rp2_common/pico_malloc/pico_malloc.c.obj
 .rodata.str1.4
                0x10015ec0       0x3c CMakeFiles/main.dir/home/raven/pico/pico-sdk/src/rp2_common/pico_standard_link/binary_info.c.obj
 .rodata.__bi_81
                0x10015ec0        0xc CMakeFiles/main.dir/home/raven/pico/pico-sdk/src/rp2_common/pico_standard_link/binary_info.c.obj
 .rodata.__bi_75
                0x10015ecc        0xc CMakeFiles/main.dir/home/raven/pico/pico-sdk/src/rp2_common/pico_standard_link/binary_info.c.obj
 .rodata.__bi_44
                0x10015ed8        0xc CMakeFiles/main.dir/home/raven/pico/pico-sdk/src/rp2_common/pico_standard_link/binary_info.c.obj
 .rodata.crlf_str.0
                0x10015ee4        0x2 CMakeFiles/main.dir/home/raven/pico/pico-sdk/src/rp2_common/pico_stdio/stdio.c.obj
 *fill*         0x10015ee6        0x2 
 .rodata._resetd_driver
                0x10015ee8       0x18 CMakeFiles/main.dir/home/raven/pico/pico-sdk/src/rp2_common/pico_stdio_usb/reset_interface.c.obj
 .rodata.str1.4
                0x10015f00       0x13 CMakeFiles/main.dir/home/raven/pico/pico-sdk/src/rp2_common/pico_stdio_usb/stdio_usb.c.obj
 .rodata.__bi_118.0
                0x10015f00        0xc CMakeFiles/main.dir/home/raven/pico/pico-sdk/src/rp2_common/pico_stdio_usb/stdio_usb.c.obj
 .rodata.str1.4
                0x10015f0c       0x2a CMakeFiles/main.dir/home/raven/pico/pico-sdk/src/rp2_common/pico_stdio_usb/stdio_usb_descriptors.c.obj
 .rodata.usbd_desc_str
                0x10015f0c       0x18 CMakeFiles/main.dir/home/raven/pico/pico-sdk/src/rp2_common/pico_stdio_usb/stdio_usb_descriptors.c.obj
 .rodata.usbd_desc_cfg
                0x10015f24       0x54 CMakeFiles/main.dir/home/raven/pico/pico-sdk/src/rp2_common/pico_stdio_usb/stdio_usb_descriptors.c.obj
 .rodata.usbd_desc_device
                0x10015f78       0x12 CMakeFiles/main.dir/home/raven/pico/pico-sdk/src/rp2_common/pico_stdio_usb/stdio_usb_descriptors.c.obj
 .rodata.dcd_rp2040_irq.str1.4
                0x10015f8a       0x14 CMakeFiles/main.dir/home/raven/pico/pico-sdk/lib/tinyusb/src/portable/raspberrypi/rp2040/dcd_rp2040.c.obj
 .rodata._hw_endpoint_buffer_control_update32.part.0.isra.0.str1.4
                0x10015f8a       0x1f CMakeFiles/main.dir/home/raven/pico/pico-sdk/lib/tinyusb/src/portable/raspberrypi/rp2040/rp2040_usb.c.obj
 .rodata.hw_endpoint_xfer_continue.str1.4
                0x10015f8a       0x29 CMakeFiles/main.dir/home/raven/pico/pico-sdk/lib/tinyusb/src/portable/raspberrypi/rp2040/rp2040_usb.c.obj
 .rodata.str1.4
                0x10015f8a        0x7 CMakeFiles/main.dir/home/raven/pico/pico-sdk/lib/tinyusb/src/portable/raspberrypi/rp2040/rp2040_usb.c.obj
 *fill*         0x10015f8a        0x2 
 .rodata.tud_task
                0x10015f8c       0x8c CMakeFiles/main.dir/home/raven/pico/pico-sdk/lib/tinyusb/src/device/usbd.c.obj
 .rodata._usbd_driver
                0x10016018       0x18 CMakeFiles/main.dir/home/raven/pico/pico-sdk/lib/tinyusb/src/device/usbd.c.obj
 .rodata.ff_wtoupper
                0x10016030       0x24 CMakeFiles/main.dir/lib/no-OS-FatFS-SD-SPI-RPi-Pico/FatFs_SPI/ff15/source/ffunicode.c.obj
 .rodata.cvt2.0
                0x10016054       0xbc CMakeFiles/main.dir/lib/no-OS-FatFS-SD-SPI-RPi-Pico/FatFs_SPI/ff15/source/ffunicode.c.obj
 .rodata.cvt1.1
                0x10016110      0x1f2 CMakeFiles/main.dir/lib/no-OS-FatFS-SD-SPI-RPi-Pico/FatFs_SPI/ff15/source/ffunicode.c.obj
 *fill*         0x10016302        0x2 
 .rodata.uc437  0x10016304      0x100 CMakeFiles/main.dir/lib/no-OS-FatFS-SD-SPI-RPi-Pico/FatFs_SPI/ff15/source/ffunicode.c.obj
 .rodata.check_fs.str1.4
                0x10016404       0x15 CMakeFiles/main.dir/lib/no-OS-FatFS-SD-SPI-RPi-Pico/FatFs_SPI/ff15/source/ff.c.obj
 .rodata.follow_path.str1.4
                0x10016404       0x13 CMakeFiles/main.dir/lib/no-OS-FatFS-SD-SPI-RPi-Pico/FatFs_SPI/ff15/source/ff.c.obj
 .rodata.f_printf.str1.4
                0x10016404        0xc CMakeFiles/main.dir/lib/no-OS-FatFS-SD-SPI-RPi-Pico/FatFs_SPI/ff15/source/ff.c.obj
 .rodata.f_printf
                0x10016404       0xd0 CMakeFiles/main.dir/lib/no-OS-FatFS-SD-SPI-RPi-Pico/FatFs_SPI/ff15/source/ff.c.obj
 .rodata.ExCvt  0x100164d4       0x80 CMakeFiles/main.dir/lib/no-OS-FatFS-SD-SPI-RPi-Pico/FatFs_SPI/ff15/source/ff.c.obj
 .rodata.LfnOfs
                0x10016554        0xd CMakeFiles/main.dir/lib/no-OS-FatFS-SD-SPI-RPi-Pico/FatFs_SPI/ff15/source/ff.c.obj
 *fill*         0x10016561        0x3 
 .rodata.GUID_MS_Basic
                0x10016564       0x10 CMakeFiles/main.dir/lib/no-OS-FatFS-SD-SPI-RPi-Pico/FatFs_SPI/ff15/source/ff.c.obj
 .rodata        0x10016574       0x2c CMakeFiles/main.dir/lib/no-OS-FatFS-SD-SPI-RPi-Pico/FatFs_SPI/ff15/source/ff.c.obj
 .rodata.dummy.2
                0x100165a0        0x1 CMakeFiles/main.dir/lib/no-OS-FatFS-SD-SPI-RPi-Pico/FatFs_SPI/sd_driver/spi.c.obj
 .rodata.sd_init.str1.4
                0x100165a1       0x16 CMakeFiles/main.dir/lib/no-OS-FatFS-SD-SPI-RPi-Pico/FatFs_SPI/sd_driver/sd_card.c.obj
 *fill*         0x100165a1        0x3 
 .rodata.m_Crc16Table
                0x100165a4      0x200 CMakeFiles/main.dir/lib/no-OS-FatFS-SD-SPI-RPi-Pico/FatFs_SPI/sd_driver/crc.c.obj
 .rodata.m_Crc7Table
                0x100167a4      0x100 CMakeFiles/main.dir/lib/no-OS-FatFS-SD-SPI-RPi-Pico/FatFs_SPI/sd_driver/crc.c.obj
 .rodata.dma_claim_unused_channel.str1.4
                0x100168a4       0x1e CMakeFiles/main.dir/home/raven/pico/pico-sdk/src/rp2_common/hardware_dma/dma.c.obj
 .rodata._GLOBAL__sub_I__ZN9__gnu_cxx9__freeresEv.str1.4
                0x100168a4       0x3c /usr/lib/gcc/arm-none-eabi/13.2.1/../../../arm-none-eabi/lib/thumb/v6-m/nofp/libstdc++.a(eh_alloc.o)
 .rodata.str1.4
                0x100168a4       0x15 /usr/lib/gcc/arm-none-eabi/13.2.1/../../../arm-none-eabi/lib/thumb/v6-m/nofp/libc.a(libc_a-strtod.o)
 *fill*         0x100168a4        0x4 
 .rodata        0x100168a8      0x120 /usr/lib/gcc/arm-none-eabi/13.2.1/../../../arm-none-eabi/lib/thumb/v6-m/nofp/libc.a(libc_a-strtod.o)
 .rodata.str1.4
                0x100169c8       0x12 /usr/lib/gcc/arm-none-eabi/13.2.1/../../../arm-none-eabi/lib/thumb/v6-m/nofp/libc.a(libc_a-locale.o)
 .rodata.str1.4
                0x100169c8       0x4c /usr/lib/gcc/arm-none-eabi/13.2.1/../../../arm-none-eabi/lib/thumb/v6-m/nofp/libc.a(libc_a-gdtoa-gethex.o)
 .rodata        0x100169c8      0x100 /usr/lib/gcc/arm-none-eabi/13.2.1/../../../arm-none-eabi/lib/thumb/v6-m/nofp/libc.a(libc_a-gdtoa-gethex.o)
                0x100169c8                __hexdig
 .rodata        0x10016ac8      0x101 /usr/lib/gcc/arm-none-eabi/13.2.1/../../../arm-none-eabi/lib/thumb/v6-m/nofp/libc.a(libc_a-ctype_.o)
                0x10016ac8                _ctype_
 .rodata.str1.4
                0x10016bc9       0x41 /usr/lib/gcc/arm-none-eabi/13.2.1/../../../arm-none-eabi/lib/thumb/v6-m/nofp/libc.a(libc_a-mprec.o)
 *fill*         0x10016bc9        0x7 
 .rodata        0x10016bd0      0x128 /usr/lib/gcc/arm-none-eabi/13.2.1/../../../arm-none-eabi/lib/thumb/v6-m/nofp/libc.a(libc_a-mprec.o)
                0x10016be0                __mprec_tinytens
                0x10016c08                __mprec_bigtens
                0x10016c30                __mprec_tens
                0x10016cf8                        . = ALIGN (0x4)
 *(SORT_BY_ALIGNMENT(SORT_BY_NAME(.flashdata*)))
                0x10016cf8                        . = ALIGN (0x4)

.ARM.extab
 *(.ARM.extab* .gnu.linkonce.armextab.*)
                0x10016cf8                        __exidx_start = .

.ARM.exidx      0x10016cf8        0x8
 *(.ARM.exidx* .gnu.linkonce.armexidx.*)
 .ARM.exidx.text.startup._GLOBAL__sub_I__ZN9__gnu_cxx9__freeresEv
                0x10016cf8        0x8 /usr/lib/gcc/arm-none-eabi/13.2.1/../../../arm-none-eabi/lib/thumb/v6-m/nofp/libstdc++.a(eh_alloc.o)
                0x10016d00                        __exidx_end = .

.rel.dyn        0x10016d00        0x0
 .rel.iplt      0x10016d00        0x0 /usr/lib/gcc/arm-none-eabi/13.2.1/thumb/v6-m/nofp/crtbegin.o
                0x10016d00                        . = ALIGN (0x4)
                0x10016d00                        __binary_info_start = .

.binary_info    0x10016d00       0x28
 *(.binary_info.keep.*)
 .binary_info.keep.__bi_ptr302
                0x10016d00        0x4 CMakeFiles/main.dir/main.cpp.obj
 .binary_info.keep.__bi_ptr301
                0x10016d04        0x4 CMakeFiles/main.dir/main.cpp.obj
 .binary_info.keep.__bi_ptr81
                0x10016d08        0x4 CMakeFiles/main.dir/home/raven/pico/pico-sdk/src/rp2_common/pico_standard_link/binary_info.c.obj
 .binary_info.keep.__bi_ptr75
                0x10016d0c        0x4 CMakeFiles/main.dir/home/raven/pico/pico-sdk/src/rp2_common/pico_standard_link/binary_info.c.obj
 .binary_info.keep.__bi_ptr50
                0x10016d10        0x4 CMakeFiles/main.dir/home/raven/pico/pico-sdk/src/rp2_common/pico_standard_link/binary_info.c.obj
 .binary_info.keep.__bi_ptr44
                0x10016d14        0x4 CMakeFiles/main.dir/home/raven/pico/pico-sdk/src/rp2_common/pico_standard_link/binary_info.c.obj
 .binary_info.keep.__bi_ptr38
                0x10016d18        0x4 CMakeFiles/main.dir/home/raven/pico/pico-sdk/src/rp2_common/pico_standard_link/binary_info.c.obj
 .binary_info.keep.__bi_ptr30
                0x10016d1c        0x4 CMakeFiles/main.dir/home/raven/pico/pico-sdk/src/rp2_common/pico_standard_link/binary_info.c.obj
 .binary_info.keep.__bi_ptr22
                0x10016d20        0x4 CMakeFiles/main.dir/home/raven/pico/pico-sdk/src/rp2_common/pico_standard_link/binary_info.c.obj
 *(.binary_info.*)
 .binary_info.__bi_ptr118
                0x10016d24        0x4 CMakeFiles/main.dir/home/raven/pico/pico-sdk/src/rp2_common/pico_stdio_usb/stdio_usb.c.obj
                0x10016d28                        __binary_info_end = .
                0x10016d28                        . = ALIGN (0x4)
                0x10016d28                        __etext = .

.ram_vector_table
                0x20000000       0xc0
 *(.ram_vector_table)
 .ram_vector_table
                0x20000000       0xc0 CMakeFiles/main.dir/home/raven/pico/pico-sdk/src/rp2_common/pico_runtime/runtime.c.obj
                0x20000000                ram_vector_table

.data           0x200000c0     0x1080 load address 0x10016d28
                0x200000c0                        __data_start__ = .
 *(vtable)
 *(.time_critical*)
 .time_critical.sem_acquire_timeout_ms
                0x200000c0       0x90 CMakeFiles/main.dir/home/raven/pico/pico-sdk/src/common/pico_sync/sem.c.obj
                0x200000c0                sem_acquire_timeout_ms
 .time_critical.sem_release
                0x20000150       0x4c CMakeFiles/main.dir/home/raven/pico/pico-sdk/src/common/pico_sync/sem.c.obj
                0x20000150                sem_release
 .time_critical.sem_reset
                0x2000019c       0x40 CMakeFiles/main.dir/home/raven/pico/pico-sdk/src/common/pico_sync/sem.c.obj
                0x2000019c                sem_reset
 .time_critical.mutex_enter_blocking
                0x200001dc       0x48 CMakeFiles/main.dir/home/raven/pico/pico-sdk/src/common/pico_sync/mutex.c.obj
                0x200001dc                mutex_enter_blocking
 .time_critical.mutex_try_enter
                0x20000224       0x40 CMakeFiles/main.dir/home/raven/pico/pico-sdk/src/common/pico_sync/mutex.c.obj
                0x20000224                mutex_try_enter
 .time_critical.mutex_enter_timeout_ms
                0x20000264       0xa0 CMakeFiles/main.dir/home/raven/pico/pico-sdk/src/common/pico_sync/mutex.c.obj
                0x20000264                mutex_enter_timeout_ms
 .time_critical.mutex_exit
                0x20000304       0x28 CMakeFiles/main.dir/home/raven/pico/pico-sdk/src/common/pico_sync/mutex.c.obj
                0x20000304                mutex_exit
 .time_critical.flash_init_boot2_copyout
                0x2000032c       0x30 CMakeFiles/main.dir/home/raven/pico/pico-sdk/src/rp2_common/hardware_flash/flash.c.obj
 .time_critical.flash_enable_xip_via_boot2
                0x2000035c        0xc CMakeFiles/main.dir/home/raven/pico/pico-sdk/src/rp2_common/hardware_flash/flash.c.obj
 .time_critical.flash_cs_force
                0x20000368       0x38 CMakeFiles/main.dir/home/raven/pico/pico-sdk/src/rp2_common/hardware_flash/flash.c.obj
 .time_critical.flash_do_cmd
                0x200003a0       0xc0 CMakeFiles/main.dir/home/raven/pico/pico-sdk/src/rp2_common/hardware_flash/flash.c.obj
                0x200003a0                flash_do_cmd
 .time_critical.spi_irq_handler_0
                0x20000460       0x44 CMakeFiles/main.dir/lib/no-OS-FatFS-SD-SPI-RPi-Pico/FatFs_SPI/sd_driver/spi.c.obj
 .time_critical.spi_irq_handler_1
                0x200004a4       0x44 CMakeFiles/main.dir/lib/no-OS-FatFS-SD-SPI-RPi-Pico/FatFs_SPI/sd_driver/spi.c.obj
 .time_critical.spi_transfer
                0x200004e8       0xd0 CMakeFiles/main.dir/lib/no-OS-FatFS-SD-SPI-RPi-Pico/FatFs_SPI/sd_driver/spi.c.obj
                0x200004e8                spi_transfer
 .time_critical.spi_write_blocking
                0x200005b8       0x4c CMakeFiles/main.dir/home/raven/pico/pico-sdk/src/rp2_common/hardware_spi/spi.c.obj
                0x200005b8                spi_write_blocking
 *(.text*)
 .text          0x20000604        0x4 /usr/lib/gcc/arm-none-eabi/13.2.1/thumb/v6-m/nofp/libgcc.a(_dvmd_tls.o)
                0x20000604                __aeabi_ldiv0